******************************************************************************
               TMS320C6x Linker PC v8.3.8                      
******************************************************************************
>> Linked Thu Nov 21 13:36:53 2024

OUTPUT FILE NAME:   <BaseProject.out>
ENTRY POINT SYMBOL: "_c_int00"  address: 11801580


MEMORY CONFIGURATION

         name            origin    length      used     unused   attr    fill
----------------------  --------  ---------  --------  --------  ----  --------
  VECTORS               11800000   00000200  00000200  00000000  RWIX
  DSPRAM                11800200   0003fe00  00001958  0003e4a8  RWIX
  SHAREDRAM             80000000   00020000  00000000  00020000  RWIX
  SDRAM                 c0000000   08000000  00000000  08000000  RWIX


SEGMENT ALLOCATION MAP

run origin  load origin   length   init length attrs members
----------  ----------- ---------- ----------- ----- -------
11800000    11800000    00001700   00001700    r-x
  11800000    11800000    00000200   00000200    r-x vectors
  11800200    11800200    00001500   00001500    r-x .text
11801700    11801700    00000400   00000000    rw-
  11801700    11801700    00000400   00000000    rw- .stack
11801b00    11801b00    00000018   00000018    r--
  11801b00    11801b00    00000018   00000018    r-- .switch
11801b18    11801b18    00000010   00000000    rw-
  11801b18    11801b18    0000000c   00000000    rw- .fardata
  11801b24    11801b24    00000004   00000000    rw- .neardata
11801b28    11801b28    00000030   00000030    r--
  11801b28    11801b28    00000030   00000030    r-- .cinit


SECTION ALLOCATION MAP

 output                                  attributes/
section   page    origin      length       input sections
--------  ----  ----------  ----------   ----------------
vectors    0    11800000    00000200     
                  11800000    00000200     vectors.obj (vectors)

.neardata 
*          0    11801b24    00000004     UNINITIALIZED
                  11801b24    00000004     LCDK_Support_DSP.obj (.neardata)

.cinit     0    11801b28    00000030     
                  11801b28    0000000d     (.cinit..fardata.load) [load image, compression = rle]
                  11801b35    00000009     (.cinit..neardata.load) [load image, compression = rle]
                  11801b3e    00000002     --HOLE-- [fill = 0]
                  11801b40    00000008     (__TI_handler_table)
                  11801b48    00000010     (__TI_cinit_table)

.stack     0    11801700    00000400     UNINITIALIZED
                  11801700    00000008     rts6740_elf.lib : boot.c.obj (.stack)
                  11801708    000003f8     --HOLE--

.text      0    11800200    00001500     
                  11800200    00000de0     LCDK_Support_DSP.obj (.text)
                  11800fe0    00000100     rts6740_elf.lib : copy_decompress_rle.c.obj (.text:__TI_decompress_rle_core)
                  118010e0    000000e0                     : exit.c.obj (.text:exit)
                  118011c0    000000e0                     : memset.c.obj (.text:memset)
                  118012a0    000000c0                     : autoinit.c.obj (.text:__TI_auto_init_nobinit_nopinit:__TI_auto_init_nobinit_nopinit)
                  11801360    000000c0                     : divu.asm.obj (.text:__divu)
                  11801420    000000c0                     : tls.c.obj (.text:tls:init:__TI_tls_init)
                  118014e0    000000a0                     : memcpy64.asm.obj (.text:memcpy)
                  11801580    00000080                     : boot.c.obj (.text:_c_int00)
                  11801600    00000040                     : args_main.c.obj (.text:_args_main)
                  11801640    00000020                     : startup.c.obj (.text:_system_post_cinit)
                  11801660    00000020                     : pre_init.c.obj (.text:_system_pre_init)
                  11801680    00000020                     : exit.c.obj (.text:abort)
                  118016a0    00000020                     : copy_decompress_none.c.obj (.text:decompress:none:__TI_decompress_none)
                  118016c0    00000020                     : copy_decompress_rle.c.obj (.text:decompress:rle24:__TI_decompress_rle24)
                  118016e0    00000020     main.obj (.text)

.switch    0    11801b00    00000018     
                  11801b00    00000018     LCDK_Support_DSP.obj (.switch:SetSampleRate_AIC3106)

.fardata   0    11801b18    0000000c     UNINITIALIZED
                  11801b18    0000000c     rts6740_elf.lib : exit.c.obj (.fardata)

MODULE SUMMARY

       Module                       code   ro data   rw data
       ------                       ----   -------   -------
    .\
       LCDK_Support_DSP.obj         3552   24        4      
       vectors.obj                  512    0         0      
       main.obj                     32     0         0      
    +--+----------------------------+------+---------+---------+
       Total:                       4096   24        4      
                                                            
    C:/ProgramData/App-V/883E8076-D99D-4911-93C4-940332A6BE1F/BFE39798-EFFD-4CAF-929B-E5A85FC35347/Root/ccs/tools/compiler/ti-cgt-c6000_8.3.8/lib/rts6740_elf.lib
       copy_decompress_rle.c.obj    288    0         0      
       exit.c.obj                   256    0         12     
       memset.c.obj                 224    0         0      
       autoinit.c.obj               192    0         0      
       divu.asm.obj                 192    0         0      
       tls.c.obj                    192    0         0      
       memcpy64.asm.obj             160    0         0      
       boot.c.obj                   128    0         0      
       args_main.c.obj              64     0         0      
       copy_decompress_none.c.obj   32     0         0      
       pre_init.c.obj               32     0         0      
       startup.c.obj                32     0         0      
    +--+----------------------------+------+---------+---------+
       Total:                       1792   0         12     
                                                            
       Stack:                       0      0         1024   
       Linker Generated:            0      46        0      
    +--+----------------------------+------+---------+---------+
       Grand Total:                 5888   70        1040   


LINKER GENERATED COPY TABLES

__TI_cinit_table @ 11801b48 records: 2, size/record: 8, table size: 16
	.fardata: load addr=11801b28, load size=0000000d bytes, run addr=11801b18, run size=0000000c bytes, compression=rle
	.neardata: load addr=11801b35, load size=00000009 bytes, run addr=11801b24, run size=00000004 bytes, compression=rle


LINKER GENERATED HANDLER TABLE

__TI_handler_table @ 11801b40 records: 2, size/record: 4, table size: 8
	index: 0, handler: __TI_decompress_rle24
	index: 1, handler: __TI_decompress_none


GLOBAL SYMBOLS: SORTED ALPHABETICALLY BY Name 

address   name                           
-------   ----                           
118008f8  AIC3106_write_reg              
11801680  C$$EXIT                        
11800694  CheckForOverrun                
UNDEFED   Codec_ISR                      
1180020c  DSP_Init                       
1180022c  DSP_Init_EDMA                  
1180042c  EnableInterrupts               
11800484  EnableInterrupts_EDMA          
11800200  GetSampleFreq                  
118003c4  InitDigitalOutputs             
1180024c  InitLEDs                       
118006c0  Init_AIC3106                   
118004f4  Init_I2C                       
118003f0  Init_Interrupts                
1180046c  Init_Interrupts_EDMA           
11800ab4  Init_McASP0                    
11800e34  Init_UART2                     
11800f70  IsDataReady_UART2              
11800fa0  IsTxReady_UART2                
11800f0c  Puts_UART2                     
1180064c  ReadCodecData                  
118003a8  ReadSwitches                   
11800f4c  Read_UART2                     
11800938  Reset_AIC3106                  
11800544  Reset_I2C                      
11800964  SetSampleRate_AIC3106          
UNDEFED   StartUp                        
1180066c  WriteCodecData                 
118003d0  WriteDigitalOutputs            
118002c0  WriteLEDs                      
11800568  Write_I2C                      
11800ee0  Write_UART2                    
11801b48  __TI_CINIT_Base                
11801b58  __TI_CINIT_Limit               
11801b40  __TI_Handler_Table_Base        
11801b48  __TI_Handler_Table_Limit       
11801b00  __TI_STACK_END                 
00000400  __TI_STACK_SIZE                
11801b24  __TI_STATIC_BASE               
UNDEFED   __TI_TLS_INIT_Base             
UNDEFED   __TI_TLS_INIT_Limit            
118012a0  __TI_auto_init_nobinit_nopinit 
11801b18  __TI_cleanup_ptr               
118016a0  __TI_decompress_none           
118016c0  __TI_decompress_rle24          
11801b1c  __TI_dtors_ptr                 
11801b20  __TI_enable_exit_profile_output
ffffffff  __TI_pprof_out_hndl            
ffffffff  __TI_prof_data_size            
ffffffff  __TI_prof_data_start           
11801420  __TI_tls_init                  
ffffffff  __binit__                      
11801360  __c6xabi_divu                  
ffffffff  __c_args__                     
11801360  __divu                         
11801600  _args_main                     
11801580  _c_int00                       
11801700  _stack                         
11801640  _system_post_cinit             
11801660  _system_pre_init               
11801680  abort                          
ffffffff  binit                          
118010e0  exit                           
118016e0  main                           
118014e0  memcpy                         
118011c0  memset                         
118004c4  wait                           


GLOBAL SYMBOLS: SORTED BY Symbol Address 

address   name                           
-------   ----                           
00000400  __TI_STACK_SIZE                
11800200  GetSampleFreq                  
1180020c  DSP_Init                       
1180022c  DSP_Init_EDMA                  
1180024c  InitLEDs                       
118002c0  WriteLEDs                      
118003a8  ReadSwitches                   
118003c4  InitDigitalOutputs             
118003d0  WriteDigitalOutputs            
118003f0  Init_Interrupts                
1180042c  EnableInterrupts               
1180046c  Init_Interrupts_EDMA           
11800484  EnableInterrupts_EDMA          
118004c4  wait                           
118004f4  Init_I2C                       
11800544  Reset_I2C                      
11800568  Write_I2C                      
1180064c  ReadCodecData                  
1180066c  WriteCodecData                 
11800694  CheckForOverrun                
118006c0  Init_AIC3106                   
118008f8  AIC3106_write_reg              
11800938  Reset_AIC3106                  
11800964  SetSampleRate_AIC3106          
11800ab4  Init_McASP0                    
11800e34  Init_UART2                     
11800ee0  Write_UART2                    
11800f0c  Puts_UART2                     
11800f4c  Read_UART2                     
11800f70  IsDataReady_UART2              
11800fa0  IsTxReady_UART2                
118010e0  exit                           
118011c0  memset                         
118012a0  __TI_auto_init_nobinit_nopinit 
11801360  __c6xabi_divu                  
11801360  __divu                         
11801420  __TI_tls_init                  
118014e0  memcpy                         
11801580  _c_int00                       
11801600  _args_main                     
11801640  _system_post_cinit             
11801660  _system_pre_init               
11801680  C$$EXIT                        
11801680  abort                          
118016a0  __TI_decompress_none           
118016c0  __TI_decompress_rle24          
118016e0  main                           
11801700  _stack                         
11801b00  __TI_STACK_END                 
11801b18  __TI_cleanup_ptr               
11801b1c  __TI_dtors_ptr                 
11801b20  __TI_enable_exit_profile_output
11801b24  __TI_STATIC_BASE               
11801b40  __TI_Handler_Table_Base        
11801b48  __TI_CINIT_Base                
11801b48  __TI_Handler_Table_Limit       
11801b58  __TI_CINIT_Limit               
ffffffff  __TI_pprof_out_hndl            
ffffffff  __TI_prof_data_size            
ffffffff  __TI_prof_data_start           
ffffffff  __binit__                      
ffffffff  __c_args__                     
ffffffff  binit                          
UNDEFED   Codec_ISR                      
UNDEFED   StartUp                        
UNDEFED   __TI_TLS_INIT_Base             
UNDEFED   __TI_TLS_INIT_Limit            

[67 symbols]
