<?xml version="1.0" encoding="ISO-8859-1" ?>
<link_info>
   <banner>TMS320C6x Linker PC v8.3.8</banner>
   <copyright>Copyright (c) 1996-2018 Texas Instruments Incorporated</copyright>
   <link_time>0x67520683</link_time>
   <link_errors>0x0</link_errors>
   <output_file>Chorus Effect.out</output_file>
   <entry_point>
      <name>_c_int00</name>
      <address>0x11802b00</address>
   </entry_point>
   <input_file_list>
      <input_file id="fl-2">
         <path>.\</path>
         <kind>object</kind>
         <file>ISRs_B.obj</file>
         <name>ISRs_B.obj</name>
      </input_file>
      <input_file id="fl-3">
         <path>.\</path>
         <kind>object</kind>
         <file>LCDK_Support_DSP.obj</file>
         <name>LCDK_Support_DSP.obj</name>
      </input_file>
      <input_file id="fl-4">
         <path>.\</path>
         <kind>object</kind>
         <file>StartUp.obj</file>
         <name>StartUp.obj</name>
      </input_file>
      <input_file id="fl-5">
         <path>.\</path>
         <kind>object</kind>
         <file>main.obj</file>
         <name>main.obj</name>
      </input_file>
      <input_file id="fl-6">
         <path>.\</path>
         <kind>object</kind>
         <file>vectors.obj</file>
         <name>vectors.obj</name>
      </input_file>
      <input_file id="fl-b">
         <kind>object</kind>
         <file>&lt;internal&gt;</file>
         <name>&lt;internal&gt;</name>
      </input_file>
      <input_file id="fl-c">
         <path>C:\ProgramData\App-V\883E8076-D99D-4911-93C4-940332A6BE1F\BFE39798-EFFD-4CAF-929B-E5A85FC35347\Root\ccs\tools\compiler\ti-cgt-c6000_8.3.8\lib\</path>
         <kind>archive</kind>
         <file>rts6740_elf.lib</file>
         <name>divu.asm.obj</name>
      </input_file>
      <input_file id="fl-d">
         <path>C:\ProgramData\App-V\883E8076-D99D-4911-93C4-940332A6BE1F\BFE39798-EFFD-4CAF-929B-E5A85FC35347\Root\ccs\tools\compiler\ti-cgt-c6000_8.3.8\lib\</path>
         <kind>archive</kind>
         <file>rts6740_elf.lib</file>
         <name>boot.c.obj</name>
      </input_file>
      <input_file id="fl-e">
         <path>C:\ProgramData\App-V\883E8076-D99D-4911-93C4-940332A6BE1F\BFE39798-EFFD-4CAF-929B-E5A85FC35347\Root\ccs\tools\compiler\ti-cgt-c6000_8.3.8\lib\</path>
         <kind>archive</kind>
         <file>rts6740_elf.lib</file>
         <name>autoinit.c.obj</name>
      </input_file>
      <input_file id="fl-f">
         <path>C:\ProgramData\App-V\883E8076-D99D-4911-93C4-940332A6BE1F\BFE39798-EFFD-4CAF-929B-E5A85FC35347\Root\ccs\tools\compiler\ti-cgt-c6000_8.3.8\lib\</path>
         <kind>archive</kind>
         <file>rts6740_elf.lib</file>
         <name>pre_init.c.obj</name>
      </input_file>
      <input_file id="fl-10">
         <path>C:\ProgramData\App-V\883E8076-D99D-4911-93C4-940332A6BE1F\BFE39798-EFFD-4CAF-929B-E5A85FC35347\Root\ccs\tools\compiler\ti-cgt-c6000_8.3.8\lib\</path>
         <kind>archive</kind>
         <file>rts6740_elf.lib</file>
         <name>startup.c.obj</name>
      </input_file>
      <input_file id="fl-11">
         <path>C:\ProgramData\App-V\883E8076-D99D-4911-93C4-940332A6BE1F\BFE39798-EFFD-4CAF-929B-E5A85FC35347\Root\ccs\tools\compiler\ti-cgt-c6000_8.3.8\lib\</path>
         <kind>archive</kind>
         <file>rts6740_elf.lib</file>
         <name>cpy_tbl.c.obj</name>
      </input_file>
      <input_file id="fl-12">
         <path>C:\ProgramData\App-V\883E8076-D99D-4911-93C4-940332A6BE1F\BFE39798-EFFD-4CAF-929B-E5A85FC35347\Root\ccs\tools\compiler\ti-cgt-c6000_8.3.8\lib\</path>
         <kind>archive</kind>
         <file>rts6740_elf.lib</file>
         <name>copy_zero_init.c.obj</name>
      </input_file>
      <input_file id="fl-13">
         <path>C:\ProgramData\App-V\883E8076-D99D-4911-93C4-940332A6BE1F\BFE39798-EFFD-4CAF-929B-E5A85FC35347\Root\ccs\tools\compiler\ti-cgt-c6000_8.3.8\lib\</path>
         <kind>archive</kind>
         <file>rts6740_elf.lib</file>
         <name>copy_decompress_none.c.obj</name>
      </input_file>
      <input_file id="fl-14">
         <path>C:\ProgramData\App-V\883E8076-D99D-4911-93C4-940332A6BE1F\BFE39798-EFFD-4CAF-929B-E5A85FC35347\Root\ccs\tools\compiler\ti-cgt-c6000_8.3.8\lib\</path>
         <kind>archive</kind>
         <file>rts6740_elf.lib</file>
         <name>copy_decompress_rle.c.obj</name>
      </input_file>
      <input_file id="fl-15">
         <path>C:\ProgramData\App-V\883E8076-D99D-4911-93C4-940332A6BE1F\BFE39798-EFFD-4CAF-929B-E5A85FC35347\Root\ccs\tools\compiler\ti-cgt-c6000_8.3.8\lib\</path>
         <kind>archive</kind>
         <file>rts6740_elf.lib</file>
         <name>cos.c.obj</name>
      </input_file>
      <input_file id="fl-16">
         <path>C:\ProgramData\App-V\883E8076-D99D-4911-93C4-940332A6BE1F\BFE39798-EFFD-4CAF-929B-E5A85FC35347\Root\ccs\tools\compiler\ti-cgt-c6000_8.3.8\lib\</path>
         <kind>archive</kind>
         <file>rts6740_elf.lib</file>
         <name>modf.c.obj</name>
      </input_file>
      <input_file id="fl-17">
         <path>C:\ProgramData\App-V\883E8076-D99D-4911-93C4-940332A6BE1F\BFE39798-EFFD-4CAF-929B-E5A85FC35347\Root\ccs\tools\compiler\ti-cgt-c6000_8.3.8\lib\</path>
         <kind>archive</kind>
         <file>rts6740_elf.lib</file>
         <name>round.c.obj</name>
      </input_file>
      <input_file id="fl-18">
         <path>C:\ProgramData\App-V\883E8076-D99D-4911-93C4-940332A6BE1F\BFE39798-EFFD-4CAF-929B-E5A85FC35347\Root\ccs\tools\compiler\ti-cgt-c6000_8.3.8\lib\</path>
         <kind>archive</kind>
         <file>rts6740_elf.lib</file>
         <name>trunc.c.obj</name>
      </input_file>
      <input_file id="fl-19">
         <path>C:\ProgramData\App-V\883E8076-D99D-4911-93C4-940332A6BE1F\BFE39798-EFFD-4CAF-929B-E5A85FC35347\Root\ccs\tools\compiler\ti-cgt-c6000_8.3.8\lib\</path>
         <kind>archive</kind>
         <file>rts6740_elf.lib</file>
         <name>divf.c.obj</name>
      </input_file>
      <input_file id="fl-1a">
         <path>C:\ProgramData\App-V\883E8076-D99D-4911-93C4-940332A6BE1F\BFE39798-EFFD-4CAF-929B-E5A85FC35347\Root\ccs\tools\compiler\ti-cgt-c6000_8.3.8\lib\</path>
         <kind>archive</kind>
         <file>rts6740_elf.lib</file>
         <name>divd.c.obj</name>
      </input_file>
      <input_file id="fl-1b">
         <path>C:\ProgramData\App-V\883E8076-D99D-4911-93C4-940332A6BE1F\BFE39798-EFFD-4CAF-929B-E5A85FC35347\Root\ccs\tools\compiler\ti-cgt-c6000_8.3.8\lib\</path>
         <kind>archive</kind>
         <file>rts6740_elf.lib</file>
         <name>frcmpyd_div.c.obj</name>
      </input_file>
      <input_file id="fl-1c">
         <path>C:\ProgramData\App-V\883E8076-D99D-4911-93C4-940332A6BE1F\BFE39798-EFFD-4CAF-929B-E5A85FC35347\Root\ccs\tools\compiler\ti-cgt-c6000_8.3.8\lib\</path>
         <kind>archive</kind>
         <file>rts6740_elf.lib</file>
         <name>tls.c.obj</name>
      </input_file>
      <input_file id="fl-1d">
         <path>C:\ProgramData\App-V\883E8076-D99D-4911-93C4-940332A6BE1F\BFE39798-EFFD-4CAF-929B-E5A85FC35347\Root\ccs\tools\compiler\ti-cgt-c6000_8.3.8\lib\</path>
         <kind>archive</kind>
         <file>rts6740_elf.lib</file>
         <name>exit.c.obj</name>
      </input_file>
      <input_file id="fl-1e">
         <path>C:\ProgramData\App-V\883E8076-D99D-4911-93C4-940332A6BE1F\BFE39798-EFFD-4CAF-929B-E5A85FC35347\Root\ccs\tools\compiler\ti-cgt-c6000_8.3.8\lib\</path>
         <kind>archive</kind>
         <file>rts6740_elf.lib</file>
         <name>args_main.c.obj</name>
      </input_file>
      <input_file id="fl-1f">
         <path>C:\ProgramData\App-V\883E8076-D99D-4911-93C4-940332A6BE1F\BFE39798-EFFD-4CAF-929B-E5A85FC35347\Root\ccs\tools\compiler\ti-cgt-c6000_8.3.8\lib\</path>
         <kind>archive</kind>
         <file>rts6740_elf.lib</file>
         <name>tls_get_tp.asm.obj</name>
      </input_file>
      <input_file id="fl-20">
         <path>C:\ProgramData\App-V\883E8076-D99D-4911-93C4-940332A6BE1F\BFE39798-EFFD-4CAF-929B-E5A85FC35347\Root\ccs\tools\compiler\ti-cgt-c6000_8.3.8\lib\</path>
         <kind>archive</kind>
         <file>rts6740_elf.lib</file>
         <name>memcpy64.asm.obj</name>
      </input_file>
      <input_file id="fl-21">
         <path>C:\ProgramData\App-V\883E8076-D99D-4911-93C4-940332A6BE1F\BFE39798-EFFD-4CAF-929B-E5A85FC35347\Root\ccs\tools\compiler\ti-cgt-c6000_8.3.8\lib\</path>
         <kind>archive</kind>
         <file>rts6740_elf.lib</file>
         <name>llshift.c.obj</name>
      </input_file>
      <input_file id="fl-22">
         <path>C:\ProgramData\App-V\883E8076-D99D-4911-93C4-940332A6BE1F\BFE39798-EFFD-4CAF-929B-E5A85FC35347\Root\ccs\tools\compiler\ti-cgt-c6000_8.3.8\lib\</path>
         <kind>archive</kind>
         <file>rts6740_elf.lib</file>
         <name>memset.c.obj</name>
      </input_file>
   </input_file_list>
   <object_component_list>
      <object_component id="oc-20">
         <name>vectors</name>
         <load_address>0x11800000</load_address>
         <run_address>0x11800000</run_address>
         <size>0x200</size>
         <input_file_ref idref="fl-6"/>
      </object_component>
      <object_component id="oc-7d">
         <name>.neardata</name>
         <load_address>0x1180318c</load_address>
         <run_address>0x1180318c</run_address>
         <size>0x24</size>
         <input_file_ref idref="fl-2"/>
      </object_component>
      <object_component id="oc-f1">
         <name>.neardata</name>
         <load_address>0x118031b0</load_address>
         <run_address>0x118031b0</run_address>
         <size>0x4</size>
         <input_file_ref idref="fl-3"/>
      </object_component>
      <object_component id="oc-7b">
         <name>.common:xLeft</name>
         <uninitialized>true</uninitialized>
         <run_address>0x118031cc</run_address>
         <size>0x4</size>
      </object_component>
      <object_component id="oc-7c">
         <name>.common:xRight</name>
         <uninitialized>true</uninitialized>
         <run_address>0x118031d0</run_address>
         <size>0x4</size>
      </object_component>
      <object_component id="oc-86">
         <name>.common:yLeft</name>
         <uninitialized>true</uninitialized>
         <run_address>0x118031d4</run_address>
         <size>0x4</size>
      </object_component>
      <object_component id="oc-231">
         <name>.cinit..fardata.load</name>
         <load_address>0x118031e0</load_address>
         <run_address>0x118031e0</run_address>
         <size>0x49</size>
      </object_component>
      <object_component id="oc-22e">
         <name>.cinit..neardata.load</name>
         <load_address>0x11803229</load_address>
         <run_address>0x11803229</run_address>
         <size>0x16</size>
      </object_component>
      <object_component id="oc-232">
         <name>.cinit.CE0.load</name>
         <load_address>0x1180323f</load_address>
         <run_address>0x1180323f</run_address>
         <size>0xd</size>
      </object_component>
      <object_component id="oc-22f">
         <name>.cinit..bss.load</name>
         <load_address>0x1180324c</load_address>
         <run_address>0x1180324c</run_address>
         <size>0x9</size>
      </object_component>
      <object_component id="oc-230">
         <name>.cinit..far.load</name>
         <load_address>0x11803255</load_address>
         <run_address>0x11803255</run_address>
         <size>0x9</size>
      </object_component>
      <object_component id="oc-22c">
         <name>__TI_handler_table</name>
         <load_address>0x11803260</load_address>
         <run_address>0x11803260</run_address>
         <size>0x8</size>
      </object_component>
      <object_component id="oc-22d">
         <name>__TI_cinit_table</name>
         <load_address>0x11803268</load_address>
         <run_address>0x11803268</run_address>
         <size>0x28</size>
      </object_component>
      <object_component id="oc-30">
         <name>.stack</name>
         <uninitialized>true</uninitialized>
         <run_address>0x11802d40</run_address>
         <size>0x8</size>
         <input_file_ref idref="fl-d"/>
      </object_component>
      <object_component id="oc-233">
         <name>.stack</name>
         <uninitialized>true</uninitialized>
         <run_address>0x11802d40</run_address>
         <size>0x0</size>
      </object_component>
      <object_component id="oc-6c">
         <name>.text</name>
         <load_address>0x11800200</load_address>
         <run_address>0x11800200</run_address>
         <size>0xde0</size>
         <input_file_ref idref="fl-3"/>
      </object_component>
      <object_component id="oc-187">
         <name>.text:__c6xabi_divd</name>
         <load_address>0x11800fe0</load_address>
         <run_address>0x11800fe0</run_address>
         <size>0x5e0</size>
         <input_file_ref idref="fl-1a"/>
      </object_component>
      <object_component id="oc-2a">
         <name>.text:retain</name>
         <load_address>0x118015c0</load_address>
         <run_address>0x118015c0</run_address>
         <size>0x480</size>
         <input_file_ref idref="fl-2"/>
      </object_component>
      <object_component id="oc-12b">
         <name>.text</name>
         <load_address>0x11801a40</load_address>
         <run_address>0x11801a40</run_address>
         <size>0x320</size>
         <input_file_ref idref="fl-4"/>
      </object_component>
      <object_component id="oc-181">
         <name>.text:cos</name>
         <load_address>0x11801d60</load_address>
         <run_address>0x11801d60</run_address>
         <size>0x320</size>
         <input_file_ref idref="fl-15"/>
      </object_component>
      <object_component id="oc-17b">
         <name>.text:__c6xabi_divf</name>
         <load_address>0x11802080</load_address>
         <run_address>0x11802080</run_address>
         <size>0x280</size>
         <input_file_ref idref="fl-19"/>
      </object_component>
      <object_component id="oc-175">
         <name>.text</name>
         <load_address>0x11802300</load_address>
         <run_address>0x11802300</run_address>
         <size>0x100</size>
         <input_file_ref idref="fl-2"/>
      </object_component>
      <object_component id="oc-3f">
         <name>.text:__TI_decompress_rle_core</name>
         <load_address>0x11802400</load_address>
         <run_address>0x11802400</run_address>
         <size>0x100</size>
         <input_file_ref idref="fl-14"/>
      </object_component>
      <object_component id="oc-5d">
         <name>.text:exit</name>
         <load_address>0x11802500</load_address>
         <run_address>0x11802500</run_address>
         <size>0xe0</size>
         <input_file_ref idref="fl-1d"/>
      </object_component>
      <object_component id="oc-99">
         <name>.text:memset</name>
         <load_address>0x118025e0</load_address>
         <run_address>0x118025e0</run_address>
         <size>0xe0</size>
         <input_file_ref idref="fl-22"/>
      </object_component>
      <object_component id="oc-c1">
         <name>.text:__TI_auto_init_nobinit_nopinit:__TI_auto_init_nobinit_nopinit</name>
         <load_address>0x118026c0</load_address>
         <run_address>0x118026c0</run_address>
         <size>0xc0</size>
         <input_file_ref idref="fl-e"/>
      </object_component>
      <object_component id="oc-f5">
         <name>.text:__divu</name>
         <load_address>0x11802780</load_address>
         <run_address>0x11802780</run_address>
         <size>0xc0</size>
         <input_file_ref idref="fl-c"/>
      </object_component>
      <object_component id="oc-101">
         <name>.text:modf</name>
         <load_address>0x11802840</load_address>
         <run_address>0x11802840</run_address>
         <size>0xc0</size>
         <input_file_ref idref="fl-16"/>
      </object_component>
      <object_component id="oc-144">
         <name>.text:tls:init:__TI_tls_init</name>
         <load_address>0x11802900</load_address>
         <run_address>0x11802900</run_address>
         <size>0xc0</size>
         <input_file_ref idref="fl-1c"/>
      </object_component>
      <object_component id="oc-72">
         <name>.text:__c6xabi_nround</name>
         <load_address>0x118029c0</load_address>
         <run_address>0x118029c0</run_address>
         <size>0xa0</size>
         <input_file_ref idref="fl-17"/>
      </object_component>
      <object_component id="oc-33">
         <name>.text:memcpy</name>
         <load_address>0x11802a60</load_address>
         <run_address>0x11802a60</run_address>
         <size>0xa0</size>
         <input_file_ref idref="fl-20"/>
      </object_component>
      <object_component id="oc-1f">
         <name>.text:_c_int00</name>
         <load_address>0x11802b00</load_address>
         <run_address>0x11802b00</run_address>
         <size>0x80</size>
         <input_file_ref idref="fl-d"/>
      </object_component>
      <object_component id="oc-1b2">
         <name>.text:__c6xabi_llshru</name>
         <load_address>0x11802b80</load_address>
         <run_address>0x11802b80</run_address>
         <size>0x60</size>
         <input_file_ref idref="fl-21"/>
      </object_component>
      <object_component id="oc-1b8">
         <name>.text:__TI_frcmpyd_div</name>
         <load_address>0x11802be0</load_address>
         <run_address>0x11802be0</run_address>
         <size>0x40</size>
         <input_file_ref idref="fl-1b"/>
      </object_component>
      <object_component id="oc-57">
         <name>.text:_args_main</name>
         <load_address>0x11802c20</load_address>
         <run_address>0x11802c20</run_address>
         <size>0x40</size>
         <input_file_ref idref="fl-1e"/>
      </object_component>
      <object_component id="oc-1aa">
         <name>.text:__c6xabi_trunc</name>
         <load_address>0x11802c60</load_address>
         <run_address>0x11802c60</run_address>
         <size>0x20</size>
         <input_file_ref idref="fl-18"/>
      </object_component>
      <object_component id="oc-13e">
         <name>.text:_system_post_cinit</name>
         <load_address>0x11802c80</load_address>
         <run_address>0x11802c80</run_address>
         <size>0x20</size>
         <input_file_ref idref="fl-10"/>
      </object_component>
      <object_component id="oc-63">
         <name>.text:_system_pre_init</name>
         <load_address>0x11802ca0</load_address>
         <run_address>0x11802ca0</run_address>
         <size>0x20</size>
         <input_file_ref idref="fl-f"/>
      </object_component>
      <object_component id="oc-b8">
         <name>.text:abort</name>
         <load_address>0x11802cc0</load_address>
         <run_address>0x11802cc0</run_address>
         <size>0x20</size>
         <input_file_ref idref="fl-1d"/>
      </object_component>
      <object_component id="oc-12">
         <name>.text:decompress:none:__TI_decompress_none</name>
         <load_address>0x11802ce0</load_address>
         <run_address>0x11802ce0</run_address>
         <size>0x20</size>
         <input_file_ref idref="fl-13"/>
      </object_component>
      <object_component id="oc-18">
         <name>.text:decompress:rle24:__TI_decompress_rle24</name>
         <load_address>0x11802d00</load_address>
         <run_address>0x11802d00</run_address>
         <size>0x20</size>
         <input_file_ref idref="fl-14"/>
      </object_component>
      <object_component id="oc-ad">
         <name>.text</name>
         <load_address>0x11802d20</load_address>
         <run_address>0x11802d20</run_address>
         <size>0x20</size>
         <input_file_ref idref="fl-5"/>
      </object_component>
      <object_component id="oc-f4">
         <name>.switch:SetSampleRate_AIC3106</name>
         <load_address>0x118031b4</load_address>
         <run_address>0x118031b4</run_address>
         <size>0x18</size>
         <input_file_ref idref="fl-3"/>
      </object_component>
      <object_component id="oc-78">
         <name>.common:CodecDataIn</name>
         <uninitialized>true</uninitialized>
         <run_address>0x118031d8</run_address>
         <size>0x4</size>
      </object_component>
      <object_component id="oc-87">
         <name>.common:CodecDataOut</name>
         <uninitialized>true</uninitialized>
         <run_address>0x118031dc</run_address>
         <size>0x4</size>
      </object_component>
      <object_component id="oc-1a9">
         <name>.fardata:R$1</name>
         <load_address>0x11803140</load_address>
         <run_address>0x11803140</run_address>
         <size>0x40</size>
         <input_file_ref idref="fl-15"/>
      </object_component>
      <object_component id="oc-b5">
         <name>.fardata</name>
         <load_address>0x11803180</load_address>
         <run_address>0x11803180</run_address>
         <size>0xc</size>
         <input_file_ref idref="fl-1d"/>
      </object_component>
      <object_component id="oc-80">
         <name>CE0</name>
         <uninitialized>true</uninitialized>
         <run_address>0xc00494f8</run_address>
         <size>0x71a0</size>
         <input_file_ref idref="fl-2"/>
      </object_component>
      <object_component id="oc-83">
         <name>CE0</name>
         <uninitialized>true</uninitialized>
         <run_address>0xc0000000</run_address>
         <size>0x494f8</size>
         <input_file_ref idref="fl-4"/>
      </object_component>
      <object_component id="oc-79">
         <name>.debug_info</name>
         <load_address>0x0</load_address>
         <run_address>0x0</run_address>
         <size>0x806</size>
         <input_file_ref idref="fl-2"/>
      </object_component>
      <object_component id="oc-7e">
         <name>.debug_info</name>
         <load_address>0x806</load_address>
         <run_address>0x806</run_address>
         <size>0x18b</size>
         <input_file_ref idref="fl-2"/>
      </object_component>
      <object_component id="oc-81">
         <name>.debug_info</name>
         <load_address>0x991</load_address>
         <run_address>0x991</run_address>
         <size>0xe7</size>
         <input_file_ref idref="fl-2"/>
      </object_component>
      <object_component id="oc-178">
         <name>.debug_info</name>
         <load_address>0xa78</load_address>
         <run_address>0xa78</run_address>
         <size>0xeb</size>
         <input_file_ref idref="fl-2"/>
      </object_component>
      <object_component id="oc-2d">
         <name>.debug_info</name>
         <load_address>0xb63</load_address>
         <run_address>0xb63</run_address>
         <size>0x224</size>
         <input_file_ref idref="fl-2"/>
      </object_component>
      <object_component id="oc-163">
         <name>.debug_info</name>
         <load_address>0xd87</load_address>
         <run_address>0xd87</run_address>
         <size>0x99d</size>
         <input_file_ref idref="fl-2"/>
      </object_component>
      <object_component id="oc-10e">
         <name>.debug_info</name>
         <load_address>0x1724</load_address>
         <run_address>0x1724</run_address>
         <size>0x26b</size>
         <input_file_ref idref="fl-2"/>
      </object_component>
      <object_component id="oc-10a">
         <name>.debug_info</name>
         <load_address>0x198f</load_address>
         <run_address>0x198f</run_address>
         <size>0x51</size>
         <input_file_ref idref="fl-2"/>
      </object_component>
      <object_component id="oc-89">
         <name>.debug_info</name>
         <load_address>0x19e0</load_address>
         <run_address>0x19e0</run_address>
         <size>0xc0</size>
         <input_file_ref idref="fl-2"/>
      </object_component>
      <object_component id="oc-fb">
         <name>.debug_info</name>
         <load_address>0x1aa0</load_address>
         <run_address>0x1aa0</run_address>
         <size>0xbb</size>
         <input_file_ref idref="fl-2"/>
      </object_component>
      <object_component id="oc-16a">
         <name>.debug_info</name>
         <load_address>0x1b5b</load_address>
         <run_address>0x1b5b</run_address>
         <size>0x275</size>
         <input_file_ref idref="fl-2"/>
      </object_component>
      <object_component id="oc-100">
         <name>.debug_info</name>
         <load_address>0x1dd0</load_address>
         <run_address>0x1dd0</run_address>
         <size>0x5e3</size>
         <input_file_ref idref="fl-3"/>
      </object_component>
      <object_component id="oc-f2">
         <name>.debug_info</name>
         <load_address>0x23b3</load_address>
         <run_address>0x23b3</run_address>
         <size>0xba</size>
         <input_file_ref idref="fl-3"/>
      </object_component>
      <object_component id="oc-6d">
         <name>.debug_info</name>
         <load_address>0x246d</load_address>
         <run_address>0x246d</run_address>
         <size>0x1568</size>
         <input_file_ref idref="fl-3"/>
      </object_component>
      <object_component id="oc-119">
         <name>.debug_info</name>
         <load_address>0x39d5</load_address>
         <run_address>0x39d5</run_address>
         <size>0x614</size>
         <input_file_ref idref="fl-4"/>
      </object_component>
      <object_component id="oc-84">
         <name>.debug_info</name>
         <load_address>0x3fe9</load_address>
         <run_address>0x3fe9</run_address>
         <size>0xdc</size>
         <input_file_ref idref="fl-4"/>
      </object_component>
      <object_component id="oc-12e">
         <name>.debug_info</name>
         <load_address>0x40c5</load_address>
         <run_address>0x40c5</run_address>
         <size>0x21d</size>
         <input_file_ref idref="fl-4"/>
      </object_component>
      <object_component id="oc-ae">
         <name>.debug_info</name>
         <load_address>0x42e2</load_address>
         <run_address>0x42e2</run_address>
         <size>0xe8</size>
         <input_file_ref idref="fl-5"/>
      </object_component>
      <object_component id="oc-22">
         <name>.debug_info</name>
         <load_address>0x43ca</load_address>
         <run_address>0x43ca</run_address>
         <size>0xb8</size>
         <input_file_ref idref="fl-6"/>
      </object_component>
      <object_component id="oc-f6">
         <name>.debug_info</name>
         <load_address>0x4482</load_address>
         <run_address>0x4482</run_address>
         <size>0x114</size>
         <input_file_ref idref="fl-c"/>
      </object_component>
      <object_component id="oc-90">
         <name>.debug_info</name>
         <load_address>0x4596</load_address>
         <run_address>0x4596</run_address>
         <size>0x5de</size>
         <input_file_ref idref="fl-d"/>
      </object_component>
      <object_component id="oc-31">
         <name>.debug_info</name>
         <load_address>0x4b74</load_address>
         <run_address>0x4b74</run_address>
         <size>0xf5</size>
         <input_file_ref idref="fl-d"/>
      </object_component>
      <object_component id="oc-28">
         <name>.debug_info</name>
         <load_address>0x4c69</load_address>
         <run_address>0x4c69</run_address>
         <size>0x182</size>
         <input_file_ref idref="fl-d"/>
      </object_component>
      <object_component id="oc-14b">
         <name>.debug_info</name>
         <load_address>0x4deb</load_address>
         <run_address>0x4deb</run_address>
         <size>0x7c3</size>
         <input_file_ref idref="fl-e"/>
      </object_component>
      <object_component id="oc-c5">
         <name>.debug_info</name>
         <load_address>0x55ae</load_address>
         <run_address>0x55ae</run_address>
         <size>0x1af</size>
         <input_file_ref idref="fl-e"/>
      </object_component>
      <object_component id="oc-193">
         <name>.debug_info</name>
         <load_address>0x575d</load_address>
         <run_address>0x575d</run_address>
         <size>0x39</size>
         <input_file_ref idref="fl-e"/>
      </object_component>
      <object_component id="oc-19f">
         <name>.debug_info</name>
         <load_address>0x5796</load_address>
         <run_address>0x5796</run_address>
         <size>0x39</size>
         <input_file_ref idref="fl-e"/>
      </object_component>
      <object_component id="oc-156">
         <name>.debug_info</name>
         <load_address>0x57cf</load_address>
         <run_address>0x57cf</run_address>
         <size>0x39</size>
         <input_file_ref idref="fl-e"/>
      </object_component>
      <object_component id="oc-198">
         <name>.debug_info</name>
         <load_address>0x5808</load_address>
         <run_address>0x5808</run_address>
         <size>0xcd</size>
         <input_file_ref idref="fl-e"/>
      </object_component>
      <object_component id="oc-66">
         <name>.debug_info</name>
         <load_address>0x58d5</load_address>
         <run_address>0x58d5</run_address>
         <size>0x148</size>
         <input_file_ref idref="fl-f"/>
      </object_component>
      <object_component id="oc-141">
         <name>.debug_info</name>
         <load_address>0x5a1d</load_address>
         <run_address>0x5a1d</run_address>
         <size>0x145</size>
         <input_file_ref idref="fl-10"/>
      </object_component>
      <object_component id="oc-11e">
         <name>.debug_info</name>
         <load_address>0x5b62</load_address>
         <run_address>0x5b62</run_address>
         <size>0x2c</size>
         <input_file_ref idref="fl-12"/>
      </object_component>
      <object_component id="oc-3e">
         <name>.debug_info</name>
         <load_address>0x5b8e</load_address>
         <run_address>0x5b8e</run_address>
         <size>0x56c</size>
         <input_file_ref idref="fl-13"/>
      </object_component>
      <object_component id="oc-15">
         <name>.debug_info</name>
         <load_address>0x60fa</load_address>
         <run_address>0x60fa</run_address>
         <size>0x1cc</size>
         <input_file_ref idref="fl-13"/>
      </object_component>
      <object_component id="oc-39">
         <name>.debug_info</name>
         <load_address>0x62c6</load_address>
         <run_address>0x62c6</run_address>
         <size>0x46</size>
         <input_file_ref idref="fl-13"/>
      </object_component>
      <object_component id="oc-92">
         <name>.debug_info</name>
         <load_address>0x630c</load_address>
         <run_address>0x630c</run_address>
         <size>0x2c</size>
         <input_file_ref idref="fl-13"/>
      </object_component>
      <object_component id="oc-a0">
         <name>.debug_info</name>
         <load_address>0x6338</load_address>
         <run_address>0x6338</run_address>
         <size>0x59d</size>
         <input_file_ref idref="fl-14"/>
      </object_component>
      <object_component id="oc-40">
         <name>.debug_info</name>
         <load_address>0x68d5</load_address>
         <run_address>0x68d5</run_address>
         <size>0x254</size>
         <input_file_ref idref="fl-14"/>
      </object_component>
      <object_component id="oc-19">
         <name>.debug_info</name>
         <load_address>0x6b29</load_address>
         <run_address>0x6b29</run_address>
         <size>0x1b1</size>
         <input_file_ref idref="fl-14"/>
      </object_component>
      <object_component id="oc-46">
         <name>.debug_info</name>
         <load_address>0x6cda</load_address>
         <run_address>0x6cda</run_address>
         <size>0x46</size>
         <input_file_ref idref="fl-14"/>
      </object_component>
      <object_component id="oc-125">
         <name>.debug_info</name>
         <load_address>0x6d20</load_address>
         <run_address>0x6d20</run_address>
         <size>0x39</size>
         <input_file_ref idref="fl-14"/>
      </object_component>
      <object_component id="oc-a1">
         <name>.debug_info</name>
         <load_address>0x6d59</load_address>
         <run_address>0x6d59</run_address>
         <size>0x2c</size>
         <input_file_ref idref="fl-14"/>
      </object_component>
      <object_component id="oc-1b1">
         <name>.debug_info</name>
         <load_address>0x6d85</load_address>
         <run_address>0x6d85</run_address>
         <size>0x5e7</size>
         <input_file_ref idref="fl-15"/>
      </object_component>
      <object_component id="oc-185">
         <name>.debug_info</name>
         <load_address>0x736c</load_address>
         <run_address>0x736c</run_address>
         <size>0x20c</size>
         <input_file_ref idref="fl-15"/>
      </object_component>
      <object_component id="oc-169">
         <name>.debug_info</name>
         <load_address>0x7578</load_address>
         <run_address>0x7578</run_address>
         <size>0x556</size>
         <input_file_ref idref="fl-16"/>
      </object_component>
      <object_component id="oc-102">
         <name>.debug_info</name>
         <load_address>0x7ace</load_address>
         <run_address>0x7ace</run_address>
         <size>0x181</size>
         <input_file_ref idref="fl-16"/>
      </object_component>
      <object_component id="oc-73">
         <name>.debug_info</name>
         <load_address>0x7c4f</load_address>
         <run_address>0x7c4f</run_address>
         <size>0x16e</size>
         <input_file_ref idref="fl-17"/>
      </object_component>
      <object_component id="oc-1ab">
         <name>.debug_info</name>
         <load_address>0x7dbd</load_address>
         <run_address>0x7dbd</run_address>
         <size>0x15f</size>
         <input_file_ref idref="fl-18"/>
      </object_component>
      <object_component id="oc-1a8">
         <name>.debug_info</name>
         <load_address>0x7f1c</load_address>
         <run_address>0x7f1c</run_address>
         <size>0x6eb</size>
         <input_file_ref idref="fl-19"/>
      </object_component>
      <object_component id="oc-17e">
         <name>.debug_info</name>
         <load_address>0x8607</load_address>
         <run_address>0x8607</run_address>
         <size>0x191</size>
         <input_file_ref idref="fl-19"/>
      </object_component>
      <object_component id="oc-204">
         <name>.debug_info</name>
         <load_address>0x8798</load_address>
         <run_address>0x8798</run_address>
         <size>0x53</size>
         <input_file_ref idref="fl-19"/>
      </object_component>
      <object_component id="oc-1ee">
         <name>.debug_info</name>
         <load_address>0x87eb</load_address>
         <run_address>0x87eb</run_address>
         <size>0x2c</size>
         <input_file_ref idref="fl-19"/>
      </object_component>
      <object_component id="oc-189">
         <name>.debug_info</name>
         <load_address>0x8817</load_address>
         <run_address>0x8817</run_address>
         <size>0x245</size>
         <input_file_ref idref="fl-1a"/>
      </object_component>
      <object_component id="oc-1bf">
         <name>.debug_info</name>
         <load_address>0x8a5c</load_address>
         <run_address>0x8a5c</run_address>
         <size>0x7f</size>
         <input_file_ref idref="fl-1a"/>
      </object_component>
      <object_component id="oc-1f3">
         <name>.debug_info</name>
         <load_address>0x8adb</load_address>
         <run_address>0x8adb</run_address>
         <size>0x60</size>
         <input_file_ref idref="fl-1a"/>
      </object_component>
      <object_component id="oc-1c4">
         <name>.debug_info</name>
         <load_address>0x8b3b</load_address>
         <run_address>0x8b3b</run_address>
         <size>0x46</size>
         <input_file_ref idref="fl-1a"/>
      </object_component>
      <object_component id="oc-1bc">
         <name>.debug_info</name>
         <load_address>0x8b81</load_address>
         <run_address>0x8b81</run_address>
         <size>0x167</size>
         <input_file_ref idref="fl-1b"/>
      </object_component>
      <object_component id="oc-1f8">
         <name>.debug_info</name>
         <load_address>0x8ce8</load_address>
         <run_address>0x8ce8</run_address>
         <size>0x2c</size>
         <input_file_ref idref="fl-1b"/>
      </object_component>
      <object_component id="oc-1ff">
         <name>.debug_info</name>
         <load_address>0x8d14</load_address>
         <run_address>0x8d14</run_address>
         <size>0x2c</size>
         <input_file_ref idref="fl-1b"/>
      </object_component>
      <object_component id="oc-1e9">
         <name>.debug_info</name>
         <load_address>0x8d40</load_address>
         <run_address>0x8d40</run_address>
         <size>0x2c</size>
         <input_file_ref idref="fl-1b"/>
      </object_component>
      <object_component id="oc-190">
         <name>.debug_info</name>
         <load_address>0x8d6c</load_address>
         <run_address>0x8d6c</run_address>
         <size>0x6f9</size>
         <input_file_ref idref="fl-1c"/>
      </object_component>
      <object_component id="oc-146">
         <name>.debug_info</name>
         <load_address>0x9465</load_address>
         <run_address>0x9465</run_address>
         <size>0x20f</size>
         <input_file_ref idref="fl-1c"/>
      </object_component>
      <object_component id="oc-1cb">
         <name>.debug_info</name>
         <load_address>0x9674</load_address>
         <run_address>0x9674</run_address>
         <size>0x2c</size>
         <input_file_ref idref="fl-1c"/>
      </object_component>
      <object_component id="oc-1d0">
         <name>.debug_info</name>
         <load_address>0x96a0</load_address>
         <run_address>0x96a0</run_address>
         <size>0x39</size>
         <input_file_ref idref="fl-1c"/>
      </object_component>
      <object_component id="oc-bf">
         <name>.debug_info</name>
         <load_address>0x96d9</load_address>
         <run_address>0x96d9</run_address>
         <size>0x59b</size>
         <input_file_ref idref="fl-1d"/>
      </object_component>
      <object_component id="oc-b6">
         <name>.debug_info</name>
         <load_address>0x9c74</load_address>
         <run_address>0x9c74</run_address>
         <size>0x185</size>
         <input_file_ref idref="fl-1d"/>
      </object_component>
      <object_component id="oc-ba">
         <name>.debug_info</name>
         <load_address>0x9df9</load_address>
         <run_address>0x9df9</run_address>
         <size>0x117</size>
         <input_file_ref idref="fl-1d"/>
      </object_component>
      <object_component id="oc-5e">
         <name>.debug_info</name>
         <load_address>0x9f10</load_address>
         <run_address>0x9f10</run_address>
         <size>0x177</size>
         <input_file_ref idref="fl-1d"/>
      </object_component>
      <object_component id="oc-b4">
         <name>.debug_info</name>
         <load_address>0xa087</load_address>
         <run_address>0xa087</run_address>
         <size>0x5a8</size>
         <input_file_ref idref="fl-1e"/>
      </object_component>
      <object_component id="oc-58">
         <name>.debug_info</name>
         <load_address>0xa62f</load_address>
         <run_address>0xa62f</run_address>
         <size>0x167</size>
         <input_file_ref idref="fl-1e"/>
      </object_component>
      <object_component id="oc-134">
         <name>.debug_info</name>
         <load_address>0xa796</load_address>
         <run_address>0xa796</run_address>
         <size>0x5e</size>
         <input_file_ref idref="fl-1e"/>
      </object_component>
      <object_component id="oc-34">
         <name>.debug_info</name>
         <load_address>0xa7f4</load_address>
         <run_address>0xa7f4</run_address>
         <size>0x121</size>
         <input_file_ref idref="fl-20"/>
      </object_component>
      <object_component id="oc-1e7">
         <name>.debug_info</name>
         <load_address>0xa915</load_address>
         <run_address>0xa915</run_address>
         <size>0x553</size>
         <input_file_ref idref="fl-21"/>
      </object_component>
      <object_component id="oc-1b3">
         <name>.debug_info</name>
         <load_address>0xae68</load_address>
         <run_address>0xae68</run_address>
         <size>0x1a4</size>
         <input_file_ref idref="fl-21"/>
      </object_component>
      <object_component id="oc-1e2">
         <name>.debug_info</name>
         <load_address>0xb00c</load_address>
         <run_address>0xb00c</run_address>
         <size>0x39</size>
         <input_file_ref idref="fl-21"/>
      </object_component>
      <object_component id="oc-11d">
         <name>.debug_info</name>
         <load_address>0xb045</load_address>
         <run_address>0xb045</run_address>
         <size>0x563</size>
         <input_file_ref idref="fl-22"/>
      </object_component>
      <object_component id="oc-9b">
         <name>.debug_info</name>
         <load_address>0xb5a8</load_address>
         <run_address>0xb5a8</run_address>
         <size>0x229</size>
         <input_file_ref idref="fl-22"/>
      </object_component>
      <object_component id="oc-234">
         <name>.debug_info</name>
         <load_address>0xb7d1</load_address>
         <run_address>0xb7d1</run_address>
         <size>0x87</size>
      </object_component>
      <object_component id="oc-109">
         <name>.debug_line</name>
         <load_address>0x0</load_address>
         <run_address>0x0</run_address>
         <size>0xe4</size>
         <input_file_ref idref="fl-2"/>
      </object_component>
      <object_component id="oc-114">
         <name>.debug_line</name>
         <load_address>0xe4</load_address>
         <run_address>0xe4</run_address>
         <size>0x2f</size>
         <input_file_ref idref="fl-2"/>
      </object_component>
      <object_component id="oc-116">
         <name>.debug_line</name>
         <load_address>0x113</load_address>
         <run_address>0x113</run_address>
         <size>0x2f</size>
         <input_file_ref idref="fl-2"/>
      </object_component>
      <object_component id="oc-176">
         <name>.debug_line</name>
         <load_address>0x142</load_address>
         <run_address>0x142</run_address>
         <size>0x72</size>
         <input_file_ref idref="fl-2"/>
      </object_component>
      <object_component id="oc-2c">
         <name>.debug_line</name>
         <load_address>0x1b4</load_address>
         <run_address>0x1b4</run_address>
         <size>0xae</size>
         <input_file_ref idref="fl-2"/>
      </object_component>
      <object_component id="oc-165">
         <name>.debug_line</name>
         <load_address>0x262</load_address>
         <run_address>0x262</run_address>
         <size>0x39</size>
         <input_file_ref idref="fl-2"/>
      </object_component>
      <object_component id="oc-110">
         <name>.debug_line</name>
         <load_address>0x29b</load_address>
         <run_address>0x29b</run_address>
         <size>0xc2</size>
         <input_file_ref idref="fl-2"/>
      </object_component>
      <object_component id="oc-10b">
         <name>.debug_line</name>
         <load_address>0x35d</load_address>
         <run_address>0x35d</run_address>
         <size>0x2f</size>
         <input_file_ref idref="fl-2"/>
      </object_component>
      <object_component id="oc-8b">
         <name>.debug_line</name>
         <load_address>0x38c</load_address>
         <run_address>0x38c</run_address>
         <size>0x20</size>
         <input_file_ref idref="fl-2"/>
      </object_component>
      <object_component id="oc-fd">
         <name>.debug_line</name>
         <load_address>0x3ac</load_address>
         <run_address>0x3ac</run_address>
         <size>0x33</size>
         <input_file_ref idref="fl-2"/>
      </object_component>
      <object_component id="oc-16c">
         <name>.debug_line</name>
         <load_address>0x3df</load_address>
         <run_address>0x3df</run_address>
         <size>0xc6</size>
         <input_file_ref idref="fl-2"/>
      </object_component>
      <object_component id="oc-162">
         <name>.debug_line</name>
         <load_address>0x4a5</load_address>
         <run_address>0x4a5</run_address>
         <size>0x20</size>
         <input_file_ref idref="fl-3"/>
      </object_component>
      <object_component id="oc-15f">
         <name>.debug_line</name>
         <load_address>0x4c5</load_address>
         <run_address>0x4c5</run_address>
         <size>0x39</size>
         <input_file_ref idref="fl-3"/>
      </object_component>
      <object_component id="oc-70">
         <name>.debug_line</name>
         <load_address>0x4fe</load_address>
         <run_address>0x4fe</run_address>
         <size>0x635</size>
         <input_file_ref idref="fl-3"/>
      </object_component>
      <object_component id="oc-170">
         <name>.debug_line</name>
         <load_address>0xb33</load_address>
         <run_address>0xb33</run_address>
         <size>0xc9</size>
         <input_file_ref idref="fl-4"/>
      </object_component>
      <object_component id="oc-118">
         <name>.debug_line</name>
         <load_address>0xbfc</load_address>
         <run_address>0xbfc</run_address>
         <size>0x30</size>
         <input_file_ref idref="fl-4"/>
      </object_component>
      <object_component id="oc-130">
         <name>.debug_line</name>
         <load_address>0xc2c</load_address>
         <run_address>0xc2c</run_address>
         <size>0x9b</size>
         <input_file_ref idref="fl-4"/>
      </object_component>
      <object_component id="oc-b2">
         <name>.debug_line</name>
         <load_address>0xcc7</load_address>
         <run_address>0xcc7</run_address>
         <size>0x43</size>
         <input_file_ref idref="fl-5"/>
      </object_component>
      <object_component id="oc-21">
         <name>.debug_line</name>
         <load_address>0xd0a</load_address>
         <run_address>0xd0a</run_address>
         <size>0xbc</size>
         <input_file_ref idref="fl-6"/>
      </object_component>
      <object_component id="oc-f9">
         <name>.debug_line</name>
         <load_address>0xdc6</load_address>
         <run_address>0xdc6</run_address>
         <size>0x47</size>
         <input_file_ref idref="fl-c"/>
      </object_component>
      <object_component id="oc-11b">
         <name>.debug_line</name>
         <load_address>0xe0d</load_address>
         <run_address>0xe0d</run_address>
         <size>0x48</size>
         <input_file_ref idref="fl-d"/>
      </object_component>
      <object_component id="oc-8f">
         <name>.debug_line</name>
         <load_address>0xe55</load_address>
         <run_address>0xe55</run_address>
         <size>0x2a</size>
         <input_file_ref idref="fl-d"/>
      </object_component>
      <object_component id="oc-25">
         <name>.debug_line</name>
         <load_address>0xe7f</load_address>
         <run_address>0xe7f</run_address>
         <size>0x5d</size>
         <input_file_ref idref="fl-d"/>
      </object_component>
      <object_component id="oc-192">
         <name>.debug_line</name>
         <load_address>0xedc</load_address>
         <run_address>0xedc</run_address>
         <size>0xbf</size>
         <input_file_ref idref="fl-e"/>
      </object_component>
      <object_component id="oc-c3">
         <name>.debug_line</name>
         <load_address>0xf9b</load_address>
         <run_address>0xf9b</run_address>
         <size>0x8d</size>
         <input_file_ref idref="fl-e"/>
      </object_component>
      <object_component id="oc-195">
         <name>.debug_line</name>
         <load_address>0x1028</load_address>
         <run_address>0x1028</run_address>
         <size>0x2e</size>
         <input_file_ref idref="fl-e"/>
      </object_component>
      <object_component id="oc-1a1">
         <name>.debug_line</name>
         <load_address>0x1056</load_address>
         <run_address>0x1056</run_address>
         <size>0x9a</size>
         <input_file_ref idref="fl-e"/>
      </object_component>
      <object_component id="oc-158">
         <name>.debug_line</name>
         <load_address>0x10f0</load_address>
         <run_address>0x10f0</run_address>
         <size>0x97</size>
         <input_file_ref idref="fl-e"/>
      </object_component>
      <object_component id="oc-19a">
         <name>.debug_line</name>
         <load_address>0x1187</load_address>
         <run_address>0x1187</run_address>
         <size>0x93</size>
         <input_file_ref idref="fl-e"/>
      </object_component>
      <object_component id="oc-68">
         <name>.debug_line</name>
         <load_address>0x121a</load_address>
         <run_address>0x121a</run_address>
         <size>0x40</size>
         <input_file_ref idref="fl-f"/>
      </object_component>
      <object_component id="oc-13f">
         <name>.debug_line</name>
         <load_address>0x125a</load_address>
         <run_address>0x125a</run_address>
         <size>0x3b</size>
         <input_file_ref idref="fl-10"/>
      </object_component>
      <object_component id="oc-120">
         <name>.debug_line</name>
         <load_address>0x1295</load_address>
         <run_address>0x1295</run_address>
         <size>0x92</size>
         <input_file_ref idref="fl-12"/>
      </object_component>
      <object_component id="oc-98">
         <name>.debug_line</name>
         <load_address>0x1327</load_address>
         <run_address>0x1327</run_address>
         <size>0x20</size>
         <input_file_ref idref="fl-13"/>
      </object_component>
      <object_component id="oc-13">
         <name>.debug_line</name>
         <load_address>0x1347</load_address>
         <run_address>0x1347</run_address>
         <size>0x53</size>
         <input_file_ref idref="fl-13"/>
      </object_component>
      <object_component id="oc-3b">
         <name>.debug_line</name>
         <load_address>0x139a</load_address>
         <run_address>0x139a</run_address>
         <size>0x3a</size>
         <input_file_ref idref="fl-13"/>
      </object_component>
      <object_component id="oc-94">
         <name>.debug_line</name>
         <load_address>0x13d4</load_address>
         <run_address>0x13d4</run_address>
         <size>0x92</size>
         <input_file_ref idref="fl-13"/>
      </object_component>
      <object_component id="oc-124">
         <name>.debug_line</name>
         <load_address>0x1466</load_address>
         <run_address>0x1466</run_address>
         <size>0x92</size>
         <input_file_ref idref="fl-14"/>
      </object_component>
      <object_component id="oc-43">
         <name>.debug_line</name>
         <load_address>0x14f8</load_address>
         <run_address>0x14f8</run_address>
         <size>0xc6</size>
         <input_file_ref idref="fl-14"/>
      </object_component>
      <object_component id="oc-1c">
         <name>.debug_line</name>
         <load_address>0x15be</load_address>
         <run_address>0x15be</run_address>
         <size>0x49</size>
         <input_file_ref idref="fl-14"/>
      </object_component>
      <object_component id="oc-48">
         <name>.debug_line</name>
         <load_address>0x1607</load_address>
         <run_address>0x1607</run_address>
         <size>0x39</size>
         <input_file_ref idref="fl-14"/>
      </object_component>
      <object_component id="oc-127">
         <name>.debug_line</name>
         <load_address>0x1640</load_address>
         <run_address>0x1640</run_address>
         <size>0x9a</size>
         <input_file_ref idref="fl-14"/>
      </object_component>
      <object_component id="oc-a3">
         <name>.debug_line</name>
         <load_address>0x16da</load_address>
         <run_address>0x16da</run_address>
         <size>0x96</size>
         <input_file_ref idref="fl-14"/>
      </object_component>
      <object_component id="oc-1e0">
         <name>.debug_line</name>
         <load_address>0x1770</load_address>
         <run_address>0x1770</run_address>
         <size>0x90</size>
         <input_file_ref idref="fl-15"/>
      </object_component>
      <object_component id="oc-183">
         <name>.debug_line</name>
         <load_address>0x1800</load_address>
         <run_address>0x1800</run_address>
         <size>0x116</size>
         <input_file_ref idref="fl-15"/>
      </object_component>
      <object_component id="oc-1a5">
         <name>.debug_line</name>
         <load_address>0x1916</load_address>
         <run_address>0x1916</run_address>
         <size>0x20</size>
         <input_file_ref idref="fl-16"/>
      </object_component>
      <object_component id="oc-105">
         <name>.debug_line</name>
         <load_address>0x1936</load_address>
         <run_address>0x1936</run_address>
         <size>0x94</size>
         <input_file_ref idref="fl-16"/>
      </object_component>
      <object_component id="oc-77">
         <name>.debug_line</name>
         <load_address>0x19ca</load_address>
         <run_address>0x19ca</run_address>
         <size>0x5e</size>
         <input_file_ref idref="fl-17"/>
      </object_component>
      <object_component id="oc-1af">
         <name>.debug_line</name>
         <load_address>0x1a28</load_address>
         <run_address>0x1a28</run_address>
         <size>0x51</size>
         <input_file_ref idref="fl-18"/>
      </object_component>
      <object_component id="oc-1dd">
         <name>.debug_line</name>
         <load_address>0x1a79</load_address>
         <run_address>0x1a79</run_address>
         <size>0x20</size>
         <input_file_ref idref="fl-19"/>
      </object_component>
      <object_component id="oc-17c">
         <name>.debug_line</name>
         <load_address>0x1a99</load_address>
         <run_address>0x1a99</run_address>
         <size>0x12a</size>
         <input_file_ref idref="fl-19"/>
      </object_component>
      <object_component id="oc-206">
         <name>.debug_line</name>
         <load_address>0x1bc3</load_address>
         <run_address>0x1bc3</run_address>
         <size>0x9a</size>
         <input_file_ref idref="fl-19"/>
      </object_component>
      <object_component id="oc-1f0">
         <name>.debug_line</name>
         <load_address>0x1c5d</load_address>
         <run_address>0x1c5d</run_address>
         <size>0x96</size>
         <input_file_ref idref="fl-19"/>
      </object_component>
      <object_component id="oc-18c">
         <name>.debug_line</name>
         <load_address>0x1cf3</load_address>
         <run_address>0x1cf3</run_address>
         <size>0x210</size>
         <input_file_ref idref="fl-1a"/>
      </object_component>
      <object_component id="oc-1c1">
         <name>.debug_line</name>
         <load_address>0x1f03</load_address>
         <run_address>0x1f03</run_address>
         <size>0x2c</size>
         <input_file_ref idref="fl-1a"/>
      </object_component>
      <object_component id="oc-1f5">
         <name>.debug_line</name>
         <load_address>0x1f2f</load_address>
         <run_address>0x1f2f</run_address>
         <size>0x9a</size>
         <input_file_ref idref="fl-1a"/>
      </object_component>
      <object_component id="oc-1c6">
         <name>.debug_line</name>
         <load_address>0x1fc9</load_address>
         <run_address>0x1fc9</run_address>
         <size>0x97</size>
         <input_file_ref idref="fl-1a"/>
      </object_component>
      <object_component id="oc-1bb">
         <name>.debug_line</name>
         <load_address>0x2060</load_address>
         <run_address>0x2060</run_address>
         <size>0x6b</size>
         <input_file_ref idref="fl-1b"/>
      </object_component>
      <object_component id="oc-1fa">
         <name>.debug_line</name>
         <load_address>0x20cb</load_address>
         <run_address>0x20cb</run_address>
         <size>0x9a</size>
         <input_file_ref idref="fl-1b"/>
      </object_component>
      <object_component id="oc-201">
         <name>.debug_line</name>
         <load_address>0x2165</load_address>
         <run_address>0x2165</run_address>
         <size>0x97</size>
         <input_file_ref idref="fl-1b"/>
      </object_component>
      <object_component id="oc-1eb">
         <name>.debug_line</name>
         <load_address>0x21fc</load_address>
         <run_address>0x21fc</run_address>
         <size>0x2c</size>
         <input_file_ref idref="fl-1b"/>
      </object_component>
      <object_component id="oc-1ca">
         <name>.debug_line</name>
         <load_address>0x2228</load_address>
         <run_address>0x2228</run_address>
         <size>0x29</size>
         <input_file_ref idref="fl-1c"/>
      </object_component>
      <object_component id="oc-145">
         <name>.debug_line</name>
         <load_address>0x2251</load_address>
         <run_address>0x2251</run_address>
         <size>0x74</size>
         <input_file_ref idref="fl-1c"/>
      </object_component>
      <object_component id="oc-1cd">
         <name>.debug_line</name>
         <load_address>0x22c5</load_address>
         <run_address>0x22c5</run_address>
         <size>0x29</size>
         <input_file_ref idref="fl-1c"/>
      </object_component>
      <object_component id="oc-1d2">
         <name>.debug_line</name>
         <load_address>0x22ee</load_address>
         <run_address>0x22ee</run_address>
         <size>0x92</size>
         <input_file_ref idref="fl-1c"/>
      </object_component>
      <object_component id="oc-13d">
         <name>.debug_line</name>
         <load_address>0x2380</load_address>
         <run_address>0x2380</run_address>
         <size>0x91</size>
         <input_file_ref idref="fl-1d"/>
      </object_component>
      <object_component id="oc-13a">
         <name>.debug_line</name>
         <load_address>0x2411</load_address>
         <run_address>0x2411</run_address>
         <size>0x2a</size>
         <input_file_ref idref="fl-1d"/>
      </object_component>
      <object_component id="oc-b9">
         <name>.debug_line</name>
         <load_address>0x243b</load_address>
         <run_address>0x243b</run_address>
         <size>0x3a</size>
         <input_file_ref idref="fl-1d"/>
      </object_component>
      <object_component id="oc-61">
         <name>.debug_line</name>
         <load_address>0x2475</load_address>
         <run_address>0x2475</run_address>
         <size>0x85</size>
         <input_file_ref idref="fl-1d"/>
      </object_component>
      <object_component id="oc-133">
         <name>.debug_line</name>
         <load_address>0x24fa</load_address>
         <run_address>0x24fa</run_address>
         <size>0x2f</size>
         <input_file_ref idref="fl-1e"/>
      </object_component>
      <object_component id="oc-5b">
         <name>.debug_line</name>
         <load_address>0x2529</load_address>
         <run_address>0x2529</run_address>
         <size>0x4e</size>
         <input_file_ref idref="fl-1e"/>
      </object_component>
      <object_component id="oc-136">
         <name>.debug_line</name>
         <load_address>0x2577</load_address>
         <run_address>0x2577</run_address>
         <size>0x2f</size>
         <input_file_ref idref="fl-1e"/>
      </object_component>
      <object_component id="oc-37">
         <name>.debug_line</name>
         <load_address>0x25a6</load_address>
         <run_address>0x25a6</run_address>
         <size>0x4e</size>
         <input_file_ref idref="fl-20"/>
      </object_component>
      <object_component id="oc-1fe">
         <name>.debug_line</name>
         <load_address>0x25f4</load_address>
         <run_address>0x25f4</run_address>
         <size>0x20</size>
         <input_file_ref idref="fl-21"/>
      </object_component>
      <object_component id="oc-1b6">
         <name>.debug_line</name>
         <load_address>0x2614</load_address>
         <run_address>0x2614</run_address>
         <size>0x41</size>
         <input_file_ref idref="fl-21"/>
      </object_component>
      <object_component id="oc-1e4">
         <name>.debug_line</name>
         <load_address>0x2655</load_address>
         <run_address>0x2655</run_address>
         <size>0x97</size>
         <input_file_ref idref="fl-21"/>
      </object_component>
      <object_component id="oc-172">
         <name>.debug_line</name>
         <load_address>0x26ec</load_address>
         <run_address>0x26ec</run_address>
         <size>0x20</size>
         <input_file_ref idref="fl-22"/>
      </object_component>
      <object_component id="oc-9a">
         <name>.debug_line</name>
         <load_address>0x270c</load_address>
         <run_address>0x270c</run_address>
         <size>0x65</size>
         <input_file_ref idref="fl-22"/>
      </object_component>
      <object_component id="oc-177">
         <name>.debug_frame</name>
         <load_address>0x0</load_address>
         <run_address>0x0</run_address>
         <size>0x40</size>
         <input_file_ref idref="fl-2"/>
      </object_component>
      <object_component id="oc-2b">
         <name>.debug_frame</name>
         <load_address>0x40</load_address>
         <run_address>0x40</run_address>
         <size>0xf8</size>
         <input_file_ref idref="fl-2"/>
      </object_component>
      <object_component id="oc-71">
         <name>.debug_frame</name>
         <load_address>0x138</load_address>
         <run_address>0x138</run_address>
         <size>0x310</size>
         <input_file_ref idref="fl-3"/>
      </object_component>
      <object_component id="oc-12d">
         <name>.debug_frame</name>
         <load_address>0x448</load_address>
         <run_address>0x448</run_address>
         <size>0x88</size>
         <input_file_ref idref="fl-4"/>
      </object_component>
      <object_component id="oc-b1">
         <name>.debug_frame</name>
         <load_address>0x4d0</load_address>
         <run_address>0x4d0</run_address>
         <size>0x40</size>
         <input_file_ref idref="fl-5"/>
      </object_component>
      <object_component id="oc-27">
         <name>.debug_frame</name>
         <load_address>0x510</load_address>
         <run_address>0x510</run_address>
         <size>0x38</size>
         <input_file_ref idref="fl-d"/>
      </object_component>
      <object_component id="oc-c4">
         <name>.debug_frame</name>
         <load_address>0x548</load_address>
         <run_address>0x548</run_address>
         <size>0x5c</size>
         <input_file_ref idref="fl-e"/>
      </object_component>
      <object_component id="oc-65">
         <name>.debug_frame</name>
         <load_address>0x5a4</load_address>
         <run_address>0x5a4</run_address>
         <size>0x3c</size>
         <input_file_ref idref="fl-f"/>
      </object_component>
      <object_component id="oc-140">
         <name>.debug_frame</name>
         <load_address>0x5e0</load_address>
         <run_address>0x5e0</run_address>
         <size>0x3c</size>
         <input_file_ref idref="fl-10"/>
      </object_component>
      <object_component id="oc-14">
         <name>.debug_frame</name>
         <load_address>0x61c</load_address>
         <run_address>0x61c</run_address>
         <size>0x3c</size>
         <input_file_ref idref="fl-13"/>
      </object_component>
      <object_component id="oc-44">
         <name>.debug_frame</name>
         <load_address>0x658</load_address>
         <run_address>0x658</run_address>
         <size>0x68</size>
         <input_file_ref idref="fl-14"/>
      </object_component>
      <object_component id="oc-1d">
         <name>.debug_frame</name>
         <load_address>0x6c0</load_address>
         <run_address>0x6c0</run_address>
         <size>0x3c</size>
         <input_file_ref idref="fl-14"/>
      </object_component>
      <object_component id="oc-182">
         <name>.debug_frame</name>
         <load_address>0x6fc</load_address>
         <run_address>0x6fc</run_address>
         <size>0x88</size>
         <input_file_ref idref="fl-15"/>
      </object_component>
      <object_component id="oc-106">
         <name>.debug_frame</name>
         <load_address>0x784</load_address>
         <run_address>0x784</run_address>
         <size>0x40</size>
         <input_file_ref idref="fl-16"/>
      </object_component>
      <object_component id="oc-76">
         <name>.debug_frame</name>
         <load_address>0x7c4</load_address>
         <run_address>0x7c4</run_address>
         <size>0x64</size>
         <input_file_ref idref="fl-17"/>
      </object_component>
      <object_component id="oc-1ae">
         <name>.debug_frame</name>
         <load_address>0x828</load_address>
         <run_address>0x828</run_address>
         <size>0x44</size>
         <input_file_ref idref="fl-18"/>
      </object_component>
      <object_component id="oc-17d">
         <name>.debug_frame</name>
         <load_address>0x86c</load_address>
         <run_address>0x86c</run_address>
         <size>0x40</size>
         <input_file_ref idref="fl-19"/>
      </object_component>
      <object_component id="oc-188">
         <name>.debug_frame</name>
         <load_address>0x8ac</load_address>
         <run_address>0x8ac</run_address>
         <size>0xac</size>
         <input_file_ref idref="fl-1a"/>
      </object_component>
      <object_component id="oc-1b9">
         <name>.debug_frame</name>
         <load_address>0x958</load_address>
         <run_address>0x958</run_address>
         <size>0x3c</size>
         <input_file_ref idref="fl-1b"/>
      </object_component>
      <object_component id="oc-149">
         <name>.debug_frame</name>
         <load_address>0x994</load_address>
         <run_address>0x994</run_address>
         <size>0x68</size>
         <input_file_ref idref="fl-1c"/>
      </object_component>
      <object_component id="oc-bd">
         <name>.debug_frame</name>
         <load_address>0x9fc</load_address>
         <run_address>0x9fc</run_address>
         <size>0x3c</size>
         <input_file_ref idref="fl-1d"/>
      </object_component>
      <object_component id="oc-62">
         <name>.debug_frame</name>
         <load_address>0xa38</load_address>
         <run_address>0xa38</run_address>
         <size>0x4c</size>
         <input_file_ref idref="fl-1d"/>
      </object_component>
      <object_component id="oc-5c">
         <name>.debug_frame</name>
         <load_address>0xa84</load_address>
         <run_address>0xa84</run_address>
         <size>0x3c</size>
         <input_file_ref idref="fl-1e"/>
      </object_component>
      <object_component id="oc-1b7">
         <name>.debug_frame</name>
         <load_address>0xac0</load_address>
         <run_address>0xac0</run_address>
         <size>0x3c</size>
         <input_file_ref idref="fl-21"/>
      </object_component>
      <object_component id="oc-9e">
         <name>.debug_frame</name>
         <load_address>0xafc</load_address>
         <run_address>0xafc</run_address>
         <size>0x40</size>
         <input_file_ref idref="fl-22"/>
      </object_component>
      <object_component id="oc-108">
         <name>.debug_abbrev</name>
         <load_address>0x0</load_address>
         <run_address>0x0</run_address>
         <size>0xfd</size>
         <input_file_ref idref="fl-2"/>
      </object_component>
      <object_component id="oc-113">
         <name>.debug_abbrev</name>
         <load_address>0xfd</load_address>
         <run_address>0xfd</run_address>
         <size>0x29</size>
         <input_file_ref idref="fl-2"/>
      </object_component>
      <object_component id="oc-115">
         <name>.debug_abbrev</name>
         <load_address>0x126</load_address>
         <run_address>0x126</run_address>
         <size>0x29</size>
         <input_file_ref idref="fl-2"/>
      </object_component>
      <object_component id="oc-1a6">
         <name>.debug_abbrev</name>
         <load_address>0x14f</load_address>
         <run_address>0x14f</run_address>
         <size>0x5e</size>
         <input_file_ref idref="fl-2"/>
      </object_component>
      <object_component id="oc-88">
         <name>.debug_abbrev</name>
         <load_address>0x1ad</load_address>
         <run_address>0x1ad</run_address>
         <size>0x6f</size>
         <input_file_ref idref="fl-2"/>
      </object_component>
      <object_component id="oc-166">
         <name>.debug_abbrev</name>
         <load_address>0x21c</load_address>
         <run_address>0x21c</run_address>
         <size>0x9d</size>
         <input_file_ref idref="fl-2"/>
      </object_component>
      <object_component id="oc-111">
         <name>.debug_abbrev</name>
         <load_address>0x2b9</load_address>
         <run_address>0x2b9</run_address>
         <size>0x69</size>
         <input_file_ref idref="fl-2"/>
      </object_component>
      <object_component id="oc-10c">
         <name>.debug_abbrev</name>
         <load_address>0x322</load_address>
         <run_address>0x322</run_address>
         <size>0x38</size>
         <input_file_ref idref="fl-2"/>
      </object_component>
      <object_component id="oc-8c">
         <name>.debug_abbrev</name>
         <load_address>0x35a</load_address>
         <run_address>0x35a</run_address>
         <size>0x2e</size>
         <input_file_ref idref="fl-2"/>
      </object_component>
      <object_component id="oc-fe">
         <name>.debug_abbrev</name>
         <load_address>0x388</load_address>
         <run_address>0x388</run_address>
         <size>0x24</size>
         <input_file_ref idref="fl-2"/>
      </object_component>
      <object_component id="oc-16d">
         <name>.debug_abbrev</name>
         <load_address>0x3ac</load_address>
         <run_address>0x3ac</run_address>
         <size>0x35</size>
         <input_file_ref idref="fl-2"/>
      </object_component>
      <object_component id="oc-161">
         <name>.debug_abbrev</name>
         <load_address>0x3e1</load_address>
         <run_address>0x3e1</run_address>
         <size>0x4f</size>
         <input_file_ref idref="fl-3"/>
      </object_component>
      <object_component id="oc-15e">
         <name>.debug_abbrev</name>
         <load_address>0x430</load_address>
         <run_address>0x430</run_address>
         <size>0x27</size>
         <input_file_ref idref="fl-3"/>
      </object_component>
      <object_component id="oc-fa">
         <name>.debug_abbrev</name>
         <load_address>0x457</load_address>
         <run_address>0x457</run_address>
         <size>0x132</size>
         <input_file_ref idref="fl-3"/>
      </object_component>
      <object_component id="oc-16f">
         <name>.debug_abbrev</name>
         <load_address>0x589</load_address>
         <run_address>0x589</run_address>
         <size>0x96</size>
         <input_file_ref idref="fl-4"/>
      </object_component>
      <object_component id="oc-117">
         <name>.debug_abbrev</name>
         <load_address>0x61f</load_address>
         <run_address>0x61f</run_address>
         <size>0x29</size>
         <input_file_ref idref="fl-4"/>
      </object_component>
      <object_component id="oc-18d">
         <name>.debug_abbrev</name>
         <load_address>0x648</load_address>
         <run_address>0x648</run_address>
         <size>0x6c</size>
         <input_file_ref idref="fl-4"/>
      </object_component>
      <object_component id="oc-131">
         <name>.debug_abbrev</name>
         <load_address>0x6b4</load_address>
         <run_address>0x6b4</run_address>
         <size>0x54</size>
         <input_file_ref idref="fl-5"/>
      </object_component>
      <object_component id="oc-6a">
         <name>.debug_abbrev</name>
         <load_address>0x708</load_address>
         <run_address>0x708</run_address>
         <size>0x25</size>
         <input_file_ref idref="fl-6"/>
      </object_component>
      <object_component id="oc-160">
         <name>.debug_abbrev</name>
         <load_address>0x72d</load_address>
         <run_address>0x72d</run_address>
         <size>0x3e</size>
         <input_file_ref idref="fl-c"/>
      </object_component>
      <object_component id="oc-11a">
         <name>.debug_abbrev</name>
         <load_address>0x76b</load_address>
         <run_address>0x76b</run_address>
         <size>0x79</size>
         <input_file_ref idref="fl-d"/>
      </object_component>
      <object_component id="oc-8e">
         <name>.debug_abbrev</name>
         <load_address>0x7e4</load_address>
         <run_address>0x7e4</run_address>
         <size>0x29</size>
         <input_file_ref idref="fl-d"/>
      </object_component>
      <object_component id="oc-6b">
         <name>.debug_abbrev</name>
         <load_address>0x80d</load_address>
         <run_address>0x80d</run_address>
         <size>0x64</size>
         <input_file_ref idref="fl-d"/>
      </object_component>
      <object_component id="oc-191">
         <name>.debug_abbrev</name>
         <load_address>0x871</load_address>
         <run_address>0x871</run_address>
         <size>0xc0</size>
         <input_file_ref idref="fl-e"/>
      </object_component>
      <object_component id="oc-14a">
         <name>.debug_abbrev</name>
         <load_address>0x931</load_address>
         <run_address>0x931</run_address>
         <size>0x7e</size>
         <input_file_ref idref="fl-e"/>
      </object_component>
      <object_component id="oc-196">
         <name>.debug_abbrev</name>
         <load_address>0x9af</load_address>
         <run_address>0x9af</run_address>
         <size>0x24</size>
         <input_file_ref idref="fl-e"/>
      </object_component>
      <object_component id="oc-1a2">
         <name>.debug_abbrev</name>
         <load_address>0x9d3</load_address>
         <run_address>0x9d3</run_address>
         <size>0x24</size>
         <input_file_ref idref="fl-e"/>
      </object_component>
      <object_component id="oc-159">
         <name>.debug_abbrev</name>
         <load_address>0x9f7</load_address>
         <run_address>0x9f7</run_address>
         <size>0x24</size>
         <input_file_ref idref="fl-e"/>
      </object_component>
      <object_component id="oc-19b">
         <name>.debug_abbrev</name>
         <load_address>0xa1b</load_address>
         <run_address>0xa1b</run_address>
         <size>0x4b</size>
         <input_file_ref idref="fl-e"/>
      </object_component>
      <object_component id="oc-c0">
         <name>.debug_abbrev</name>
         <load_address>0xa66</load_address>
         <run_address>0xa66</run_address>
         <size>0x55</size>
         <input_file_ref idref="fl-f"/>
      </object_component>
      <object_component id="oc-18e">
         <name>.debug_abbrev</name>
         <load_address>0xabb</load_address>
         <run_address>0xabb</run_address>
         <size>0x53</size>
         <input_file_ref idref="fl-10"/>
      </object_component>
      <object_component id="oc-121">
         <name>.debug_abbrev</name>
         <load_address>0xb0e</load_address>
         <run_address>0xb0e</run_address>
         <size>0x24</size>
         <input_file_ref idref="fl-12"/>
      </object_component>
      <object_component id="oc-97">
         <name>.debug_abbrev</name>
         <load_address>0xb32</load_address>
         <run_address>0xb32</run_address>
         <size>0x37</size>
         <input_file_ref idref="fl-13"/>
      </object_component>
      <object_component id="oc-38">
         <name>.debug_abbrev</name>
         <load_address>0xb69</load_address>
         <run_address>0xb69</run_address>
         <size>0x74</size>
         <input_file_ref idref="fl-13"/>
      </object_component>
      <object_component id="oc-3c">
         <name>.debug_abbrev</name>
         <load_address>0xbdd</load_address>
         <run_address>0xbdd</run_address>
         <size>0x24</size>
         <input_file_ref idref="fl-13"/>
      </object_component>
      <object_component id="oc-95">
         <name>.debug_abbrev</name>
         <load_address>0xc01</load_address>
         <run_address>0xc01</run_address>
         <size>0x24</size>
         <input_file_ref idref="fl-13"/>
      </object_component>
      <object_component id="oc-123">
         <name>.debug_abbrev</name>
         <load_address>0xc25</load_address>
         <run_address>0xc25</run_address>
         <size>0x5d</size>
         <input_file_ref idref="fl-14"/>
      </object_component>
      <object_component id="oc-9f">
         <name>.debug_abbrev</name>
         <load_address>0xc82</load_address>
         <run_address>0xc82</run_address>
         <size>0x7b</size>
         <input_file_ref idref="fl-14"/>
      </object_component>
      <object_component id="oc-45">
         <name>.debug_abbrev</name>
         <load_address>0xcfd</load_address>
         <run_address>0xcfd</run_address>
         <size>0x66</size>
         <input_file_ref idref="fl-14"/>
      </object_component>
      <object_component id="oc-49">
         <name>.debug_abbrev</name>
         <load_address>0xd63</load_address>
         <run_address>0xd63</run_address>
         <size>0x24</size>
         <input_file_ref idref="fl-14"/>
      </object_component>
      <object_component id="oc-128">
         <name>.debug_abbrev</name>
         <load_address>0xd87</load_address>
         <run_address>0xd87</run_address>
         <size>0x35</size>
         <input_file_ref idref="fl-14"/>
      </object_component>
      <object_component id="oc-a4">
         <name>.debug_abbrev</name>
         <load_address>0xdbc</load_address>
         <run_address>0xdbc</run_address>
         <size>0x24</size>
         <input_file_ref idref="fl-14"/>
      </object_component>
      <object_component id="oc-1df">
         <name>.debug_abbrev</name>
         <load_address>0xde0</load_address>
         <run_address>0xde0</run_address>
         <size>0x68</size>
         <input_file_ref idref="fl-15"/>
      </object_component>
      <object_component id="oc-1b0">
         <name>.debug_abbrev</name>
         <load_address>0xe48</load_address>
         <run_address>0xe48</run_address>
         <size>0x7f</size>
         <input_file_ref idref="fl-15"/>
      </object_component>
      <object_component id="oc-1a4">
         <name>.debug_abbrev</name>
         <load_address>0xec7</load_address>
         <run_address>0xec7</run_address>
         <size>0x35</size>
         <input_file_ref idref="fl-16"/>
      </object_component>
      <object_component id="oc-168">
         <name>.debug_abbrev</name>
         <load_address>0xefc</load_address>
         <run_address>0xefc</run_address>
         <size>0x71</size>
         <input_file_ref idref="fl-16"/>
      </object_component>
      <object_component id="oc-107">
         <name>.debug_abbrev</name>
         <load_address>0xf6d</load_address>
         <run_address>0xf6d</run_address>
         <size>0x7f</size>
         <input_file_ref idref="fl-17"/>
      </object_component>
      <object_component id="oc-1de">
         <name>.debug_abbrev</name>
         <load_address>0xfec</load_address>
         <run_address>0xfec</run_address>
         <size>0x7f</size>
         <input_file_ref idref="fl-18"/>
      </object_component>
      <object_component id="oc-1dc">
         <name>.debug_abbrev</name>
         <load_address>0x106b</load_address>
         <run_address>0x106b</run_address>
         <size>0x37</size>
         <input_file_ref idref="fl-19"/>
      </object_component>
      <object_component id="oc-1a7">
         <name>.debug_abbrev</name>
         <load_address>0x10a2</load_address>
         <run_address>0x10a2</run_address>
         <size>0x71</size>
         <input_file_ref idref="fl-19"/>
      </object_component>
      <object_component id="oc-207">
         <name>.debug_abbrev</name>
         <load_address>0x1113</load_address>
         <run_address>0x1113</run_address>
         <size>0x35</size>
         <input_file_ref idref="fl-19"/>
      </object_component>
      <object_component id="oc-1f1">
         <name>.debug_abbrev</name>
         <load_address>0x1148</load_address>
         <run_address>0x1148</run_address>
         <size>0x24</size>
         <input_file_ref idref="fl-19"/>
      </object_component>
      <object_component id="oc-1be">
         <name>.debug_abbrev</name>
         <load_address>0x116c</load_address>
         <run_address>0x116c</run_address>
         <size>0x7f</size>
         <input_file_ref idref="fl-1a"/>
      </object_component>
[...]
         <unused_space>0x3cd70</unused_space>
         <attributes>RWIX</attributes>
         <usage_details>
            <allocated_space>
               <start_address>0x11800200</start_address>
               <size>0x2b40</size>
               <logical_group_ref idref="lg-b"/>
            </allocated_space>
            <allocated_space>
               <start_address>0x11802d40</start_address>
               <size>0x400</size>
               <logical_group_ref idref="lg-9"/>
            </allocated_space>
            <allocated_space>
               <start_address>0x11803140</start_address>
               <size>0x4c</size>
               <logical_group_ref idref="lg-e"/>
            </allocated_space>
            <allocated_space>
               <start_address>0x1180318c</start_address>
               <size>0x28</size>
               <logical_group_ref idref="lg-3"/>
            </allocated_space>
            <allocated_space>
               <start_address>0x118031b4</start_address>
               <size>0x18</size>
               <logical_group_ref idref="lg-c"/>
            </allocated_space>
            <allocated_space>
               <start_address>0x118031cc</start_address>
               <size>0xc</size>
               <logical_group_ref idref="lg-5"/>
            </allocated_space>
            <allocated_space>
               <start_address>0x118031d8</start_address>
               <size>0x8</size>
               <logical_group_ref idref="lg-d"/>
            </allocated_space>
            <allocated_space>
               <start_address>0x118031e0</start_address>
               <size>0xb0</size>
               <logical_group_ref idref="lg-6"/>
            </allocated_space>
            <available_space>
               <start_address>0x11803290</start_address>
               <size>0x3cd70</size>
            </available_space>
         </usage_details>
      </memory_area>
      <memory_area display="yes" color="green">
         <name>SHAREDRAM</name>
         <page_id>0x0</page_id>
         <origin>0x80000000</origin>
         <length>0x20000</length>
         <used_space>0x0</used_space>
         <unused_space>0x20000</unused_space>
         <attributes>RWIX</attributes>
         <usage_details>
         </usage_details>
      </memory_area>
      <memory_area display="yes" color="green">
         <name>SDRAM</name>
         <page_id>0x0</page_id>
         <origin>0xc0000000</origin>
         <length>0x8000000</length>
         <used_space>0x50698</used_space>
         <unused_space>0x7faf968</unused_space>
         <attributes>RWIX</attributes>
         <usage_details>
            <allocated_space>
               <start_address>0xc0000000</start_address>
               <size>0x50698</size>
               <logical_group_ref idref="lg-10"/>
            </allocated_space>
            <available_space>
               <start_address>0xc0050698</start_address>
               <size>0x7faf968</size>
            </available_space>
         </usage_details>
      </memory_area>
   </placement_map>
   <cptbl_list>
      <cptbl>
         <name>__TI_cinit_table</name>
         <cprec>
            <name>.fardata</name>
            <load_address>0x118031e0</load_address>
            <load_size>0x49</load_size>
            <run_address>0x11803140</run_address>
            <run_size>0x4c</run_size>
            <compression>rle</compression>
         </cprec>
         <cprec>
            <name>.neardata</name>
            <load_address>0x11803229</load_address>
            <load_size>0x16</load_size>
            <run_address>0x1180318c</run_address>
            <run_size>0x28</run_size>
            <compression>rle</compression>
         </cprec>
         <cprec>
            <name>CE0</name>
            <load_address>0x1180323f</load_address>
            <load_size>0xd</load_size>
            <run_address>0xc0000000</run_address>
            <run_size>0x50698</run_size>
            <compression>rle</compression>
         </cprec>
         <cprec>
            <name>.bss</name>
            <load_address>0x1180324c</load_address>
            <load_size>0x9</load_size>
            <run_address>0x118031cc</run_address>
            <run_size>0xc</run_size>
            <compression>rle</compression>
         </cprec>
         <cprec>
            <name>.far</name>
            <load_address>0x11803255</load_address>
            <load_size>0x9</load_size>
            <run_address>0x118031d8</run_address>
            <run_size>0x8</run_size>
            <compression>rle</compression>
         </cprec>
      </cptbl>
   </cptbl_list>
   <handler_table>
      <handler_table_name>__TI_handler_table</handler_table_name>
      <handler>
         <index>0x0</index>
         <name>__TI_decompress_rle24</name>
      </handler>
      <handler>
         <index>0x1</index>
         <name>__TI_decompress_none</name>
      </handler>
   </handler_table>
   <symbol_table>
      <symbol id="sm-1">
         <name>__TI_CINIT_Base</name>
         <value>0x11803268</value>
      </symbol>
      <symbol id="sm-2">
         <name>__TI_CINIT_Limit</name>
         <value>0x11803290</value>
      </symbol>
      <symbol id="sm-3">
         <name>__TI_Handler_Table_Base</name>
         <value>0x11803260</value>
      </symbol>
      <symbol id="sm-4">
         <name>__TI_Handler_Table_Limit</name>
         <value>0x11803268</value>
      </symbol>
      <symbol id="sm-5">
         <name>binit</name>
         <value>0xffffffff</value>
      </symbol>
      <symbol id="sm-6">
         <name>__binit__</name>
         <value>0xffffffff</value>
      </symbol>
      <symbol id="sm-7">
         <name>__TI_STACK_SIZE</name>
         <value>0x400</value>
      </symbol>
      <symbol id="sm-8">
         <name>__TI_STACK_END</name>
         <value>0x11803140</value>
      </symbol>
      <symbol id="sm-9">
         <name>__c_args__</name>
         <value>0xffffffff</value>
      </symbol>
      <symbol id="sm-a">
         <name>__TI_pprof_out_hndl</name>
         <value>0xffffffff</value>
      </symbol>
      <symbol id="sm-b">
         <name>__TI_prof_data_start</name>
         <value>0xffffffff</value>
      </symbol>
      <symbol id="sm-c">
         <name>__TI_prof_data_size</name>
         <value>0xffffffff</value>
      </symbol>
      <symbol id="sm-74">
         <name>CodecDataIn</name>
         <value>0x118031d8</value>
      </symbol>
      <symbol id="sm-75">
         <name>CodecDataOut</name>
         <value>0x118031dc</value>
      </symbol>
      <symbol id="sm-76">
         <name>xLeft</name>
         <value>0x118031cc</value>
      </symbol>
      <symbol id="sm-77">
         <name>xRight</name>
         <value>0x118031d0</value>
      </symbol>
      <symbol id="sm-78">
         <name>yLeft</name>
         <value>0x118031d4</value>
      </symbol>
      <symbol id="sm-79">
         <name>buffer</name>
         <value>0xc00494f8</value>
         <object_component_ref idref="oc-80"/>
      </symbol>
      <symbol id="sm-7a">
         <name>gain1</name>
         <value>0x118031a8</value>
         <object_component_ref idref="oc-7d"/>
      </symbol>
      <symbol id="sm-7b">
         <name>gain2</name>
         <value>0x118031ac</value>
         <object_component_ref idref="oc-7d"/>
      </symbol>
      <symbol id="sm-7c">
         <name>ZeroBuffer</name>
         <value>0x11802300</value>
         <object_component_ref idref="oc-175"/>
      </symbol>
      <symbol id="sm-7d">
         <name>oldest1</name>
         <value>0x11803190</value>
         <object_component_ref idref="oc-7d"/>
      </symbol>
      <symbol id="sm-7e">
         <name>oldest2</name>
         <value>0x11803194</value>
         <object_component_ref idref="oc-7d"/>
      </symbol>
      <symbol id="sm-7f">
         <name>Codec_ISR</name>
         <value>0x118015c0</value>
         <object_component_ref idref="oc-2a"/>
      </symbol>
      <symbol id="sm-80">
         <name>index</name>
         <value>0x11803198</value>
         <object_component_ref idref="oc-7d"/>
      </symbol>
      <symbol id="sm-81">
         <name>gain</name>
         <value>0x118031a4</value>
         <object_component_ref idref="oc-7d"/>
      </symbol>
      <symbol id="sm-82">
         <name>index1</name>
         <value>0x1180319c</value>
         <object_component_ref idref="oc-7d"/>
      </symbol>
      <symbol id="sm-83">
         <name>index2</name>
         <value>0x118031a0</value>
         <object_component_ref idref="oc-7d"/>
      </symbol>
      <symbol id="sm-84">
         <name>buffer1</name>
         <value>0xc004ba78</value>
         <object_component_ref idref="oc-80"/>
      </symbol>
      <symbol id="sm-85">
         <name>buffer2</name>
         <value>0xc004df38</value>
         <object_component_ref idref="oc-80"/>
      </symbol>
      <symbol id="sm-86">
         <name>oldest</name>
         <value>0x1180318c</value>
         <object_component_ref idref="oc-7d"/>
      </symbol>
      <symbol id="sm-12c">
         <name>IsDataReady_UART2</name>
         <value>0x11800f70</value>
         <object_component_ref idref="oc-6c"/>
      </symbol>
      <symbol id="sm-12d">
         <name>Write_UART2</name>
         <value>0x11800ee0</value>
         <object_component_ref idref="oc-6c"/>
      </symbol>
      <symbol id="sm-12e">
         <name>GetSampleFreq</name>
         <value>0x11800200</value>
         <object_component_ref idref="oc-6c"/>
      </symbol>
      <symbol id="sm-12f">
         <name>DSP_Init_EDMA</name>
         <value>0x1180022c</value>
         <object_component_ref idref="oc-6c"/>
      </symbol>
      <symbol id="sm-130">
         <name>Reset_I2C</name>
         <value>0x11800544</value>
         <object_component_ref idref="oc-6c"/>
      </symbol>
      <symbol id="sm-131">
         <name>ReadCodecData</name>
         <value>0x1180064c</value>
         <object_component_ref idref="oc-6c"/>
      </symbol>
      <symbol id="sm-132">
         <name>CheckForOverrun</name>
         <value>0x11800694</value>
         <object_component_ref idref="oc-6c"/>
      </symbol>
      <symbol id="sm-133">
         <name>ReadSwitches</name>
         <value>0x118003a8</value>
         <object_component_ref idref="oc-6c"/>
      </symbol>
      <symbol id="sm-134">
         <name>InitDigitalOutputs</name>
         <value>0x118003c4</value>
         <object_component_ref idref="oc-6c"/>
      </symbol>
      <symbol id="sm-135">
         <name>EnableInterrupts_EDMA</name>
         <value>0x11800484</value>
         <object_component_ref idref="oc-6c"/>
      </symbol>
      <symbol id="sm-136">
         <name>DSP_Init</name>
         <value>0x1180020c</value>
         <object_component_ref idref="oc-6c"/>
      </symbol>
      <symbol id="sm-137">
         <name>InitLEDs</name>
         <value>0x1180024c</value>
         <object_component_ref idref="oc-6c"/>
      </symbol>
      <symbol id="sm-138">
         <name>IsTxReady_UART2</name>
         <value>0x11800fa0</value>
         <object_component_ref idref="oc-6c"/>
      </symbol>
      <symbol id="sm-139">
         <name>Init_Interrupts_EDMA</name>
         <value>0x1180046c</value>
         <object_component_ref idref="oc-6c"/>
      </symbol>
      <symbol id="sm-13a">
         <name>WriteDigitalOutputs</name>
         <value>0x118003d0</value>
         <object_component_ref idref="oc-6c"/>
      </symbol>
      <symbol id="sm-13b">
         <name>Read_UART2</name>
         <value>0x11800f4c</value>
         <object_component_ref idref="oc-6c"/>
      </symbol>
      <symbol id="sm-13c">
         <name>WriteCodecData</name>
         <value>0x1180066c</value>
         <object_component_ref idref="oc-6c"/>
      </symbol>
      <symbol id="sm-13d">
         <name>Reset_AIC3106</name>
         <value>0x11800938</value>
         <object_component_ref idref="oc-6c"/>
      </symbol>
      <symbol id="sm-13e">
         <name>WriteLEDs</name>
         <value>0x118002c0</value>
         <object_component_ref idref="oc-6c"/>
      </symbol>
      <symbol id="sm-13f">
         <name>Init_Interrupts</name>
         <value>0x118003f0</value>
         <object_component_ref idref="oc-6c"/>
      </symbol>
      <symbol id="sm-140">
         <name>wait</name>
         <value>0x118004c4</value>
         <object_component_ref idref="oc-6c"/>
      </symbol>
      <symbol id="sm-141">
         <name>Init_McASP0</name>
         <value>0x11800ab4</value>
         <object_component_ref idref="oc-6c"/>
      </symbol>
      <symbol id="sm-142">
         <name>AIC3106_write_reg</name>
         <value>0x118008f8</value>
         <object_component_ref idref="oc-6c"/>
      </symbol>
      <symbol id="sm-143">
         <name>Init_UART2</name>
         <value>0x11800e34</value>
         <object_component_ref idref="oc-6c"/>
      </symbol>
      <symbol id="sm-144">
         <name>Init_I2C</name>
         <value>0x118004f4</value>
         <object_component_ref idref="oc-6c"/>
      </symbol>
      <symbol id="sm-145">
         <name>EnableInterrupts</name>
         <value>0x1180042c</value>
         <object_component_ref idref="oc-6c"/>
      </symbol>
      <symbol id="sm-146">
         <name>Puts_UART2</name>
         <value>0x11800f0c</value>
         <object_component_ref idref="oc-6c"/>
      </symbol>
      <symbol id="sm-147">
         <name>Init_AIC3106</name>
         <value>0x118006c0</value>
         <object_component_ref idref="oc-6c"/>
      </symbol>
      <symbol id="sm-148">
         <name>Write_I2C</name>
         <value>0x11800568</value>
         <object_component_ref idref="oc-6c"/>
      </symbol>
      <symbol id="sm-149">
         <name>SetSampleRate_AIC3106</name>
         <value>0x11800964</value>
         <object_component_ref idref="oc-6c"/>
      </symbol>
      <symbol id="sm-16a">
         <name>StartUp</name>
         <value>0x11801a40</value>
         <object_component_ref idref="oc-12b"/>
      </symbol>
      <symbol id="sm-16b">
         <name>Beta2</name>
         <value>0xc00301c0</value>
         <object_component_ref idref="oc-83"/>
      </symbol>
      <symbol id="sm-16c">
         <name>Beta1</name>
         <value>0xc0017700</value>
         <object_component_ref idref="oc-83"/>
      </symbol>
      <symbol id="sm-16d">
         <name>Beta</name>
         <value>0xc0000000</value>
         <object_component_ref idref="oc-83"/>
      </symbol>
      <symbol id="sm-179">
         <name>main</name>
         <value>0x11802d20</value>
         <object_component_ref idref="oc-ad"/>
      </symbol>
      <symbol id="sm-199">
         <name>__c6xabi_divu</name>
         <value>0x11802780</value>
         <object_component_ref idref="oc-f5"/>
      </symbol>
      <symbol id="sm-19a">
         <name>__divu</name>
         <value>0x11802780</value>
         <object_component_ref idref="oc-f5"/>
      </symbol>
      <symbol id="sm-1b0">
         <name>_c_int00</name>
         <value>0x11802b00</value>
         <object_component_ref idref="oc-1f"/>
      </symbol>
      <symbol id="sm-1b1">
         <name>_stack</name>
         <value>0x11802d40</value>
         <object_component_ref idref="oc-30"/>
      </symbol>
      <symbol id="sm-1d6">
         <name>__TI_auto_init_nobinit_nopinit</name>
         <value>0x118026c0</value>
         <object_component_ref idref="oc-c1"/>
      </symbol>
      <symbol id="sm-1df">
         <name>_system_pre_init</name>
         <value>0x11802ca0</value>
         <object_component_ref idref="oc-63"/>
      </symbol>
      <symbol id="sm-1e8">
         <name>_system_post_cinit</name>
         <value>0x11802c80</value>
         <object_component_ref idref="oc-13e"/>
      </symbol>
      <symbol id="sm-206">
         <name>__TI_decompress_none</name>
         <value>0x11802ce0</value>
         <object_component_ref idref="oc-12"/>
      </symbol>
      <symbol id="sm-231">
         <name>__TI_decompress_rle24</name>
         <value>0x11802d00</value>
         <object_component_ref idref="oc-18"/>
      </symbol>
      <symbol id="sm-248">
         <name>cosl</name>
         <value>0x11801d60</value>
         <object_component_ref idref="oc-181"/>
      </symbol>
      <symbol id="sm-249">
         <name>cos</name>
         <value>0x11801d60</value>
         <object_component_ref idref="oc-181"/>
      </symbol>
      <symbol id="sm-257">
         <name>modfl</name>
         <value>0x11802840</value>
         <object_component_ref idref="oc-101"/>
      </symbol>
      <symbol id="sm-258">
         <name>modf</name>
         <value>0x11802840</value>
         <object_component_ref idref="oc-101"/>
      </symbol>
      <symbol id="sm-262">
         <name>__c6xabi_roundl</name>
         <value>0x118029c0</value>
         <object_component_ref idref="oc-72"/>
      </symbol>
      <symbol id="sm-263">
         <name>__c6xabi_nround</name>
         <value>0x118029c0</value>
         <object_component_ref idref="oc-72"/>
      </symbol>
      <symbol id="sm-26d">
         <name>__c6xabi_trunc</name>
         <value>0x11802c60</value>
         <object_component_ref idref="oc-1aa"/>
      </symbol>
      <symbol id="sm-26e">
         <name>__c6xabi_truncl</name>
         <value>0x11802c60</value>
         <object_component_ref idref="oc-1aa"/>
      </symbol>
      <symbol id="sm-28a">
         <name>__c6xabi_divf</name>
         <value>0x11802080</value>
         <object_component_ref idref="oc-17b"/>
      </symbol>
      <symbol id="sm-2ae">
         <name>__c6xabi_divd</name>
         <value>0x11800fe0</value>
         <object_component_ref idref="oc-187"/>
      </symbol>
      <symbol id="sm-2c6">
         <name>__TI_frcmpyd_div</name>
         <value>0x11802be0</value>
         <object_component_ref idref="oc-1b8"/>
      </symbol>
      <symbol id="sm-2df">
         <name>__TI_tls_init</name>
         <value>0x11802900</value>
         <object_component_ref idref="oc-144"/>
      </symbol>
      <symbol id="sm-300">
         <name>C$$EXIT</name>
         <value>0x11802cc0</value>
         <object_component_ref idref="oc-b8"/>
      </symbol>
      <symbol id="sm-301">
         <name>abort</name>
         <value>0x11802cc0</value>
         <object_component_ref idref="oc-b8"/>
      </symbol>
      <symbol id="sm-302">
         <name>exit</name>
         <value>0x11802500</value>
         <object_component_ref idref="oc-5d"/>
      </symbol>
      <symbol id="sm-303">
         <name>__TI_dtors_ptr</name>
         <value>0x11803184</value>
         <object_component_ref idref="oc-b5"/>
      </symbol>
      <symbol id="sm-304">
         <name>__TI_cleanup_ptr</name>
         <value>0x11803180</value>
         <object_component_ref idref="oc-b5"/>
      </symbol>
      <symbol id="sm-305">
         <name>__TI_enable_exit_profile_output</name>
         <value>0x11803188</value>
         <object_component_ref idref="oc-b5"/>
      </symbol>
      <symbol id="sm-317">
         <name>_args_main</name>
         <value>0x11802c20</value>
         <object_component_ref idref="oc-57"/>
      </symbol>
      <symbol id="sm-321">
         <name>memcpy</name>
         <value>0x11802a60</value>
         <object_component_ref idref="oc-33"/>
      </symbol>
      <symbol id="sm-333">
         <name>__c6xabi_llshru</name>
         <value>0x11802b80</value>
         <object_component_ref idref="oc-1b2"/>
      </symbol>
      <symbol id="sm-343">
         <name>memset</name>
         <value>0x118025e0</value>
         <object_component_ref idref="oc-99"/>
      </symbol>
      <symbol id="sm-344">
         <name>__TI_STATIC_BASE</name>
         <value>0x1180318c</value>
      </symbol>
      <symbol id="sm-346">
         <name>__TI_TLS_INIT_Base</name>
         <value>0x0</value>
      </symbol>
      <symbol id="sm-347">
         <name>__TI_TLS_INIT_Limit</name>
         <value>0x0</value>
      </symbol>
   </symbol_table>
   <title>Link successful</title>
</link_info>
