******************************************************************************
               TMS320C6x Linker PC v8.3.8                      
******************************************************************************
>> Linked Thu Dec  5 14:01:07 2024

OUTPUT FILE NAME:   <Chorus Effect.out>
ENTRY POINT SYMBOL: "_c_int00"  address: 11802b00


MEMORY CONFIGURATION

         name            origin    length      used     unused   attr    fill
----------------------  --------  ---------  --------  --------  ----  --------
  VECTORS               11800000   00000200  00000200  00000000  RWIX
  DSPRAM                11800200   0003fe00  00003090  0003cd70  RWIX
  SHAREDRAM             80000000   00020000  00000000  00020000  RWIX
  SDRAM                 c0000000   08000000  00050698  07faf968  RWIX


SEGMENT ALLOCATION MAP

run origin  load origin   length   init length attrs members
----------  ----------- ---------- ----------- ----- -------
11800000    11800000    00002d40   00002d40    r-x
  11800000    11800000    00000200   00000200    r-x vectors
  11800200    11800200    00002b40   00002b40    r-x .text
11802d40    11802d40    00000474   00000000    rw-
  11802d40    11802d40    00000400   00000000    rw- .stack
  11803140    11803140    0000004c   00000000    rw- .fardata
  1180318c    1180318c    00000028   00000000    rw- .neardata
118031b4    118031b4    00000018   00000018    r--
  118031b4    118031b4    00000018   00000018    r-- .switch
118031cc    118031cc    00000014   00000000    rw-
  118031cc    118031cc    0000000c   00000000    rw- .bss
  118031d8    118031d8    00000008   00000000    rw- .far
118031e0    118031e0    000000b0   000000b0    r--
  118031e0    118031e0    000000b0   000000b0    r-- .cinit
c0000000    c0000000    00050698   00000000    rw-
  c0000000    c0000000    00050698   00000000    rw- CE0


SECTION ALLOCATION MAP

 output                                  attributes/
section   page    origin      length       input sections
--------  ----  ----------  ----------   ----------------
vectors    0    11800000    00000200     
                  11800000    00000200     vectors.obj (vectors)

.fardata   0    11803140    0000004c     UNINITIALIZED
                  11803140    00000040     rts6740_elf.lib : cos.c.obj (.fardata:R$1)
                  11803180    0000000c                     : exit.c.obj (.fardata)

.neardata 
*          0    1180318c    00000028     UNINITIALIZED
                  1180318c    00000024     ISRs_B.obj (.neardata)
                  118031b0    00000004     LCDK_Support_DSP.obj (.neardata)

.bss       0    118031cc    0000000c     UNINITIALIZED
                  118031cc    00000004     (.common:xLeft)
                  118031d0    00000004     (.common:xRight)
                  118031d4    00000004     (.common:yLeft)

.cinit     0    118031e0    000000b0     
                  118031e0    00000049     (.cinit..fardata.load) [load image, compression = rle]
                  11803229    00000016     (.cinit..neardata.load) [load image, compression = rle]
                  1180323f    0000000d     (.cinit.CE0.load) [load image, compression = rle]
                  1180324c    00000009     (.cinit..bss.load) [load image, compression = rle]
                  11803255    00000009     (.cinit..far.load) [load image, compression = rle]
                  1180325e    00000002     --HOLE-- [fill = 0]
                  11803260    00000008     (__TI_handler_table)
                  11803268    00000028     (__TI_cinit_table)

.stack     0    11802d40    00000400     UNINITIALIZED
                  11802d40    00000008     rts6740_elf.lib : boot.c.obj (.stack)
                  11802d48    000003f8     --HOLE--

.text      0    11800200    00002b40     
                  11800200    00000de0     LCDK_Support_DSP.obj (.text)
                  11800fe0    000005e0     rts6740_elf.lib : divd.c.obj (.text:__c6xabi_divd)
                  118015c0    00000480     ISRs_B.obj (.text:retain)
                  11801a40    00000320     StartUp.obj (.text)
                  11801d60    00000320     rts6740_elf.lib : cos.c.obj (.text:cos)
                  11802080    00000280                     : divf.c.obj (.text:__c6xabi_divf)
                  11802300    00000100     ISRs_B.obj (.text)
                  11802400    00000100     rts6740_elf.lib : copy_decompress_rle.c.obj (.text:__TI_decompress_rle_core)
                  11802500    000000e0                     : exit.c.obj (.text:exit)
                  118025e0    000000e0                     : memset.c.obj (.text:memset)
                  118026c0    000000c0                     : autoinit.c.obj (.text:__TI_auto_init_nobinit_nopinit:__TI_auto_init_nobinit_nopinit)
                  11802780    000000c0                     : divu.asm.obj (.text:__divu)
                  11802840    000000c0                     : modf.c.obj (.text:modf)
                  11802900    000000c0                     : tls.c.obj (.text:tls:init:__TI_tls_init)
                  118029c0    000000a0                     : round.c.obj (.text:__c6xabi_nround)
                  11802a60    000000a0                     : memcpy64.asm.obj (.text:memcpy)
                  11802b00    00000080                     : boot.c.obj (.text:_c_int00)
                  11802b80    00000060                     : llshift.c.obj (.text:__c6xabi_llshru)
                  11802be0    00000040                     : frcmpyd_div.c.obj (.text:__TI_frcmpyd_div)
                  11802c20    00000040                     : args_main.c.obj (.text:_args_main)
                  11802c60    00000020                     : trunc.c.obj (.text:__c6xabi_trunc)
                  11802c80    00000020                     : startup.c.obj (.text:_system_post_cinit)
                  11802ca0    00000020                     : pre_init.c.obj (.text:_system_pre_init)
                  11802cc0    00000020                     : exit.c.obj (.text:abort)
                  11802ce0    00000020                     : copy_decompress_none.c.obj (.text:decompress:none:__TI_decompress_none)
                  11802d00    00000020                     : copy_decompress_rle.c.obj (.text:decompress:rle24:__TI_decompress_rle24)
                  11802d20    00000020     main.obj (.text)

.switch    0    118031b4    00000018     
                  118031b4    00000018     LCDK_Support_DSP.obj (.switch:SetSampleRate_AIC3106)

.far       0    118031d8    00000008     UNINITIALIZED
                  118031d8    00000004     (.common:CodecDataIn)
                  118031dc    00000004     (.common:CodecDataOut)

CE0        0    c0000000    00050698     UNINITIALIZED
                  c0000000    000494f8     StartUp.obj (CE0)
                  c00494f8    000071a0     ISRs_B.obj (CE0)

MODULE SUMMARY

       Module                       code    ro data   rw data
       ------                       ----    -------   -------
    .\
       StartUp.obj                  800     0         300280 
       ISRs_B.obj                   1408    0         29144  
       LCDK_Support_DSP.obj         3552    24        4      
       vectors.obj                  512     0         0      
       main.obj                     32      0         0      
    +--+----------------------------+-------+---------+---------+
       Total:                       6304    24        329428 
                                                             
    C:/ProgramData/App-V/883E8076-D99D-4911-93C4-940332A6BE1F/BFE39798-EFFD-4CAF-929B-E5A85FC35347/Root/ccs/tools/compiler/ti-cgt-c6000_8.3.8/lib/rts6740_elf.lib
       divd.c.obj                   1504    0         0      
       cos.c.obj                    800     0         64     
       divf.c.obj                   640     0         0      
       copy_decompress_rle.c.obj    288     0         0      
       exit.c.obj                   256     0         12     
       memset.c.obj                 224     0         0      
       autoinit.c.obj               192     0         0      
       divu.asm.obj                 192     0         0      
       modf.c.obj                   192     0         0      
       tls.c.obj                    192     0         0      
       memcpy64.asm.obj             160     0         0      
       round.c.obj                  160     0         0      
       boot.c.obj                   128     0         0      
       llshift.c.obj                96      0         0      
       args_main.c.obj              64      0         0      
       frcmpyd_div.c.obj            64      0         0      
       copy_decompress_none.c.obj   32      0         0      
       pre_init.c.obj               32      0         0      
       startup.c.obj                32      0         0      
       trunc.c.obj                  32      0         0      
    +--+----------------------------+-------+---------+---------+
       Total:                       5280    0         76     
                                                             
       Stack:                       0       0         1024   
       Linker Generated:            0       174       0      
    +--+----------------------------+-------+---------+---------+
       Grand Total:                 11584   198       330528 


LINKER GENERATED COPY TABLES

__TI_cinit_table @ 11803268 records: 5, size/record: 8, table size: 40
	.fardata: load addr=118031e0, load size=00000049 bytes, run addr=11803140, run size=0000004c bytes, compression=rle
	.neardata: load addr=11803229, load size=00000016 bytes, run addr=1180318c, run size=00000028 bytes, compression=rle
	CE0: load addr=1180323f, load size=0000000d bytes, run addr=c0000000, run size=00050698 bytes, compression=rle
	.bss: load addr=1180324c, load size=00000009 bytes, run addr=118031cc, run size=0000000c bytes, compression=rle
	.far: load addr=11803255, load size=00000009 bytes, run addr=118031d8, run size=00000008 bytes, compression=rle


LINKER GENERATED HANDLER TABLE

__TI_handler_table @ 11803260 records: 2, size/record: 4, table size: 8
	index: 0, handler: __TI_decompress_rle24
	index: 1, handler: __TI_decompress_none


GLOBAL SYMBOLS: SORTED ALPHABETICALLY BY Name 

address   name                           
-------   ----                           
118008f8  AIC3106_write_reg              
c0000000  Beta                           
c0017700  Beta1                          
c00301c0  Beta2                          
11802cc0  C$$EXIT                        
11800694  CheckForOverrun                
118031d8  CodecDataIn                    
118031dc  CodecDataOut                   
118015c0  Codec_ISR                      
1180020c  DSP_Init                       
1180022c  DSP_Init_EDMA                  
1180042c  EnableInterrupts               
11800484  EnableInterrupts_EDMA          
11800200  GetSampleFreq                  
118003c4  InitDigitalOutputs             
1180024c  InitLEDs                       
118006c0  Init_AIC3106                   
118004f4  Init_I2C                       
118003f0  Init_Interrupts                
1180046c  Init_Interrupts_EDMA           
11800ab4  Init_McASP0                    
11800e34  Init_UART2                     
11800f70  IsDataReady_UART2              
11800fa0  IsTxReady_UART2                
11800f0c  Puts_UART2                     
1180064c  ReadCodecData                  
118003a8  ReadSwitches                   
11800f4c  Read_UART2                     
11800938  Reset_AIC3106                  
11800544  Reset_I2C                      
11800964  SetSampleRate_AIC3106          
11801a40  StartUp                        
1180066c  WriteCodecData                 
118003d0  WriteDigitalOutputs            
118002c0  WriteLEDs                      
11800568  Write_I2C                      
11800ee0  Write_UART2                    
11802300  ZeroBuffer                     
11803268  __TI_CINIT_Base                
11803290  __TI_CINIT_Limit               
11803260  __TI_Handler_Table_Base        
11803268  __TI_Handler_Table_Limit       
11803140  __TI_STACK_END                 
00000400  __TI_STACK_SIZE                
1180318c  __TI_STATIC_BASE               
UNDEFED   __TI_TLS_INIT_Base             
UNDEFED   __TI_TLS_INIT_Limit            
118026c0  __TI_auto_init_nobinit_nopinit 
11803180  __TI_cleanup_ptr               
11802ce0  __TI_decompress_none           
11802d00  __TI_decompress_rle24          
11803184  __TI_dtors_ptr                 
11803188  __TI_enable_exit_profile_output
11802be0  __TI_frcmpyd_div               
ffffffff  __TI_pprof_out_hndl            
ffffffff  __TI_prof_data_size            
ffffffff  __TI_prof_data_start           
11802900  __TI_tls_init                  
ffffffff  __binit__                      
11800fe0  __c6xabi_divd                  
11802080  __c6xabi_divf                  
11802780  __c6xabi_divu                  
11802b80  __c6xabi_llshru                
118029c0  __c6xabi_nround                
118029c0  __c6xabi_roundl                
11802c60  __c6xabi_trunc                 
11802c60  __c6xabi_truncl                
ffffffff  __c_args__                     
11802780  __divu                         
11802c20  _args_main                     
11802b00  _c_int00                       
11802d40  _stack                         
11802c80  _system_post_cinit             
11802ca0  _system_pre_init               
11802cc0  abort                          
ffffffff  binit                          
c00494f8  buffer                         
c004ba78  buffer1                        
c004df38  buffer2                        
11801d60  cos                            
11801d60  cosl                           
11802500  exit                           
118031a4  gain                           
118031a8  gain1                          
118031ac  gain2                          
11803198  index                          
1180319c  index1                         
118031a0  index2                         
11802d20  main                           
11802a60  memcpy                         
118025e0  memset                         
11802840  modf                           
11802840  modfl                          
1180318c  oldest                         
11803190  oldest1                        
11803194  oldest2                        
118004c4  wait                           
118031cc  xLeft                          
118031d0  xRight                         
118031d4  yLeft                          


GLOBAL SYMBOLS: SORTED BY Symbol Address 

address   name                           
-------   ----                           
00000400  __TI_STACK_SIZE                
11800200  GetSampleFreq                  
1180020c  DSP_Init                       
1180022c  DSP_Init_EDMA                  
1180024c  InitLEDs                       
118002c0  WriteLEDs                      
118003a8  ReadSwitches                   
118003c4  InitDigitalOutputs             
118003d0  WriteDigitalOutputs            
118003f0  Init_Interrupts                
1180042c  EnableInterrupts               
1180046c  Init_Interrupts_EDMA           
11800484  EnableInterrupts_EDMA          
118004c4  wait                           
118004f4  Init_I2C                       
11800544  Reset_I2C                      
11800568  Write_I2C                      
1180064c  ReadCodecData                  
1180066c  WriteCodecData                 
11800694  CheckForOverrun                
118006c0  Init_AIC3106                   
118008f8  AIC3106_write_reg              
11800938  Reset_AIC3106                  
11800964  SetSampleRate_AIC3106          
11800ab4  Init_McASP0                    
11800e34  Init_UART2                     
11800ee0  Write_UART2                    
11800f0c  Puts_UART2                     
11800f4c  Read_UART2                     
11800f70  IsDataReady_UART2              
11800fa0  IsTxReady_UART2                
11800fe0  __c6xabi_divd                  
118015c0  Codec_ISR                      
11801a40  StartUp                        
11801d60  cos                            
11801d60  cosl                           
11802080  __c6xabi_divf                  
11802300  ZeroBuffer                     
11802500  exit                           
118025e0  memset                         
118026c0  __TI_auto_init_nobinit_nopinit 
11802780  __c6xabi_divu                  
11802780  __divu                         
11802840  modf                           
11802840  modfl                          
11802900  __TI_tls_init                  
118029c0  __c6xabi_nround                
118029c0  __c6xabi_roundl                
11802a60  memcpy                         
11802b00  _c_int00                       
11802b80  __c6xabi_llshru                
11802be0  __TI_frcmpyd_div               
11802c20  _args_main                     
11802c60  __c6xabi_trunc                 
11802c60  __c6xabi_truncl                
11802c80  _system_post_cinit             
11802ca0  _system_pre_init               
11802cc0  C$$EXIT                        
11802cc0  abort                          
11802ce0  __TI_decompress_none           
11802d00  __TI_decompress_rle24          
11802d20  main                           
11802d40  _stack                         
11803140  __TI_STACK_END                 
11803180  __TI_cleanup_ptr               
11803184  __TI_dtors_ptr                 
11803188  __TI_enable_exit_profile_output
1180318c  __TI_STATIC_BASE               
1180318c  oldest                         
11803190  oldest1                        
11803194  oldest2                        
11803198  index                          
1180319c  index1                         
118031a0  index2                         
118031a4  gain                           
118031a8  gain1                          
118031ac  gain2                          
118031cc  xLeft                          
118031d0  xRight                         
118031d4  yLeft                          
118031d8  CodecDataIn                    
118031dc  CodecDataOut                   
11803260  __TI_Handler_Table_Base        
11803268  __TI_CINIT_Base                
11803268  __TI_Handler_Table_Limit       
11803290  __TI_CINIT_Limit               
c0000000  Beta                           
c0017700  Beta1                          
c00301c0  Beta2                          
c00494f8  buffer                         
c004ba78  buffer1                        
c004df38  buffer2                        
ffffffff  __TI_pprof_out_hndl            
ffffffff  __TI_prof_data_size            
ffffffff  __TI_prof_data_start           
ffffffff  __binit__                      
ffffffff  __c_args__                     
ffffffff  binit                          
UNDEFED   __TI_TLS_INIT_Base             
UNDEFED   __TI_TLS_INIT_Limit            

[100 symbols]
