<?xml version="1.0" encoding="ISO-8859-1" ?>
<link_info>
   <banner>TMS320C6x Linker PC v8.3.8</banner>
   <copyright>Copyright (c) 1996-2018 Texas Instruments Incorporated</copyright>
   <link_time>0x674f5454</link_time>
   <link_errors>0x0</link_errors>
   <output_file>Flanging Effect.out</output_file>
   <entry_point>
      <name>_c_int00</name>
      <address>0x11802620</address>
   </entry_point>
   <input_file_list>
      <input_file id="fl-2">
         <path>.\</path>
         <kind>object</kind>
         <file>ISRs_B.obj</file>
         <name>ISRs_B.obj</name>
      </input_file>
      <input_file id="fl-3">
         <path>.\</path>
         <kind>object</kind>
         <file>LCDK_Support_DSP.obj</file>
         <name>LCDK_Support_DSP.obj</name>
      </input_file>
      <input_file id="fl-4">
         <path>.\</path>
         <kind>object</kind>
         <file>StartUp.obj</file>
         <name>StartUp.obj</name>
      </input_file>
      <input_file id="fl-5">
         <path>.\</path>
         <kind>object</kind>
         <file>main.obj</file>
         <name>main.obj</name>
      </input_file>
      <input_file id="fl-6">
         <path>.\</path>
         <kind>object</kind>
         <file>vectors.obj</file>
         <name>vectors.obj</name>
      </input_file>
      <input_file id="fl-b">
         <kind>object</kind>
         <file>&lt;internal&gt;</file>
         <name>&lt;internal&gt;</name>
      </input_file>
      <input_file id="fl-c">
         <path>C:\ProgramData\App-V\883E8076-D99D-4911-93C4-940332A6BE1F\BFE39798-EFFD-4CAF-929B-E5A85FC35347\Root\ccs\tools\compiler\ti-cgt-c6000_8.3.8\lib\</path>
         <kind>archive</kind>
         <file>rts6740_elf.lib</file>
         <name>divu.asm.obj</name>
      </input_file>
      <input_file id="fl-d">
         <path>C:\ProgramData\App-V\883E8076-D99D-4911-93C4-940332A6BE1F\BFE39798-EFFD-4CAF-929B-E5A85FC35347\Root\ccs\tools\compiler\ti-cgt-c6000_8.3.8\lib\</path>
         <kind>archive</kind>
         <file>rts6740_elf.lib</file>
         <name>boot.c.obj</name>
      </input_file>
      <input_file id="fl-e">
         <path>C:\ProgramData\App-V\883E8076-D99D-4911-93C4-940332A6BE1F\BFE39798-EFFD-4CAF-929B-E5A85FC35347\Root\ccs\tools\compiler\ti-cgt-c6000_8.3.8\lib\</path>
         <kind>archive</kind>
         <file>rts6740_elf.lib</file>
         <name>autoinit.c.obj</name>
      </input_file>
      <input_file id="fl-f">
         <path>C:\ProgramData\App-V\883E8076-D99D-4911-93C4-940332A6BE1F\BFE39798-EFFD-4CAF-929B-E5A85FC35347\Root\ccs\tools\compiler\ti-cgt-c6000_8.3.8\lib\</path>
         <kind>archive</kind>
         <file>rts6740_elf.lib</file>
         <name>pre_init.c.obj</name>
      </input_file>
      <input_file id="fl-10">
         <path>C:\ProgramData\App-V\883E8076-D99D-4911-93C4-940332A6BE1F\BFE39798-EFFD-4CAF-929B-E5A85FC35347\Root\ccs\tools\compiler\ti-cgt-c6000_8.3.8\lib\</path>
         <kind>archive</kind>
         <file>rts6740_elf.lib</file>
         <name>startup.c.obj</name>
      </input_file>
      <input_file id="fl-11">
         <path>C:\ProgramData\App-V\883E8076-D99D-4911-93C4-940332A6BE1F\BFE39798-EFFD-4CAF-929B-E5A85FC35347\Root\ccs\tools\compiler\ti-cgt-c6000_8.3.8\lib\</path>
         <kind>archive</kind>
         <file>rts6740_elf.lib</file>
         <name>cpy_tbl.c.obj</name>
      </input_file>
      <input_file id="fl-12">
         <path>C:\ProgramData\App-V\883E8076-D99D-4911-93C4-940332A6BE1F\BFE39798-EFFD-4CAF-929B-E5A85FC35347\Root\ccs\tools\compiler\ti-cgt-c6000_8.3.8\lib\</path>
         <kind>archive</kind>
         <file>rts6740_elf.lib</file>
         <name>copy_zero_init.c.obj</name>
      </input_file>
      <input_file id="fl-13">
         <path>C:\ProgramData\App-V\883E8076-D99D-4911-93C4-940332A6BE1F\BFE39798-EFFD-4CAF-929B-E5A85FC35347\Root\ccs\tools\compiler\ti-cgt-c6000_8.3.8\lib\</path>
         <kind>archive</kind>
         <file>rts6740_elf.lib</file>
         <name>copy_decompress_none.c.obj</name>
      </input_file>
      <input_file id="fl-14">
         <path>C:\ProgramData\App-V\883E8076-D99D-4911-93C4-940332A6BE1F\BFE39798-EFFD-4CAF-929B-E5A85FC35347\Root\ccs\tools\compiler\ti-cgt-c6000_8.3.8\lib\</path>
         <kind>archive</kind>
         <file>rts6740_elf.lib</file>
         <name>copy_decompress_rle.c.obj</name>
      </input_file>
      <input_file id="fl-15">
         <path>C:\ProgramData\App-V\883E8076-D99D-4911-93C4-940332A6BE1F\BFE39798-EFFD-4CAF-929B-E5A85FC35347\Root\ccs\tools\compiler\ti-cgt-c6000_8.3.8\lib\</path>
         <kind>archive</kind>
         <file>rts6740_elf.lib</file>
         <name>cos.c.obj</name>
      </input_file>
      <input_file id="fl-16">
         <path>C:\ProgramData\App-V\883E8076-D99D-4911-93C4-940332A6BE1F\BFE39798-EFFD-4CAF-929B-E5A85FC35347\Root\ccs\tools\compiler\ti-cgt-c6000_8.3.8\lib\</path>
         <kind>archive</kind>
         <file>rts6740_elf.lib</file>
         <name>modf.c.obj</name>
      </input_file>
      <input_file id="fl-17">
         <path>C:\ProgramData\App-V\883E8076-D99D-4911-93C4-940332A6BE1F\BFE39798-EFFD-4CAF-929B-E5A85FC35347\Root\ccs\tools\compiler\ti-cgt-c6000_8.3.8\lib\</path>
         <kind>archive</kind>
         <file>rts6740_elf.lib</file>
         <name>round.c.obj</name>
      </input_file>
      <input_file id="fl-18">
         <path>C:\ProgramData\App-V\883E8076-D99D-4911-93C4-940332A6BE1F\BFE39798-EFFD-4CAF-929B-E5A85FC35347\Root\ccs\tools\compiler\ti-cgt-c6000_8.3.8\lib\</path>
         <kind>archive</kind>
         <file>rts6740_elf.lib</file>
         <name>trunc.c.obj</name>
      </input_file>
      <input_file id="fl-19">
         <path>C:\ProgramData\App-V\883E8076-D99D-4911-93C4-940332A6BE1F\BFE39798-EFFD-4CAF-929B-E5A85FC35347\Root\ccs\tools\compiler\ti-cgt-c6000_8.3.8\lib\</path>
         <kind>archive</kind>
         <file>rts6740_elf.lib</file>
         <name>divf.c.obj</name>
      </input_file>
      <input_file id="fl-1a">
         <path>C:\ProgramData\App-V\883E8076-D99D-4911-93C4-940332A6BE1F\BFE39798-EFFD-4CAF-929B-E5A85FC35347\Root\ccs\tools\compiler\ti-cgt-c6000_8.3.8\lib\</path>
         <kind>archive</kind>
         <file>rts6740_elf.lib</file>
         <name>divd.c.obj</name>
      </input_file>
      <input_file id="fl-1b">
         <path>C:\ProgramData\App-V\883E8076-D99D-4911-93C4-940332A6BE1F\BFE39798-EFFD-4CAF-929B-E5A85FC35347\Root\ccs\tools\compiler\ti-cgt-c6000_8.3.8\lib\</path>
         <kind>archive</kind>
         <file>rts6740_elf.lib</file>
         <name>frcmpyd_div.c.obj</name>
      </input_file>
      <input_file id="fl-1c">
         <path>C:\ProgramData\App-V\883E8076-D99D-4911-93C4-940332A6BE1F\BFE39798-EFFD-4CAF-929B-E5A85FC35347\Root\ccs\tools\compiler\ti-cgt-c6000_8.3.8\lib\</path>
         <kind>archive</kind>
         <file>rts6740_elf.lib</file>
         <name>tls.c.obj</name>
      </input_file>
      <input_file id="fl-1d">
         <path>C:\ProgramData\App-V\883E8076-D99D-4911-93C4-940332A6BE1F\BFE39798-EFFD-4CAF-929B-E5A85FC35347\Root\ccs\tools\compiler\ti-cgt-c6000_8.3.8\lib\</path>
         <kind>archive</kind>
         <file>rts6740_elf.lib</file>
         <name>exit.c.obj</name>
      </input_file>
      <input_file id="fl-1e">
         <path>C:\ProgramData\App-V\883E8076-D99D-4911-93C4-940332A6BE1F\BFE39798-EFFD-4CAF-929B-E5A85FC35347\Root\ccs\tools\compiler\ti-cgt-c6000_8.3.8\lib\</path>
         <kind>archive</kind>
         <file>rts6740_elf.lib</file>
         <name>args_main.c.obj</name>
      </input_file>
      <input_file id="fl-1f">
         <path>C:\ProgramData\App-V\883E8076-D99D-4911-93C4-940332A6BE1F\BFE39798-EFFD-4CAF-929B-E5A85FC35347\Root\ccs\tools\compiler\ti-cgt-c6000_8.3.8\lib\</path>
         <kind>archive</kind>
         <file>rts6740_elf.lib</file>
         <name>tls_get_tp.asm.obj</name>
      </input_file>
      <input_file id="fl-20">
         <path>C:\ProgramData\App-V\883E8076-D99D-4911-93C4-940332A6BE1F\BFE39798-EFFD-4CAF-929B-E5A85FC35347\Root\ccs\tools\compiler\ti-cgt-c6000_8.3.8\lib\</path>
         <kind>archive</kind>
         <file>rts6740_elf.lib</file>
         <name>memcpy64.asm.obj</name>
      </input_file>
      <input_file id="fl-21">
         <path>C:\ProgramData\App-V\883E8076-D99D-4911-93C4-940332A6BE1F\BFE39798-EFFD-4CAF-929B-E5A85FC35347\Root\ccs\tools\compiler\ti-cgt-c6000_8.3.8\lib\</path>
         <kind>archive</kind>
         <file>rts6740_elf.lib</file>
         <name>llshift.c.obj</name>
      </input_file>
      <input_file id="fl-22">
         <path>C:\ProgramData\App-V\883E8076-D99D-4911-93C4-940332A6BE1F\BFE39798-EFFD-4CAF-929B-E5A85FC35347\Root\ccs\tools\compiler\ti-cgt-c6000_8.3.8\lib\</path>
         <kind>archive</kind>
         <file>rts6740_elf.lib</file>
         <name>memset.c.obj</name>
      </input_file>
   </input_file_list>
   <object_component_list>
      <object_component id="oc-20">
         <name>vectors</name>
         <load_address>0x11800000</load_address>
         <run_address>0x11800000</run_address>
         <size>0x200</size>
         <input_file_ref idref="fl-6"/>
      </object_component>
      <object_component id="oc-7d">
         <name>.neardata</name>
         <load_address>0x11802d24</load_address>
         <run_address>0x11802d24</run_address>
         <size>0xc</size>
         <input_file_ref idref="fl-2"/>
      </object_component>
      <object_component id="oc-f1">
         <name>.neardata</name>
         <load_address>0x11802d30</load_address>
         <run_address>0x11802d30</run_address>
         <size>0x4</size>
         <input_file_ref idref="fl-3"/>
      </object_component>
      <object_component id="oc-7b">
         <name>.common:xLeft</name>
         <uninitialized>true</uninitialized>
         <run_address>0x11802d34</run_address>
         <size>0x4</size>
      </object_component>
      <object_component id="oc-7c">
         <name>.common:xRight</name>
         <uninitialized>true</uninitialized>
         <run_address>0x11802d38</run_address>
         <size>0x4</size>
      </object_component>
      <object_component id="oc-86">
         <name>.common:yLeft</name>
         <uninitialized>true</uninitialized>
         <run_address>0x11802d3c</run_address>
         <size>0x4</size>
      </object_component>
      <object_component id="oc-231">
         <name>.cinit..fardata.load</name>
         <load_address>0x11802d48</load_address>
         <run_address>0x11802d48</run_address>
         <size>0x49</size>
      </object_component>
      <object_component id="oc-22e">
         <name>.cinit..neardata.load</name>
         <load_address>0x11802d91</load_address>
         <run_address>0x11802d91</run_address>
         <size>0xe</size>
      </object_component>
      <object_component id="oc-232">
         <name>.cinit.CE0.load</name>
         <load_address>0x11802d9f</load_address>
         <run_address>0x11802d9f</run_address>
         <size>0xd</size>
      </object_component>
      <object_component id="oc-22f">
         <name>.cinit..bss.load</name>
         <load_address>0x11802dac</load_address>
         <run_address>0x11802dac</run_address>
         <size>0x9</size>
      </object_component>
      <object_component id="oc-230">
         <name>.cinit..far.load</name>
         <load_address>0x11802db5</load_address>
         <run_address>0x11802db5</run_address>
         <size>0x9</size>
      </object_component>
      <object_component id="oc-22c">
         <name>__TI_handler_table</name>
         <load_address>0x11802dc0</load_address>
         <run_address>0x11802dc0</run_address>
         <size>0x8</size>
      </object_component>
      <object_component id="oc-22d">
         <name>__TI_cinit_table</name>
         <load_address>0x11802dc8</load_address>
         <run_address>0x11802dc8</run_address>
         <size>0x28</size>
      </object_component>
      <object_component id="oc-30">
         <name>.stack</name>
         <uninitialized>true</uninitialized>
         <run_address>0x118028c0</run_address>
         <size>0x8</size>
         <input_file_ref idref="fl-d"/>
      </object_component>
      <object_component id="oc-233">
         <name>.stack</name>
         <uninitialized>true</uninitialized>
         <run_address>0x118028c0</run_address>
         <size>0x0</size>
      </object_component>
      <object_component id="oc-6c">
         <name>.text</name>
         <load_address>0x11800200</load_address>
         <run_address>0x11800200</run_address>
         <size>0xde0</size>
         <input_file_ref idref="fl-3"/>
      </object_component>
      <object_component id="oc-187">
         <name>.text:__c6xabi_divd</name>
         <load_address>0x11800fe0</load_address>
         <run_address>0x11800fe0</run_address>
         <size>0x5e0</size>
         <input_file_ref idref="fl-1a"/>
      </object_component>
      <object_component id="oc-181">
         <name>.text:cos</name>
         <load_address>0x118015c0</load_address>
         <run_address>0x118015c0</run_address>
         <size>0x320</size>
         <input_file_ref idref="fl-15"/>
      </object_component>
      <object_component id="oc-2a">
         <name>.text:retain</name>
         <load_address>0x118018e0</load_address>
         <run_address>0x118018e0</run_address>
         <size>0x2a0</size>
         <input_file_ref idref="fl-2"/>
      </object_component>
      <object_component id="oc-17b">
         <name>.text:__c6xabi_divf</name>
         <load_address>0x11801b80</load_address>
         <run_address>0x11801b80</run_address>
         <size>0x280</size>
         <input_file_ref idref="fl-19"/>
      </object_component>
      <object_component id="oc-12b">
         <name>.text</name>
         <load_address>0x11801e00</load_address>
         <run_address>0x11801e00</run_address>
         <size>0x120</size>
         <input_file_ref idref="fl-4"/>
      </object_component>
      <object_component id="oc-3f">
         <name>.text:__TI_decompress_rle_core</name>
         <load_address>0x11801f20</load_address>
         <run_address>0x11801f20</run_address>
         <size>0x100</size>
         <input_file_ref idref="fl-14"/>
      </object_component>
      <object_component id="oc-5d">
         <name>.text:exit</name>
         <load_address>0x11802020</load_address>
         <run_address>0x11802020</run_address>
         <size>0xe0</size>
         <input_file_ref idref="fl-1d"/>
      </object_component>
      <object_component id="oc-99">
         <name>.text:memset</name>
         <load_address>0x11802100</load_address>
         <run_address>0x11802100</run_address>
         <size>0xe0</size>
         <input_file_ref idref="fl-22"/>
      </object_component>
      <object_component id="oc-c1">
         <name>.text:__TI_auto_init_nobinit_nopinit:__TI_auto_init_nobinit_nopinit</name>
         <load_address>0x118021e0</load_address>
         <run_address>0x118021e0</run_address>
         <size>0xc0</size>
         <input_file_ref idref="fl-e"/>
      </object_component>
      <object_component id="oc-f5">
         <name>.text:__divu</name>
         <load_address>0x118022a0</load_address>
         <run_address>0x118022a0</run_address>
         <size>0xc0</size>
         <input_file_ref idref="fl-c"/>
      </object_component>
      <object_component id="oc-101">
         <name>.text:modf</name>
         <load_address>0x11802360</load_address>
         <run_address>0x11802360</run_address>
         <size>0xc0</size>
         <input_file_ref idref="fl-16"/>
      </object_component>
      <object_component id="oc-144">
         <name>.text:tls:init:__TI_tls_init</name>
         <load_address>0x11802420</load_address>
         <run_address>0x11802420</run_address>
         <size>0xc0</size>
         <input_file_ref idref="fl-1c"/>
      </object_component>
      <object_component id="oc-72">
         <name>.text:__c6xabi_nround</name>
         <load_address>0x118024e0</load_address>
         <run_address>0x118024e0</run_address>
         <size>0xa0</size>
         <input_file_ref idref="fl-17"/>
      </object_component>
      <object_component id="oc-33">
         <name>.text:memcpy</name>
         <load_address>0x11802580</load_address>
         <run_address>0x11802580</run_address>
         <size>0xa0</size>
         <input_file_ref idref="fl-20"/>
      </object_component>
      <object_component id="oc-1f">
         <name>.text:_c_int00</name>
         <load_address>0x11802620</load_address>
         <run_address>0x11802620</run_address>
         <size>0x80</size>
         <input_file_ref idref="fl-d"/>
      </object_component>
      <object_component id="oc-175">
         <name>.text</name>
         <load_address>0x118026a0</load_address>
         <run_address>0x118026a0</run_address>
         <size>0x60</size>
         <input_file_ref idref="fl-2"/>
      </object_component>
      <object_component id="oc-1b2">
         <name>.text:__c6xabi_llshru</name>
         <load_address>0x11802700</load_address>
         <run_address>0x11802700</run_address>
         <size>0x60</size>
         <input_file_ref idref="fl-21"/>
      </object_component>
      <object_component id="oc-1b8">
         <name>.text:__TI_frcmpyd_div</name>
         <load_address>0x11802760</load_address>
         <run_address>0x11802760</run_address>
         <size>0x40</size>
         <input_file_ref idref="fl-1b"/>
      </object_component>
      <object_component id="oc-57">
         <name>.text:_args_main</name>
         <load_address>0x118027a0</load_address>
         <run_address>0x118027a0</run_address>
         <size>0x40</size>
         <input_file_ref idref="fl-1e"/>
      </object_component>
      <object_component id="oc-1aa">
         <name>.text:__c6xabi_trunc</name>
         <load_address>0x118027e0</load_address>
         <run_address>0x118027e0</run_address>
         <size>0x20</size>
         <input_file_ref idref="fl-18"/>
      </object_component>
      <object_component id="oc-13e">
         <name>.text:_system_post_cinit</name>
         <load_address>0x11802800</load_address>
         <run_address>0x11802800</run_address>
         <size>0x20</size>
         <input_file_ref idref="fl-10"/>
      </object_component>
      <object_component id="oc-63">
         <name>.text:_system_pre_init</name>
         <load_address>0x11802820</load_address>
         <run_address>0x11802820</run_address>
         <size>0x20</size>
         <input_file_ref idref="fl-f"/>
      </object_component>
      <object_component id="oc-b8">
         <name>.text:abort</name>
         <load_address>0x11802840</load_address>
         <run_address>0x11802840</run_address>
         <size>0x20</size>
         <input_file_ref idref="fl-1d"/>
      </object_component>
      <object_component id="oc-12">
         <name>.text:decompress:none:__TI_decompress_none</name>
         <load_address>0x11802860</load_address>
         <run_address>0x11802860</run_address>
         <size>0x20</size>
         <input_file_ref idref="fl-13"/>
      </object_component>
      <object_component id="oc-18">
         <name>.text:decompress:rle24:__TI_decompress_rle24</name>
         <load_address>0x11802880</load_address>
         <run_address>0x11802880</run_address>
         <size>0x20</size>
         <input_file_ref idref="fl-14"/>
      </object_component>
      <object_component id="oc-ad">
         <name>.text</name>
         <load_address>0x118028a0</load_address>
         <run_address>0x118028a0</run_address>
         <size>0x20</size>
         <input_file_ref idref="fl-5"/>
      </object_component>
      <object_component id="oc-f4">
         <name>.switch:SetSampleRate_AIC3106</name>
         <load_address>0x11802d0c</load_address>
         <run_address>0x11802d0c</run_address>
         <size>0x18</size>
         <input_file_ref idref="fl-3"/>
      </object_component>
      <object_component id="oc-78">
         <name>.common:CodecDataIn</name>
         <uninitialized>true</uninitialized>
         <run_address>0x11802d40</run_address>
         <size>0x4</size>
      </object_component>
      <object_component id="oc-87">
         <name>.common:CodecDataOut</name>
         <uninitialized>true</uninitialized>
         <run_address>0x11802d44</run_address>
         <size>0x4</size>
      </object_component>
      <object_component id="oc-1a9">
         <name>.fardata:R$1</name>
         <load_address>0x11802cc0</load_address>
         <run_address>0x11802cc0</run_address>
         <size>0x40</size>
         <input_file_ref idref="fl-15"/>
      </object_component>
      <object_component id="oc-b5">
         <name>.fardata</name>
         <load_address>0x11802d00</load_address>
         <run_address>0x11802d00</run_address>
         <size>0xc</size>
         <input_file_ref idref="fl-1d"/>
      </object_component>
      <object_component id="oc-80">
         <name>CE0</name>
         <uninitialized>true</uninitialized>
         <run_address>0xc005dc00</run_address>
         <size>0x300</size>
         <input_file_ref idref="fl-2"/>
      </object_component>
      <object_component id="oc-83">
         <name>CE0</name>
         <uninitialized>true</uninitialized>
         <run_address>0xc0000000</run_address>
         <size>0x5dc00</size>
         <input_file_ref idref="fl-4"/>
      </object_component>
      <object_component id="oc-79">
         <name>.debug_info</name>
         <load_address>0x0</load_address>
         <run_address>0x0</run_address>
         <size>0x775</size>
         <input_file_ref idref="fl-2"/>
      </object_component>
      <object_component id="oc-7e">
         <name>.debug_info</name>
         <load_address>0x775</load_address>
         <run_address>0x775</run_address>
         <size>0xdf</size>
         <input_file_ref idref="fl-2"/>
      </object_component>
      <object_component id="oc-81">
         <name>.debug_info</name>
         <load_address>0x854</load_address>
         <run_address>0x854</run_address>
         <size>0xab</size>
         <input_file_ref idref="fl-2"/>
      </object_component>
      <object_component id="oc-178">
         <name>.debug_info</name>
         <load_address>0x8ff</load_address>
         <run_address>0x8ff</run_address>
         <size>0xed</size>
         <input_file_ref idref="fl-2"/>
      </object_component>
      <object_component id="oc-2d">
         <name>.debug_info</name>
         <load_address>0x9ec</load_address>
         <run_address>0x9ec</run_address>
         <size>0x171</size>
         <input_file_ref idref="fl-2"/>
      </object_component>
      <object_component id="oc-163">
         <name>.debug_info</name>
         <load_address>0xb5d</load_address>
         <run_address>0xb5d</run_address>
         <size>0x99d</size>
         <input_file_ref idref="fl-2"/>
      </object_component>
      <object_component id="oc-10e">
         <name>.debug_info</name>
         <load_address>0x14fa</load_address>
         <run_address>0x14fa</run_address>
         <size>0x26b</size>
         <input_file_ref idref="fl-2"/>
      </object_component>
      <object_component id="oc-10a">
         <name>.debug_info</name>
         <load_address>0x1765</load_address>
         <run_address>0x1765</run_address>
         <size>0x51</size>
         <input_file_ref idref="fl-2"/>
      </object_component>
      <object_component id="oc-89">
         <name>.debug_info</name>
         <load_address>0x17b6</load_address>
         <run_address>0x17b6</run_address>
         <size>0xc0</size>
         <input_file_ref idref="fl-2"/>
      </object_component>
      <object_component id="oc-fb">
         <name>.debug_info</name>
         <load_address>0x1876</load_address>
         <run_address>0x1876</run_address>
         <size>0xbb</size>
         <input_file_ref idref="fl-2"/>
      </object_component>
      <object_component id="oc-16a">
         <name>.debug_info</name>
         <load_address>0x1931</load_address>
         <run_address>0x1931</run_address>
         <size>0x275</size>
         <input_file_ref idref="fl-2"/>
      </object_component>
      <object_component id="oc-100">
         <name>.debug_info</name>
         <load_address>0x1ba6</load_address>
         <run_address>0x1ba6</run_address>
         <size>0x5e5</size>
         <input_file_ref idref="fl-3"/>
      </object_component>
      <object_component id="oc-f2">
         <name>.debug_info</name>
         <load_address>0x218b</load_address>
         <run_address>0x218b</run_address>
         <size>0xbc</size>
         <input_file_ref idref="fl-3"/>
      </object_component>
      <object_component id="oc-6d">
         <name>.debug_info</name>
         <load_address>0x2247</load_address>
         <run_address>0x2247</run_address>
         <size>0x156a</size>
         <input_file_ref idref="fl-3"/>
      </object_component>
      <object_component id="oc-119">
         <name>.debug_info</name>
         <load_address>0x37b1</load_address>
         <run_address>0x37b1</run_address>
         <size>0x5f5</size>
         <input_file_ref idref="fl-4"/>
      </object_component>
      <object_component id="oc-84">
         <name>.debug_info</name>
         <load_address>0x3da6</load_address>
         <run_address>0x3da6</run_address>
         <size>0xa8</size>
         <input_file_ref idref="fl-4"/>
      </object_component>
      <object_component id="oc-12c">
         <name>.debug_info</name>
         <load_address>0x3e4e</load_address>
         <run_address>0x3e4e</run_address>
         <size>0x17b</size>
         <input_file_ref idref="fl-4"/>
      </object_component>
      <object_component id="oc-b1">
         <name>.debug_info</name>
         <load_address>0x3fc9</load_address>
         <run_address>0x3fc9</run_address>
         <size>0xea</size>
         <input_file_ref idref="fl-5"/>
      </object_component>
      <object_component id="oc-21">
         <name>.debug_info</name>
         <load_address>0x40b3</load_address>
         <run_address>0x40b3</run_address>
         <size>0xba</size>
         <input_file_ref idref="fl-6"/>
      </object_component>
      <object_component id="oc-f8">
         <name>.debug_info</name>
         <load_address>0x416d</load_address>
         <run_address>0x416d</run_address>
         <size>0x114</size>
         <input_file_ref idref="fl-c"/>
      </object_component>
      <object_component id="oc-90">
         <name>.debug_info</name>
         <load_address>0x4281</load_address>
         <run_address>0x4281</run_address>
         <size>0x5de</size>
         <input_file_ref idref="fl-d"/>
      </object_component>
      <object_component id="oc-31">
         <name>.debug_info</name>
         <load_address>0x485f</load_address>
         <run_address>0x485f</run_address>
         <size>0xf5</size>
         <input_file_ref idref="fl-d"/>
      </object_component>
      <object_component id="oc-28">
         <name>.debug_info</name>
         <load_address>0x4954</load_address>
         <run_address>0x4954</run_address>
         <size>0x182</size>
         <input_file_ref idref="fl-d"/>
      </object_component>
      <object_component id="oc-14b">
         <name>.debug_info</name>
         <load_address>0x4ad6</load_address>
         <run_address>0x4ad6</run_address>
         <size>0x7c3</size>
         <input_file_ref idref="fl-e"/>
      </object_component>
      <object_component id="oc-c4">
         <name>.debug_info</name>
         <load_address>0x5299</load_address>
         <run_address>0x5299</run_address>
         <size>0x1af</size>
         <input_file_ref idref="fl-e"/>
      </object_component>
      <object_component id="oc-193">
         <name>.debug_info</name>
         <load_address>0x5448</load_address>
         <run_address>0x5448</run_address>
         <size>0x39</size>
         <input_file_ref idref="fl-e"/>
      </object_component>
      <object_component id="oc-19f">
         <name>.debug_info</name>
         <load_address>0x5481</load_address>
         <run_address>0x5481</run_address>
         <size>0x39</size>
         <input_file_ref idref="fl-e"/>
      </object_component>
      <object_component id="oc-156">
         <name>.debug_info</name>
         <load_address>0x54ba</load_address>
         <run_address>0x54ba</run_address>
         <size>0x39</size>
         <input_file_ref idref="fl-e"/>
      </object_component>
      <object_component id="oc-198">
         <name>.debug_info</name>
         <load_address>0x54f3</load_address>
         <run_address>0x54f3</run_address>
         <size>0xcd</size>
         <input_file_ref idref="fl-e"/>
      </object_component>
      <object_component id="oc-65">
         <name>.debug_info</name>
         <load_address>0x55c0</load_address>
         <run_address>0x55c0</run_address>
         <size>0x148</size>
         <input_file_ref idref="fl-f"/>
      </object_component>
      <object_component id="oc-140">
         <name>.debug_info</name>
         <load_address>0x5708</load_address>
         <run_address>0x5708</run_address>
         <size>0x145</size>
         <input_file_ref idref="fl-10"/>
      </object_component>
      <object_component id="oc-11e">
         <name>.debug_info</name>
         <load_address>0x584d</load_address>
         <run_address>0x584d</run_address>
         <size>0x2c</size>
         <input_file_ref idref="fl-12"/>
      </object_component>
      <object_component id="oc-3e">
         <name>.debug_info</name>
         <load_address>0x5879</load_address>
         <run_address>0x5879</run_address>
         <size>0x56c</size>
         <input_file_ref idref="fl-13"/>
      </object_component>
      <object_component id="oc-14">
         <name>.debug_info</name>
         <load_address>0x5de5</load_address>
         <run_address>0x5de5</run_address>
         <size>0x1cc</size>
         <input_file_ref idref="fl-13"/>
      </object_component>
      <object_component id="oc-39">
         <name>.debug_info</name>
         <load_address>0x5fb1</load_address>
         <run_address>0x5fb1</run_address>
         <size>0x46</size>
         <input_file_ref idref="fl-13"/>
      </object_component>
      <object_component id="oc-92">
         <name>.debug_info</name>
         <load_address>0x5ff7</load_address>
         <run_address>0x5ff7</run_address>
         <size>0x2c</size>
         <input_file_ref idref="fl-13"/>
      </object_component>
      <object_component id="oc-a0">
         <name>.debug_info</name>
         <load_address>0x6023</load_address>
         <run_address>0x6023</run_address>
         <size>0x59d</size>
         <input_file_ref idref="fl-14"/>
      </object_component>
      <object_component id="oc-40">
         <name>.debug_info</name>
         <load_address>0x65c0</load_address>
         <run_address>0x65c0</run_address>
         <size>0x254</size>
         <input_file_ref idref="fl-14"/>
      </object_component>
      <object_component id="oc-19">
         <name>.debug_info</name>
         <load_address>0x6814</load_address>
         <run_address>0x6814</run_address>
         <size>0x1b1</size>
         <input_file_ref idref="fl-14"/>
      </object_component>
      <object_component id="oc-46">
         <name>.debug_info</name>
         <load_address>0x69c5</load_address>
         <run_address>0x69c5</run_address>
         <size>0x46</size>
         <input_file_ref idref="fl-14"/>
      </object_component>
      <object_component id="oc-125">
         <name>.debug_info</name>
         <load_address>0x6a0b</load_address>
         <run_address>0x6a0b</run_address>
         <size>0x39</size>
         <input_file_ref idref="fl-14"/>
      </object_component>
      <object_component id="oc-a1">
         <name>.debug_info</name>
         <load_address>0x6a44</load_address>
         <run_address>0x6a44</run_address>
         <size>0x2c</size>
         <input_file_ref idref="fl-14"/>
      </object_component>
      <object_component id="oc-1b1">
         <name>.debug_info</name>
         <load_address>0x6a70</load_address>
         <run_address>0x6a70</run_address>
         <size>0x5e7</size>
         <input_file_ref idref="fl-15"/>
      </object_component>
      <object_component id="oc-182">
         <name>.debug_info</name>
         <load_address>0x7057</load_address>
         <run_address>0x7057</run_address>
         <size>0x20c</size>
         <input_file_ref idref="fl-15"/>
      </object_component>
      <object_component id="oc-169">
         <name>.debug_info</name>
         <load_address>0x7263</load_address>
         <run_address>0x7263</run_address>
         <size>0x556</size>
         <input_file_ref idref="fl-16"/>
      </object_component>
      <object_component id="oc-102">
         <name>.debug_info</name>
         <load_address>0x77b9</load_address>
         <run_address>0x77b9</run_address>
         <size>0x181</size>
         <input_file_ref idref="fl-16"/>
      </object_component>
      <object_component id="oc-73">
         <name>.debug_info</name>
         <load_address>0x793a</load_address>
         <run_address>0x793a</run_address>
         <size>0x16e</size>
         <input_file_ref idref="fl-17"/>
      </object_component>
      <object_component id="oc-1ac">
         <name>.debug_info</name>
         <load_address>0x7aa8</load_address>
         <run_address>0x7aa8</run_address>
         <size>0x15f</size>
         <input_file_ref idref="fl-18"/>
      </object_component>
      <object_component id="oc-1a8">
         <name>.debug_info</name>
         <load_address>0x7c07</load_address>
         <run_address>0x7c07</run_address>
         <size>0x6eb</size>
         <input_file_ref idref="fl-19"/>
      </object_component>
      <object_component id="oc-17c">
         <name>.debug_info</name>
         <load_address>0x82f2</load_address>
         <run_address>0x82f2</run_address>
         <size>0x191</size>
         <input_file_ref idref="fl-19"/>
      </object_component>
      <object_component id="oc-204">
         <name>.debug_info</name>
         <load_address>0x8483</load_address>
         <run_address>0x8483</run_address>
         <size>0x53</size>
         <input_file_ref idref="fl-19"/>
      </object_component>
      <object_component id="oc-1ee">
         <name>.debug_info</name>
         <load_address>0x84d6</load_address>
         <run_address>0x84d6</run_address>
         <size>0x2c</size>
         <input_file_ref idref="fl-19"/>
      </object_component>
      <object_component id="oc-18a">
         <name>.debug_info</name>
         <load_address>0x8502</load_address>
         <run_address>0x8502</run_address>
         <size>0x245</size>
         <input_file_ref idref="fl-1a"/>
      </object_component>
      <object_component id="oc-1bf">
         <name>.debug_info</name>
         <load_address>0x8747</load_address>
         <run_address>0x8747</run_address>
         <size>0x7f</size>
         <input_file_ref idref="fl-1a"/>
      </object_component>
      <object_component id="oc-1f3">
         <name>.debug_info</name>
         <load_address>0x87c6</load_address>
         <run_address>0x87c6</run_address>
         <size>0x60</size>
         <input_file_ref idref="fl-1a"/>
      </object_component>
      <object_component id="oc-1c4">
         <name>.debug_info</name>
         <load_address>0x8826</load_address>
         <run_address>0x8826</run_address>
         <size>0x46</size>
         <input_file_ref idref="fl-1a"/>
      </object_component>
      <object_component id="oc-1b9">
         <name>.debug_info</name>
         <load_address>0x886c</load_address>
         <run_address>0x886c</run_address>
         <size>0x167</size>
         <input_file_ref idref="fl-1b"/>
      </object_component>
      <object_component id="oc-1f8">
         <name>.debug_info</name>
         <load_address>0x89d3</load_address>
         <run_address>0x89d3</run_address>
         <size>0x2c</size>
         <input_file_ref idref="fl-1b"/>
      </object_component>
      <object_component id="oc-1ff">
         <name>.debug_info</name>
         <load_address>0x89ff</load_address>
         <run_address>0x89ff</run_address>
         <size>0x2c</size>
         <input_file_ref idref="fl-1b"/>
      </object_component>
      <object_component id="oc-1e9">
         <name>.debug_info</name>
         <load_address>0x8a2b</load_address>
         <run_address>0x8a2b</run_address>
         <size>0x2c</size>
         <input_file_ref idref="fl-1b"/>
      </object_component>
      <object_component id="oc-190">
         <name>.debug_info</name>
         <load_address>0x8a57</load_address>
         <run_address>0x8a57</run_address>
         <size>0x6f9</size>
         <input_file_ref idref="fl-1c"/>
      </object_component>
      <object_component id="oc-145">
         <name>.debug_info</name>
         <load_address>0x9150</load_address>
         <run_address>0x9150</run_address>
         <size>0x20f</size>
         <input_file_ref idref="fl-1c"/>
      </object_component>
      <object_component id="oc-1cb">
         <name>.debug_info</name>
         <load_address>0x935f</load_address>
         <run_address>0x935f</run_address>
         <size>0x2c</size>
         <input_file_ref idref="fl-1c"/>
      </object_component>
      <object_component id="oc-1d0">
         <name>.debug_info</name>
         <load_address>0x938b</load_address>
         <run_address>0x938b</run_address>
         <size>0x39</size>
         <input_file_ref idref="fl-1c"/>
      </object_component>
      <object_component id="oc-bf">
         <name>.debug_info</name>
         <load_address>0x93c4</load_address>
         <run_address>0x93c4</run_address>
         <size>0x59b</size>
         <input_file_ref idref="fl-1d"/>
      </object_component>
      <object_component id="oc-b6">
         <name>.debug_info</name>
         <load_address>0x995f</load_address>
         <run_address>0x995f</run_address>
         <size>0x185</size>
         <input_file_ref idref="fl-1d"/>
      </object_component>
      <object_component id="oc-bc">
         <name>.debug_info</name>
         <load_address>0x9ae4</load_address>
         <run_address>0x9ae4</run_address>
         <size>0x117</size>
         <input_file_ref idref="fl-1d"/>
      </object_component>
      <object_component id="oc-60">
         <name>.debug_info</name>
         <load_address>0x9bfb</load_address>
         <run_address>0x9bfb</run_address>
         <size>0x177</size>
         <input_file_ref idref="fl-1d"/>
      </object_component>
      <object_component id="oc-b4">
         <name>.debug_info</name>
         <load_address>0x9d72</load_address>
         <run_address>0x9d72</run_address>
         <size>0x5a8</size>
         <input_file_ref idref="fl-1e"/>
      </object_component>
      <object_component id="oc-59">
         <name>.debug_info</name>
         <load_address>0xa31a</load_address>
         <run_address>0xa31a</run_address>
         <size>0x167</size>
         <input_file_ref idref="fl-1e"/>
      </object_component>
      <object_component id="oc-134">
         <name>.debug_info</name>
         <load_address>0xa481</load_address>
         <run_address>0xa481</run_address>
         <size>0x5e</size>
         <input_file_ref idref="fl-1e"/>
      </object_component>
      <object_component id="oc-34">
         <name>.debug_info</name>
         <load_address>0xa4df</load_address>
         <run_address>0xa4df</run_address>
         <size>0x121</size>
         <input_file_ref idref="fl-20"/>
      </object_component>
      <object_component id="oc-1e7">
         <name>.debug_info</name>
         <load_address>0xa600</load_address>
         <run_address>0xa600</run_address>
         <size>0x553</size>
         <input_file_ref idref="fl-21"/>
      </object_component>
      <object_component id="oc-1b4">
         <name>.debug_info</name>
         <load_address>0xab53</load_address>
         <run_address>0xab53</run_address>
         <size>0x1a4</size>
         <input_file_ref idref="fl-21"/>
      </object_component>
      <object_component id="oc-1e2">
         <name>.debug_info</name>
         <load_address>0xacf7</load_address>
         <run_address>0xacf7</run_address>
         <size>0x39</size>
         <input_file_ref idref="fl-21"/>
      </object_component>
      <object_component id="oc-11d">
         <name>.debug_info</name>
         <load_address>0xad30</load_address>
         <run_address>0xad30</run_address>
         <size>0x563</size>
         <input_file_ref idref="fl-22"/>
      </object_component>
      <object_component id="oc-9a">
         <name>.debug_info</name>
         <load_address>0xb293</load_address>
         <run_address>0xb293</run_address>
         <size>0x229</size>
         <input_file_ref idref="fl-22"/>
      </object_component>
      <object_component id="oc-234">
         <name>.debug_info</name>
         <load_address>0xb4bc</load_address>
         <run_address>0xb4bc</run_address>
         <size>0x89</size>
      </object_component>
      <object_component id="oc-109">
         <name>.debug_line</name>
         <load_address>0x0</load_address>
         <run_address>0x0</run_address>
         <size>0xe4</size>
         <input_file_ref idref="fl-2"/>
      </object_component>
      <object_component id="oc-114">
         <name>.debug_line</name>
         <load_address>0xe4</load_address>
         <run_address>0xe4</run_address>
         <size>0x2f</size>
         <input_file_ref idref="fl-2"/>
      </object_component>
      <object_component id="oc-116">
         <name>.debug_line</name>
         <load_address>0x113</load_address>
         <run_address>0x113</run_address>
         <size>0x2f</size>
         <input_file_ref idref="fl-2"/>
      </object_component>
      <object_component id="oc-177">
         <name>.debug_line</name>
         <load_address>0x142</load_address>
         <run_address>0x142</run_address>
         <size>0x51</size>
         <input_file_ref idref="fl-2"/>
      </object_component>
      <object_component id="oc-2c">
         <name>.debug_line</name>
         <load_address>0x193</load_address>
         <run_address>0x193</run_address>
         <size>0x70</size>
         <input_file_ref idref="fl-2"/>
      </object_component>
      <object_component id="oc-165">
         <name>.debug_line</name>
         <load_address>0x203</load_address>
         <run_address>0x203</run_address>
         <size>0x39</size>
         <input_file_ref idref="fl-2"/>
      </object_component>
      <object_component id="oc-110">
         <name>.debug_line</name>
         <load_address>0x23c</load_address>
         <run_address>0x23c</run_address>
         <size>0xc2</size>
         <input_file_ref idref="fl-2"/>
      </object_component>
      <object_component id="oc-10b">
         <name>.debug_line</name>
         <load_address>0x2fe</load_address>
         <run_address>0x2fe</run_address>
         <size>0x2f</size>
         <input_file_ref idref="fl-2"/>
      </object_component>
      <object_component id="oc-8b">
         <name>.debug_line</name>
         <load_address>0x32d</load_address>
         <run_address>0x32d</run_address>
         <size>0x20</size>
         <input_file_ref idref="fl-2"/>
      </object_component>
      <object_component id="oc-fd">
         <name>.debug_line</name>
         <load_address>0x34d</load_address>
         <run_address>0x34d</run_address>
         <size>0x33</size>
         <input_file_ref idref="fl-2"/>
      </object_component>
      <object_component id="oc-16c">
         <name>.debug_line</name>
         <load_address>0x380</load_address>
         <run_address>0x380</run_address>
         <size>0xc6</size>
         <input_file_ref idref="fl-2"/>
      </object_component>
      <object_component id="oc-162">
         <name>.debug_line</name>
         <load_address>0x446</load_address>
         <run_address>0x446</run_address>
         <size>0x20</size>
         <input_file_ref idref="fl-3"/>
      </object_component>
      <object_component id="oc-15f">
         <name>.debug_line</name>
         <load_address>0x466</load_address>
         <run_address>0x466</run_address>
         <size>0x39</size>
         <input_file_ref idref="fl-3"/>
      </object_component>
      <object_component id="oc-71">
         <name>.debug_line</name>
         <load_address>0x49f</load_address>
         <run_address>0x49f</run_address>
         <size>0x635</size>
         <input_file_ref idref="fl-3"/>
      </object_component>
      <object_component id="oc-170">
         <name>.debug_line</name>
         <load_address>0xad4</load_address>
         <run_address>0xad4</run_address>
         <size>0xc9</size>
         <input_file_ref idref="fl-4"/>
      </object_component>
      <object_component id="oc-118">
         <name>.debug_line</name>
         <load_address>0xb9d</load_address>
         <run_address>0xb9d</run_address>
         <size>0x30</size>
         <input_file_ref idref="fl-4"/>
      </object_component>
      <object_component id="oc-12f">
         <name>.debug_line</name>
         <load_address>0xbcd</load_address>
         <run_address>0xbcd</run_address>
         <size>0x63</size>
         <input_file_ref idref="fl-4"/>
      </object_component>
      <object_component id="oc-af">
         <name>.debug_line</name>
         <load_address>0xc30</load_address>
         <run_address>0xc30</run_address>
         <size>0x43</size>
         <input_file_ref idref="fl-5"/>
      </object_component>
      <object_component id="oc-24">
         <name>.debug_line</name>
         <load_address>0xc73</load_address>
         <run_address>0xc73</run_address>
         <size>0xbc</size>
         <input_file_ref idref="fl-6"/>
      </object_component>
      <object_component id="oc-f6">
         <name>.debug_line</name>
         <load_address>0xd2f</load_address>
         <run_address>0xd2f</run_address>
         <size>0x47</size>
         <input_file_ref idref="fl-c"/>
      </object_component>
      <object_component id="oc-11b">
         <name>.debug_line</name>
         <load_address>0xd76</load_address>
         <run_address>0xd76</run_address>
         <size>0x48</size>
         <input_file_ref idref="fl-d"/>
      </object_component>
      <object_component id="oc-8f">
         <name>.debug_line</name>
         <load_address>0xdbe</load_address>
         <run_address>0xdbe</run_address>
         <size>0x2a</size>
         <input_file_ref idref="fl-d"/>
      </object_component>
      <object_component id="oc-26">
         <name>.debug_line</name>
         <load_address>0xde8</load_address>
         <run_address>0xde8</run_address>
         <size>0x5d</size>
         <input_file_ref idref="fl-d"/>
      </object_component>
      <object_component id="oc-192">
         <name>.debug_line</name>
         <load_address>0xe45</load_address>
         <run_address>0xe45</run_address>
         <size>0xbf</size>
         <input_file_ref idref="fl-e"/>
      </object_component>
      <object_component id="oc-c6">
         <name>.debug_line</name>
         <load_address>0xf04</load_address>
         <run_address>0xf04</run_address>
         <size>0x8d</size>
         <input_file_ref idref="fl-e"/>
      </object_component>
      <object_component id="oc-195">
         <name>.debug_line</name>
         <load_address>0xf91</load_address>
         <run_address>0xf91</run_address>
         <size>0x2e</size>
         <input_file_ref idref="fl-e"/>
      </object_component>
      <object_component id="oc-1a1">
         <name>.debug_line</name>
         <load_address>0xfbf</load_address>
         <run_address>0xfbf</run_address>
         <size>0x9a</size>
         <input_file_ref idref="fl-e"/>
      </object_component>
      <object_component id="oc-158">
         <name>.debug_line</name>
         <load_address>0x1059</load_address>
         <run_address>0x1059</run_address>
         <size>0x97</size>
         <input_file_ref idref="fl-e"/>
      </object_component>
      <object_component id="oc-19a">
         <name>.debug_line</name>
         <load_address>0x10f0</load_address>
         <run_address>0x10f0</run_address>
         <size>0x93</size>
         <input_file_ref idref="fl-e"/>
      </object_component>
      <object_component id="oc-68">
         <name>.debug_line</name>
         <load_address>0x1183</load_address>
         <run_address>0x1183</run_address>
         <size>0x40</size>
         <input_file_ref idref="fl-f"/>
      </object_component>
      <object_component id="oc-13f">
         <name>.debug_line</name>
         <load_address>0x11c3</load_address>
         <run_address>0x11c3</run_address>
         <size>0x3b</size>
         <input_file_ref idref="fl-10"/>
      </object_component>
      <object_component id="oc-120">
         <name>.debug_line</name>
         <load_address>0x11fe</load_address>
         <run_address>0x11fe</run_address>
         <size>0x92</size>
         <input_file_ref idref="fl-12"/>
      </object_component>
      <object_component id="oc-98">
         <name>.debug_line</name>
         <load_address>0x1290</load_address>
         <run_address>0x1290</run_address>
         <size>0x20</size>
         <input_file_ref idref="fl-13"/>
      </object_component>
      <object_component id="oc-16">
         <name>.debug_line</name>
         <load_address>0x12b0</load_address>
         <run_address>0x12b0</run_address>
         <size>0x53</size>
         <input_file_ref idref="fl-13"/>
      </object_component>
      <object_component id="oc-3b">
         <name>.debug_line</name>
         <load_address>0x1303</load_address>
         <run_address>0x1303</run_address>
         <size>0x3a</size>
         <input_file_ref idref="fl-13"/>
      </object_component>
      <object_component id="oc-94">
         <name>.debug_line</name>
         <load_address>0x133d</load_address>
         <run_address>0x133d</run_address>
         <size>0x92</size>
         <input_file_ref idref="fl-13"/>
      </object_component>
      <object_component id="oc-124">
         <name>.debug_line</name>
         <load_address>0x13cf</load_address>
         <run_address>0x13cf</run_address>
         <size>0x92</size>
         <input_file_ref idref="fl-14"/>
      </object_component>
      <object_component id="oc-43">
         <name>.debug_line</name>
         <load_address>0x1461</load_address>
         <run_address>0x1461</run_address>
         <size>0xc6</size>
         <input_file_ref idref="fl-14"/>
      </object_component>
      <object_component id="oc-1d">
         <name>.debug_line</name>
         <load_address>0x1527</load_address>
         <run_address>0x1527</run_address>
         <size>0x49</size>
         <input_file_ref idref="fl-14"/>
      </object_component>
      <object_component id="oc-48">
         <name>.debug_line</name>
         <load_address>0x1570</load_address>
         <run_address>0x1570</run_address>
         <size>0x39</size>
         <input_file_ref idref="fl-14"/>
      </object_component>
      <object_component id="oc-127">
         <name>.debug_line</name>
         <load_address>0x15a9</load_address>
         <run_address>0x15a9</run_address>
         <size>0x9a</size>
         <input_file_ref idref="fl-14"/>
      </object_component>
      <object_component id="oc-a3">
         <name>.debug_line</name>
         <load_address>0x1643</load_address>
         <run_address>0x1643</run_address>
         <size>0x96</size>
         <input_file_ref idref="fl-14"/>
      </object_component>
      <object_component id="oc-1e0">
         <name>.debug_line</name>
         <load_address>0x16d9</load_address>
         <run_address>0x16d9</run_address>
         <size>0x90</size>
         <input_file_ref idref="fl-15"/>
      </object_component>
      <object_component id="oc-185">
         <name>.debug_line</name>
         <load_address>0x1769</load_address>
         <run_address>0x1769</run_address>
         <size>0x116</size>
         <input_file_ref idref="fl-15"/>
      </object_component>
      <object_component id="oc-1a5">
         <name>.debug_line</name>
         <load_address>0x187f</load_address>
         <run_address>0x187f</run_address>
         <size>0x20</size>
         <input_file_ref idref="fl-16"/>
      </object_component>
      <object_component id="oc-105">
         <name>.debug_line</name>
         <load_address>0x189f</load_address>
         <run_address>0x189f</run_address>
         <size>0x94</size>
         <input_file_ref idref="fl-16"/>
      </object_component>
      <object_component id="oc-76">
         <name>.debug_line</name>
         <load_address>0x1933</load_address>
         <run_address>0x1933</run_address>
         <size>0x5e</size>
         <input_file_ref idref="fl-17"/>
      </object_component>
      <object_component id="oc-1ab">
         <name>.debug_line</name>
         <load_address>0x1991</load_address>
         <run_address>0x1991</run_address>
         <size>0x51</size>
         <input_file_ref idref="fl-18"/>
      </object_component>
      <object_component id="oc-1dd">
         <name>.debug_line</name>
         <load_address>0x19e2</load_address>
         <run_address>0x19e2</run_address>
         <size>0x20</size>
         <input_file_ref idref="fl-19"/>
      </object_component>
      <object_component id="oc-17f">
         <name>.debug_line</name>
         <load_address>0x1a02</load_address>
         <run_address>0x1a02</run_address>
         <size>0x12a</size>
         <input_file_ref idref="fl-19"/>
      </object_component>
      <object_component id="oc-206">
         <name>.debug_line</name>
         <load_address>0x1b2c</load_address>
         <run_address>0x1b2c</run_address>
         <size>0x9a</size>
         <input_file_ref idref="fl-19"/>
      </object_component>
      <object_component id="oc-1f0">
         <name>.debug_line</name>
         <load_address>0x1bc6</load_address>
         <run_address>0x1bc6</run_address>
         <size>0x96</size>
         <input_file_ref idref="fl-19"/>
      </object_component>
      <object_component id="oc-18c">
         <name>.debug_line</name>
         <load_address>0x1c5c</load_address>
         <run_address>0x1c5c</run_address>
         <size>0x210</size>
         <input_file_ref idref="fl-1a"/>
      </object_component>
      <object_component id="oc-1c1">
         <name>.debug_line</name>
         <load_address>0x1e6c</load_address>
         <run_address>0x1e6c</run_address>
         <size>0x2c</size>
         <input_file_ref idref="fl-1a"/>
      </object_component>
      <object_component id="oc-1f5">
         <name>.debug_line</name>
         <load_address>0x1e98</load_address>
         <run_address>0x1e98</run_address>
         <size>0x9a</size>
         <input_file_ref idref="fl-1a"/>
      </object_component>
      <object_component id="oc-1c6">
         <name>.debug_line</name>
         <load_address>0x1f32</load_address>
         <run_address>0x1f32</run_address>
         <size>0x97</size>
         <input_file_ref idref="fl-1a"/>
      </object_component>
      <object_component id="oc-1bd">
         <name>.debug_line</name>
         <load_address>0x1fc9</load_address>
         <run_address>0x1fc9</run_address>
         <size>0x6b</size>
         <input_file_ref idref="fl-1b"/>
      </object_component>
      <object_component id="oc-1fa">
         <name>.debug_line</name>
         <load_address>0x2034</load_address>
         <run_address>0x2034</run_address>
         <size>0x9a</size>
         <input_file_ref idref="fl-1b"/>
      </object_component>
      <object_component id="oc-201">
         <name>.debug_line</name>
         <load_address>0x20ce</load_address>
         <run_address>0x20ce</run_address>
         <size>0x97</size>
         <input_file_ref idref="fl-1b"/>
      </object_component>
      <object_component id="oc-1eb">
         <name>.debug_line</name>
         <load_address>0x2165</load_address>
         <run_address>0x2165</run_address>
         <size>0x2c</size>
         <input_file_ref idref="fl-1b"/>
      </object_component>
      <object_component id="oc-1ca">
         <name>.debug_line</name>
         <load_address>0x2191</load_address>
         <run_address>0x2191</run_address>
         <size>0x29</size>
         <input_file_ref idref="fl-1c"/>
      </object_component>
      <object_component id="oc-148">
         <name>.debug_line</name>
         <load_address>0x21ba</load_address>
         <run_address>0x21ba</run_address>
         <size>0x74</size>
         <input_file_ref idref="fl-1c"/>
      </object_component>
      <object_component id="oc-1cd">
         <name>.debug_line</name>
         <load_address>0x222e</load_address>
         <run_address>0x222e</run_address>
         <size>0x29</size>
         <input_file_ref idref="fl-1c"/>
      </object_component>
      <object_component id="oc-1d2">
         <name>.debug_line</name>
         <load_address>0x2257</load_address>
         <run_address>0x2257</run_address>
         <size>0x92</size>
         <input_file_ref idref="fl-1c"/>
      </object_component>
      <object_component id="oc-13d">
         <name>.debug_line</name>
         <load_address>0x22e9</load_address>
         <run_address>0x22e9</run_address>
         <size>0x91</size>
         <input_file_ref idref="fl-1d"/>
      </object_component>
      <object_component id="oc-13a">
         <name>.debug_line</name>
         <load_address>0x237a</load_address>
         <run_address>0x237a</run_address>
         <size>0x2a</size>
         <input_file_ref idref="fl-1d"/>
      </object_component>
      <object_component id="oc-bb">
         <name>.debug_line</name>
         <load_address>0x23a4</load_address>
         <run_address>0x23a4</run_address>
         <size>0x3a</size>
         <input_file_ref idref="fl-1d"/>
      </object_component>
      <object_component id="oc-62">
         <name>.debug_line</name>
         <load_address>0x23de</load_address>
         <run_address>0x23de</run_address>
         <size>0x85</size>
         <input_file_ref idref="fl-1d"/>
      </object_component>
      <object_component id="oc-133">
         <name>.debug_line</name>
         <load_address>0x2463</load_address>
         <run_address>0x2463</run_address>
         <size>0x2f</size>
         <input_file_ref idref="fl-1e"/>
      </object_component>
      <object_component id="oc-58">
         <name>.debug_line</name>
         <load_address>0x2492</load_address>
         <run_address>0x2492</run_address>
         <size>0x4e</size>
         <input_file_ref idref="fl-1e"/>
      </object_component>
      <object_component id="oc-136">
         <name>.debug_line</name>
         <load_address>0x24e0</load_address>
         <run_address>0x24e0</run_address>
         <size>0x2f</size>
         <input_file_ref idref="fl-1e"/>
      </object_component>
      <object_component id="oc-37">
         <name>.debug_line</name>
         <load_address>0x250f</load_address>
         <run_address>0x250f</run_address>
         <size>0x4e</size>
         <input_file_ref idref="fl-20"/>
      </object_component>
      <object_component id="oc-1fe">
         <name>.debug_line</name>
         <load_address>0x255d</load_address>
         <run_address>0x255d</run_address>
         <size>0x20</size>
         <input_file_ref idref="fl-21"/>
      </object_component>
      <object_component id="oc-1b7">
         <name>.debug_line</name>
         <load_address>0x257d</load_address>
         <run_address>0x257d</run_address>
         <size>0x41</size>
         <input_file_ref idref="fl-21"/>
      </object_component>
      <object_component id="oc-1e4">
         <name>.debug_line</name>
         <load_address>0x25be</load_address>
         <run_address>0x25be</run_address>
         <size>0x97</size>
         <input_file_ref idref="fl-21"/>
      </object_component>
      <object_component id="oc-172">
         <name>.debug_line</name>
         <load_address>0x2655</load_address>
         <run_address>0x2655</run_address>
         <size>0x20</size>
         <input_file_ref idref="fl-22"/>
      </object_component>
      <object_component id="oc-9d">
         <name>.debug_line</name>
         <load_address>0x2675</load_address>
         <run_address>0x2675</run_address>
         <size>0x65</size>
         <input_file_ref idref="fl-22"/>
      </object_component>
      <object_component id="oc-176">
         <name>.debug_frame</name>
         <load_address>0x0</load_address>
         <run_address>0x0</run_address>
         <size>0x40</size>
         <input_file_ref idref="fl-2"/>
      </object_component>
      <object_component id="oc-2b">
         <name>.debug_frame</name>
         <load_address>0x40</load_address>
         <run_address>0x40</run_address>
         <size>0xf8</size>
         <input_file_ref idref="fl-2"/>
      </object_component>
      <object_component id="oc-70">
         <name>.debug_frame</name>
         <load_address>0x138</load_address>
         <run_address>0x138</run_address>
         <size>0x310</size>
         <input_file_ref idref="fl-3"/>
      </object_component>
      <object_component id="oc-130">
         <name>.debug_frame</name>
         <load_address>0x448</load_address>
         <run_address>0x448</run_address>
         <size>0x70</size>
         <input_file_ref idref="fl-4"/>
      </object_component>
      <object_component id="oc-b0">
         <name>.debug_frame</name>
         <load_address>0x4b8</load_address>
         <run_address>0x4b8</run_address>
         <size>0x40</size>
         <input_file_ref idref="fl-5"/>
      </object_component>
      <object_component id="oc-27">
         <name>.debug_frame</name>
         <load_address>0x4f8</load_address>
         <run_address>0x4f8</run_address>
         <size>0x38</size>
         <input_file_ref idref="fl-d"/>
      </object_component>
      <object_component id="oc-c3">
         <name>.debug_frame</name>
         <load_address>0x530</load_address>
         <run_address>0x530</run_address>
         <size>0x5c</size>
         <input_file_ref idref="fl-e"/>
      </object_component>
      <object_component id="oc-67">
         <name>.debug_frame</name>
         <load_address>0x58c</load_address>
         <run_address>0x58c</run_address>
         <size>0x3c</size>
         <input_file_ref idref="fl-f"/>
      </object_component>
      <object_component id="oc-143">
         <name>.debug_frame</name>
         <load_address>0x5c8</load_address>
         <run_address>0x5c8</run_address>
         <size>0x3c</size>
         <input_file_ref idref="fl-10"/>
      </object_component>
      <object_component id="oc-17">
         <name>.debug_frame</name>
         <load_address>0x604</load_address>
         <run_address>0x604</run_address>
         <size>0x3c</size>
         <input_file_ref idref="fl-13"/>
      </object_component>
      <object_component id="oc-44">
         <name>.debug_frame</name>
         <load_address>0x640</load_address>
         <run_address>0x640</run_address>
         <size>0x68</size>
         <input_file_ref idref="fl-14"/>
      </object_component>
      <object_component id="oc-1c">
         <name>.debug_frame</name>
         <load_address>0x6a8</load_address>
         <run_address>0x6a8</run_address>
         <size>0x3c</size>
         <input_file_ref idref="fl-14"/>
      </object_component>
      <object_component id="oc-186">
         <name>.debug_frame</name>
         <load_address>0x6e4</load_address>
         <run_address>0x6e4</run_address>
         <size>0x88</size>
         <input_file_ref idref="fl-15"/>
      </object_component>
      <object_component id="oc-106">
         <name>.debug_frame</name>
         <load_address>0x76c</load_address>
         <run_address>0x76c</run_address>
         <size>0x40</size>
         <input_file_ref idref="fl-16"/>
      </object_component>
      <object_component id="oc-77">
         <name>.debug_frame</name>
         <load_address>0x7ac</load_address>
         <run_address>0x7ac</run_address>
         <size>0x64</size>
         <input_file_ref idref="fl-17"/>
      </object_component>
      <object_component id="oc-1af">
         <name>.debug_frame</name>
         <load_address>0x810</load_address>
         <run_address>0x810</run_address>
         <size>0x44</size>
         <input_file_ref idref="fl-18"/>
      </object_component>
      <object_component id="oc-180">
         <name>.debug_frame</name>
         <load_address>0x854</load_address>
         <run_address>0x854</run_address>
         <size>0x40</size>
         <input_file_ref idref="fl-19"/>
      </object_component>
      <object_component id="oc-189">
         <name>.debug_frame</name>
         <load_address>0x894</load_address>
         <run_address>0x894</run_address>
         <size>0xac</size>
         <input_file_ref idref="fl-1a"/>
      </object_component>
      <object_component id="oc-1bc">
         <name>.debug_frame</name>
         <load_address>0x940</load_address>
         <run_address>0x940</run_address>
         <size>0x3c</size>
         <input_file_ref idref="fl-1b"/>
      </object_component>
      <object_component id="oc-149">
         <name>.debug_frame</name>
         <load_address>0x97c</load_address>
         <run_address>0x97c</run_address>
         <size>0x68</size>
         <input_file_ref idref="fl-1c"/>
      </object_component>
      <object_component id="oc-ba">
         <name>.debug_frame</name>
         <load_address>0x9e4</load_address>
         <run_address>0x9e4</run_address>
         <size>0x3c</size>
         <input_file_ref idref="fl-1d"/>
      </object_component>
      <object_component id="oc-5f">
         <name>.debug_frame</name>
         <load_address>0xa20</load_address>
         <run_address>0xa20</run_address>
         <size>0x4c</size>
         <input_file_ref idref="fl-1d"/>
      </object_component>
      <object_component id="oc-5c">
         <name>.debug_frame</name>
         <load_address>0xa6c</load_address>
         <run_address>0xa6c</run_address>
         <size>0x3c</size>
         <input_file_ref idref="fl-1e"/>
      </object_component>
      <object_component id="oc-1b3">
         <name>.debug_frame</name>
         <load_address>0xaa8</load_address>
         <run_address>0xaa8</run_address>
         <size>0x3c</size>
         <input_file_ref idref="fl-21"/>
      </object_component>
      <object_component id="oc-9e">
         <name>.debug_frame</name>
         <load_address>0xae4</load_address>
         <run_address>0xae4</run_address>
         <size>0x40</size>
         <input_file_ref idref="fl-22"/>
      </object_component>
      <object_component id="oc-108">
         <name>.debug_abbrev</name>
         <load_address>0x0</load_address>
         <run_address>0x0</run_address>
         <size>0xfd</size>
         <input_file_ref idref="fl-2"/>
      </object_component>
      <object_component id="oc-113">
         <name>.debug_abbrev</name>
         <load_address>0xfd</load_address>
         <run_address>0xfd</run_address>
         <size>0x29</size>
         <input_file_ref idref="fl-2"/>
      </object_component>
      <object_component id="oc-115">
         <name>.debug_abbrev</name>
         <load_address>0x126</load_address>
         <run_address>0x126</run_address>
         <size>0x29</size>
         <input_file_ref idref="fl-2"/>
      </object_component>
      <object_component id="oc-1a6">
         <name>.debug_abbrev</name>
         <load_address>0x14f</load_address>
         <run_address>0x14f</run_address>
         <size>0x5e</size>
         <input_file_ref idref="fl-2"/>
      </object_component>
      <object_component id="oc-88">
         <name>.debug_abbrev</name>
         <load_address>0x1ad</load_address>
         <run_address>0x1ad</run_address>
         <size>0x6f</size>
         <input_file_ref idref="fl-2"/>
      </object_component>
      <object_component id="oc-166">
         <name>.debug_abbrev</name>
         <load_address>0x21c</load_address>
         <run_address>0x21c</run_address>
         <size>0x9d</size>
         <input_file_ref idref="fl-2"/>
      </object_component>
      <object_component id="oc-111">
         <name>.debug_abbrev</name>
         <load_address>0x2b9</load_address>
         <run_address>0x2b9</run_address>
         <size>0x69</size>
         <input_file_ref idref="fl-2"/>
      </object_component>
      <object_component id="oc-10c">
         <name>.debug_abbrev</name>
         <load_address>0x322</load_address>
         <run_address>0x322</run_address>
         <size>0x38</size>
         <input_file_ref idref="fl-2"/>
      </object_component>
      <object_component id="oc-8c">
         <name>.debug_abbrev</name>
         <load_address>0x35a</load_address>
         <run_address>0x35a</run_address>
         <size>0x2e</size>
         <input_file_ref idref="fl-2"/>
      </object_component>
      <object_component id="oc-fe">
         <name>.debug_abbrev</name>
         <load_address>0x388</load_address>
         <run_address>0x388</run_address>
         <size>0x24</size>
         <input_file_ref idref="fl-2"/>
      </object_component>
      <object_component id="oc-16d">
         <name>.debug_abbrev</name>
         <load_address>0x3ac</load_address>
         <run_address>0x3ac</run_address>
         <size>0x35</size>
         <input_file_ref idref="fl-2"/>
      </object_component>
      <object_component id="oc-161">
         <name>.debug_abbrev</name>
         <load_address>0x3e1</load_address>
         <run_address>0x3e1</run_address>
         <size>0x4f</size>
         <input_file_ref idref="fl-3"/>
      </object_component>
      <object_component id="oc-15e">
         <name>.debug_abbrev</name>
         <load_address>0x430</load_address>
         <run_address>0x430</run_address>
         <size>0x27</size>
         <input_file_ref idref="fl-3"/>
      </object_component>
      <object_component id="oc-fa">
         <name>.debug_abbrev</name>
         <load_address>0x457</load_address>
         <run_address>0x457</run_address>
         <size>0x132</size>
         <input_file_ref idref="fl-3"/>
      </object_component>
      <object_component id="oc-16f">
         <name>.debug_abbrev</name>
         <load_address>0x589</load_address>
         <run_address>0x589</run_address>
         <size>0x96</size>
         <input_file_ref idref="fl-4"/>
      </object_component>
      <object_component id="oc-117">
         <name>.debug_abbrev</name>
         <load_address>0x61f</load_address>
         <run_address>0x61f</run_address>
         <size>0x29</size>
         <input_file_ref idref="fl-4"/>
      </object_component>
      <object_component id="oc-18d">
         <name>.debug_abbrev</name>
         <load_address>0x648</load_address>
         <run_address>0x648</run_address>
         <size>0x6c</size>
         <input_file_ref idref="fl-4"/>
      </object_component>
      <object_component id="oc-131">
         <name>.debug_abbrev</name>
         <load_address>0x6b4</load_address>
         <run_address>0x6b4</run_address>
         <size>0x54</size>
         <input_file_ref idref="fl-5"/>
      </object_component>
      <object_component id="oc-6a">
         <name>.debug_abbrev</name>
         <load_address>0x708</load_address>
         <run_address>0x708</run_address>
         <size>0x25</size>
         <input_file_ref idref="fl-6"/>
      </object_component>
      <object_component id="oc-160">
         <name>.debug_abbrev</name>
         <load_address>0x72d</load_address>
         <run_address>0x72d</run_address>
         <size>0x3e</size>
         <input_file_ref idref="fl-c"/>
      </object_component>
      <object_component id="oc-11a">
         <name>.debug_abbrev</name>
         <load_address>0x76b</load_address>
         <run_address>0x76b</run_address>
         <size>0x79</size>
         <input_file_ref idref="fl-d"/>
      </object_component>
      <object_component id="oc-8e">
         <name>.debug_abbrev</name>
         <load_address>0x7e4</load_address>
         <run_address>0x7e4</run_address>
         <size>0x29</size>
         <input_file_ref idref="fl-d"/>
      </object_component>
      <object_component id="oc-6b">
         <name>.debug_abbrev</name>
         <load_address>0x80d</load_address>
         <run_address>0x80d</run_address>
         <size>0x64</size>
         <input_file_ref idref="fl-d"/>
      </object_component>
      <object_component id="oc-191">
         <name>.debug_abbrev</name>
         <load_address>0x871</load_address>
         <run_address>0x871</run_address>
         <size>0xc0</size>
         <input_file_ref idref="fl-e"/>
      </object_component>
      <object_component id="oc-14a">
         <name>.debug_abbrev</name>
         <load_address>0x931</load_address>
         <run_address>0x931</run_address>
         <size>0x7e</size>
         <input_file_ref idref="fl-e"/>
      </object_component>
      <object_component id="oc-196">
         <name>.debug_abbrev</name>
         <load_address>0x9af</load_address>
         <run_address>0x9af</run_address>
         <size>0x24</size>
         <input_file_ref idref="fl-e"/>
      </object_component>
      <object_component id="oc-1a2">
         <name>.debug_abbrev</name>
         <load_address>0x9d3</load_address>
         <run_address>0x9d3</run_address>
         <size>0x24</size>
         <input_file_ref idref="fl-e"/>
      </object_component>
      <object_component id="oc-159">
         <name>.debug_abbrev</name>
         <load_address>0x9f7</load_address>
         <run_address>0x9f7</run_address>
         <size>0x24</size>
         <input_file_ref idref="fl-e"/>
      </object_component>
      <object_component id="oc-19b">
         <name>.debug_abbrev</name>
         <load_address>0xa1b</load_address>
         <run_address>0xa1b</run_address>
         <size>0x4b</size>
         <input_file_ref idref="fl-e"/>
      </object_component>
      <object_component id="oc-c0">
         <name>.debug_abbrev</name>
         <load_address>0xa66</load_address>
         <run_address>0xa66</run_address>
         <size>0x55</size>
         <input_file_ref idref="fl-f"/>
      </object_component>
      <object_component id="oc-18e">
         <name>.debug_abbrev</name>
         <load_address>0xabb</load_address>
         <run_address>0xabb</run_address>
         <size>0x53</size>
         <input_file_ref idref="fl-10"/>
      </object_component>
      <object_component id="oc-121">
         <name>.debug_abbrev</name>
         <load_address>0xb0e</load_address>
         <run_address>0xb0e</run_address>
         <size>0x24</size>
         <input_file_ref idref="fl-12"/>
      </object_component>
      <object_component id="oc-97">
         <name>.debug_abbrev</name>
         <load_address>0xb32</load_address>
         <run_address>0xb32</run_address>
         <size>0x37</size>
         <input_file_ref idref="fl-13"/>
      </object_component>
      <object_component id="oc-38">
         <name>.debug_abbrev</name>
         <load_address>0xb69</load_address>
         <run_address>0xb69</run_address>
         <size>0x74</size>
         <input_file_ref idref="fl-13"/>
      </object_component>
      <object_component id="oc-3c">
         <name>.debug_abbrev</name>
         <load_address>0xbdd</load_address>
         <run_address>0xbdd</run_address>
         <size>0x24</size>
         <input_file_ref idref="fl-13"/>
      </object_component>
      <object_component id="oc-95">
         <name>.debug_abbrev</name>
         <load_address>0xc01</load_address>
         <run_address>0xc01</run_address>
         <size>0x24</size>
         <input_file_ref idref="fl-13"/>
      </object_component>
      <object_component id="oc-123">
         <name>.debug_abbrev</name>
         <load_address>0xc25</load_address>
         <run_address>0xc25</run_address>
         <size>0x5d</size>
         <input_file_ref idref="fl-14"/>
      </object_component>
      <object_component id="oc-9f">
         <name>.debug_abbrev</name>
         <load_address>0xc82</load_address>
         <run_address>0xc82</run_address>
         <size>0x7b</size>
         <input_file_ref idref="fl-14"/>
      </object_component>
      <object_component id="oc-45">
         <name>.debug_abbrev</name>
         <load_address>0xcfd</load_address>
         <run_address>0xcfd</run_address>
         <size>0x66</size>
         <input_file_ref idref="fl-14"/>
      </object_component>
      <object_component id="oc-49">
         <name>.debug_abbrev</name>
         <load_address>0xd63</load_address>
         <run_address>0xd63</run_address>
         <size>0x24</size>
         <input_file_ref idref="fl-14"/>
      </object_component>
      <object_component id="oc-128">
         <name>.debug_abbrev</name>
         <load_address>0xd87</load_address>
         <run_address>0xd87</run_address>
         <size>0x35</size>
         <input_file_ref idref="fl-14"/>
      </object_component>
      <object_component id="oc-a4">
         <name>.debug_abbrev</name>
         <load_address>0xdbc</load_address>
         <run_address>0xdbc</run_address>
         <size>0x24</size>
         <input_file_ref idref="fl-14"/>
      </object_component>
      <object_component id="oc-1df">
         <name>.debug_abbrev</name>
         <load_address>0xde0</load_address>
         <run_address>0xde0</run_address>
         <size>0x68</size>
         <input_file_ref idref="fl-15"/>
      </object_component>
      <object_component id="oc-1b0">
         <name>.debug_abbrev</name>
         <load_address>0xe48</load_address>
         <run_address>0xe48</run_address>
         <size>0x7f</size>
         <input_file_ref idref="fl-15"/>
      </object_component>
      <object_component id="oc-1a4">
         <name>.debug_abbrev</name>
         <load_address>0xec7</load_address>
         <run_address>0xec7</run_address>
         <size>0x35</size>
         <input_file_ref idref="fl-16"/>
      </object_component>
      <object_component id="oc-168">
         <name>.debug_abbrev</name>
         <load_address>0xefc</load_address>
         <run_address>0xefc</run_address>
         <size>0x71</size>
         <input_file_ref idref="fl-16"/>
      </object_component>
      <object_component id="oc-107">
         <name>.debug_abbrev</name>
         <load_address>0xf6d</load_address>
         <run_address>0xf6d</run_address>
         <size>0x7f</size>
         <input_file_ref idref="fl-17"/>
      </object_component>
      <object_component id="oc-1de">
         <name>.debug_abbrev</name>
         <load_address>0xfec</load_address>
         <run_address>0xfec</run_address>
         <size>0x7f</size>
         <input_file_ref idref="fl-18"/>
      </object_component>
      <object_component id="oc-1dc">
         <name>.debug_abbrev</name>
         <load_address>0x106b</load_address>
         <run_address>0x106b</run_address>
         <size>0x37</size>
         <input_file_ref idref="fl-19"/>
      </object_component>
      <object_component id="oc-1a7">
         <name>.debug_abbrev</name>
         <load_address>0x10a2</load_address>
         <run_address>0x10a2</run_address>
         <size>0x71</size>
         <input_file_ref idref="fl-19"/>
      </object_component>
      <object_component id="oc-207">
         <name>.debug_abbrev</name>
         <load_address>0x1113</load_address>
         <run_address>0x1113</run_address>
         <size>0x35</size>
         <input_file_ref idref="fl-19"/>
      </object_component>
      <object_component id="oc-1f1">
         <name>.debug_abbrev</name>
         <load_address>0x1148</load_address>
         <run_address>0x1148</run_address>
         <size>0x24</size>
         <input_file_ref idref="fl-19"/>
      </object_component>
      <object_component id="oc-1be">
         <name>.debug_abbrev</name>
         <load_address>0x116c</load_address>
         <run_address>0x116c</run_address>
         <size>0x7f</size>
         <input_file_ref idref="fl-1a"/>
      </object_component>
      <object_component id="oc-1c2">
[...]
         </contents>
      </load_segment>
      <load_segment id="lg-23b" display="no" color="cyan">
         <name>SEGMENT_4</name>
         <load_address>0x11802d48</load_address>
         <run_address>0x11802d48</run_address>
         <size>0xa8</size>
         <flags>0x4</flags>
         <contents>
            <logical_group_ref idref="lg-6"/>
         </contents>
      </load_segment>
      <load_segment id="lg-23c" display="no" color="cyan">
         <name>SEGMENT_5</name>
         <run_address>0xc0000000</run_address>
         <size>0x5df00</size>
         <flags>0x6</flags>
         <contents>
            <logical_group_ref idref="lg-10"/>
         </contents>
      </load_segment>
   </logical_group_list>
   <placement_map>
      <memory_area display="yes" color="green">
         <name>VECTORS</name>
         <page_id>0x0</page_id>
         <origin>0x11800000</origin>
         <length>0x200</length>
         <used_space>0x200</used_space>
         <unused_space>0x0</unused_space>
         <attributes>RWIX</attributes>
         <usage_details>
            <allocated_space>
               <start_address>0x11800000</start_address>
               <size>0x200</size>
               <logical_group_ref idref="lg-2"/>
            </allocated_space>
         </usage_details>
      </memory_area>
      <memory_area display="yes" color="green">
         <name>DSPRAM</name>
         <page_id>0x0</page_id>
         <origin>0x11800200</origin>
         <length>0x3fe00</length>
         <used_space>0x2bf0</used_space>
         <unused_space>0x3d210</unused_space>
         <attributes>RWIX</attributes>
         <usage_details>
            <allocated_space>
               <start_address>0x11800200</start_address>
               <size>0x26c0</size>
               <logical_group_ref idref="lg-b"/>
            </allocated_space>
            <allocated_space>
               <start_address>0x118028c0</start_address>
               <size>0x400</size>
               <logical_group_ref idref="lg-9"/>
            </allocated_space>
            <allocated_space>
               <start_address>0x11802cc0</start_address>
               <size>0x4c</size>
               <logical_group_ref idref="lg-e"/>
            </allocated_space>
            <allocated_space>
               <start_address>0x11802d0c</start_address>
               <size>0x18</size>
               <logical_group_ref idref="lg-c"/>
            </allocated_space>
            <allocated_space>
               <start_address>0x11802d24</start_address>
               <size>0x10</size>
               <logical_group_ref idref="lg-3"/>
            </allocated_space>
            <allocated_space>
               <start_address>0x11802d34</start_address>
               <size>0xc</size>
               <logical_group_ref idref="lg-5"/>
            </allocated_space>
            <allocated_space>
               <start_address>0x11802d40</start_address>
               <size>0x8</size>
               <logical_group_ref idref="lg-d"/>
            </allocated_space>
            <allocated_space>
               <start_address>0x11802d48</start_address>
               <size>0xa8</size>
               <logical_group_ref idref="lg-6"/>
            </allocated_space>
            <available_space>
               <start_address>0x11802df0</start_address>
               <size>0x3d210</size>
            </available_space>
         </usage_details>
      </memory_area>
      <memory_area display="yes" color="green">
         <name>SHAREDRAM</name>
         <page_id>0x0</page_id>
         <origin>0x80000000</origin>
         <length>0x20000</length>
         <used_space>0x0</used_space>
         <unused_space>0x20000</unused_space>
         <attributes>RWIX</attributes>
         <usage_details>
         </usage_details>
      </memory_area>
      <memory_area display="yes" color="green">
         <name>SDRAM</name>
         <page_id>0x0</page_id>
         <origin>0xc0000000</origin>
         <length>0x8000000</length>
         <used_space>0x5df00</used_space>
         <unused_space>0x7fa2100</unused_space>
         <attributes>RWIX</attributes>
         <usage_details>
            <allocated_space>
               <start_address>0xc0000000</start_address>
               <size>0x5df00</size>
               <logical_group_ref idref="lg-10"/>
            </allocated_space>
            <available_space>
               <start_address>0xc005df00</start_address>
               <size>0x7fa2100</size>
            </available_space>
         </usage_details>
      </memory_area>
   </placement_map>
   <cptbl_list>
      <cptbl>
         <name>__TI_cinit_table</name>
         <cprec>
            <name>.fardata</name>
            <load_address>0x11802d48</load_address>
            <load_size>0x49</load_size>
            <run_address>0x11802cc0</run_address>
            <run_size>0x4c</run_size>
            <compression>rle</compression>
         </cprec>
         <cprec>
            <name>.neardata</name>
            <load_address>0x11802d91</load_address>
            <load_size>0xe</load_size>
            <run_address>0x11802d24</run_address>
            <run_size>0x10</run_size>
            <compression>rle</compression>
         </cprec>
         <cprec>
            <name>CE0</name>
            <load_address>0x11802d9f</load_address>
            <load_size>0xd</load_size>
            <run_address>0xc0000000</run_address>
            <run_size>0x5df00</run_size>
            <compression>rle</compression>
         </cprec>
         <cprec>
            <name>.bss</name>
            <load_address>0x11802dac</load_address>
            <load_size>0x9</load_size>
            <run_address>0x11802d34</run_address>
            <run_size>0xc</run_size>
            <compression>rle</compression>
         </cprec>
         <cprec>
            <name>.far</name>
            <load_address>0x11802db5</load_address>
            <load_size>0x9</load_size>
            <run_address>0x11802d40</run_address>
            <run_size>0x8</run_size>
            <compression>rle</compression>
         </cprec>
      </cptbl>
   </cptbl_list>
   <handler_table>
      <handler_table_name>__TI_handler_table</handler_table_name>
      <handler>
         <index>0x0</index>
         <name>__TI_decompress_rle24</name>
      </handler>
      <handler>
         <index>0x1</index>
         <name>__TI_decompress_none</name>
      </handler>
   </handler_table>
   <symbol_table>
      <symbol id="sm-1">
         <name>__TI_CINIT_Base</name>
         <value>0x11802dc8</value>
      </symbol>
      <symbol id="sm-2">
         <name>__TI_CINIT_Limit</name>
         <value>0x11802df0</value>
      </symbol>
      <symbol id="sm-3">
         <name>__TI_Handler_Table_Base</name>
         <value>0x11802dc0</value>
      </symbol>
      <symbol id="sm-4">
         <name>__TI_Handler_Table_Limit</name>
         <value>0x11802dc8</value>
      </symbol>
      <symbol id="sm-5">
         <name>binit</name>
         <value>0xffffffff</value>
      </symbol>
      <symbol id="sm-6">
         <name>__binit__</name>
         <value>0xffffffff</value>
      </symbol>
      <symbol id="sm-7">
         <name>__TI_STACK_SIZE</name>
         <value>0x400</value>
      </symbol>
      <symbol id="sm-8">
         <name>__TI_STACK_END</name>
         <value>0x11802cc0</value>
      </symbol>
      <symbol id="sm-9">
         <name>__c_args__</name>
         <value>0xffffffff</value>
      </symbol>
      <symbol id="sm-a">
         <name>__TI_pprof_out_hndl</name>
         <value>0xffffffff</value>
      </symbol>
      <symbol id="sm-b">
         <name>__TI_prof_data_start</name>
         <value>0xffffffff</value>
      </symbol>
      <symbol id="sm-c">
         <name>__TI_prof_data_size</name>
         <value>0xffffffff</value>
      </symbol>
      <symbol id="sm-68">
         <name>CodecDataIn</name>
         <value>0x11802d40</value>
      </symbol>
      <symbol id="sm-69">
         <name>CodecDataOut</name>
         <value>0x11802d44</value>
      </symbol>
      <symbol id="sm-6a">
         <name>xLeft</name>
         <value>0x11802d34</value>
      </symbol>
      <symbol id="sm-6b">
         <name>xRight</name>
         <value>0x11802d38</value>
      </symbol>
      <symbol id="sm-6c">
         <name>yLeft</name>
         <value>0x11802d3c</value>
      </symbol>
      <symbol id="sm-6d">
         <name>buffer</name>
         <value>0xc005dc00</value>
         <object_component_ref idref="oc-80"/>
      </symbol>
      <symbol id="sm-6e">
         <name>ZeroBuffer</name>
         <value>0x118026a0</value>
         <object_component_ref idref="oc-175"/>
      </symbol>
      <symbol id="sm-6f">
         <name>Codec_ISR</name>
         <value>0x118018e0</value>
         <object_component_ref idref="oc-2a"/>
      </symbol>
      <symbol id="sm-70">
         <name>index</name>
         <value>0x11802d28</value>
         <object_component_ref idref="oc-7d"/>
      </symbol>
      <symbol id="sm-71">
         <name>gain</name>
         <value>0x11802d2c</value>
         <object_component_ref idref="oc-7d"/>
      </symbol>
      <symbol id="sm-72">
         <name>oldest</name>
         <value>0x11802d24</value>
         <object_component_ref idref="oc-7d"/>
      </symbol>
      <symbol id="sm-118">
         <name>IsDataReady_UART2</name>
         <value>0x11800f70</value>
         <object_component_ref idref="oc-6c"/>
      </symbol>
      <symbol id="sm-119">
         <name>Write_UART2</name>
         <value>0x11800ee0</value>
         <object_component_ref idref="oc-6c"/>
      </symbol>
      <symbol id="sm-11a">
         <name>GetSampleFreq</name>
         <value>0x11800200</value>
         <object_component_ref idref="oc-6c"/>
      </symbol>
      <symbol id="sm-11b">
         <name>DSP_Init_EDMA</name>
         <value>0x1180022c</value>
         <object_component_ref idref="oc-6c"/>
      </symbol>
      <symbol id="sm-11c">
         <name>Reset_I2C</name>
         <value>0x11800544</value>
         <object_component_ref idref="oc-6c"/>
      </symbol>
      <symbol id="sm-11d">
         <name>ReadCodecData</name>
         <value>0x1180064c</value>
         <object_component_ref idref="oc-6c"/>
      </symbol>
      <symbol id="sm-11e">
         <name>CheckForOverrun</name>
         <value>0x11800694</value>
         <object_component_ref idref="oc-6c"/>
      </symbol>
      <symbol id="sm-11f">
         <name>ReadSwitches</name>
         <value>0x118003a8</value>
         <object_component_ref idref="oc-6c"/>
      </symbol>
      <symbol id="sm-120">
         <name>InitDigitalOutputs</name>
         <value>0x118003c4</value>
         <object_component_ref idref="oc-6c"/>
      </symbol>
      <symbol id="sm-121">
         <name>EnableInterrupts_EDMA</name>
         <value>0x11800484</value>
         <object_component_ref idref="oc-6c"/>
      </symbol>
      <symbol id="sm-122">
         <name>DSP_Init</name>
         <value>0x1180020c</value>
         <object_component_ref idref="oc-6c"/>
      </symbol>
      <symbol id="sm-123">
         <name>InitLEDs</name>
         <value>0x1180024c</value>
         <object_component_ref idref="oc-6c"/>
      </symbol>
      <symbol id="sm-124">
         <name>IsTxReady_UART2</name>
         <value>0x11800fa0</value>
         <object_component_ref idref="oc-6c"/>
      </symbol>
      <symbol id="sm-125">
         <name>Init_Interrupts_EDMA</name>
         <value>0x1180046c</value>
         <object_component_ref idref="oc-6c"/>
      </symbol>
      <symbol id="sm-126">
         <name>WriteDigitalOutputs</name>
         <value>0x118003d0</value>
         <object_component_ref idref="oc-6c"/>
      </symbol>
      <symbol id="sm-127">
         <name>Read_UART2</name>
         <value>0x11800f4c</value>
         <object_component_ref idref="oc-6c"/>
      </symbol>
      <symbol id="sm-128">
         <name>WriteCodecData</name>
         <value>0x1180066c</value>
         <object_component_ref idref="oc-6c"/>
      </symbol>
      <symbol id="sm-129">
         <name>Reset_AIC3106</name>
         <value>0x11800938</value>
         <object_component_ref idref="oc-6c"/>
      </symbol>
      <symbol id="sm-12a">
         <name>WriteLEDs</name>
         <value>0x118002c0</value>
         <object_component_ref idref="oc-6c"/>
      </symbol>
      <symbol id="sm-12b">
         <name>Init_Interrupts</name>
         <value>0x118003f0</value>
         <object_component_ref idref="oc-6c"/>
      </symbol>
      <symbol id="sm-12c">
         <name>wait</name>
         <value>0x118004c4</value>
         <object_component_ref idref="oc-6c"/>
      </symbol>
      <symbol id="sm-12d">
         <name>Init_McASP0</name>
         <value>0x11800ab4</value>
         <object_component_ref idref="oc-6c"/>
      </symbol>
      <symbol id="sm-12e">
         <name>AIC3106_write_reg</name>
         <value>0x118008f8</value>
         <object_component_ref idref="oc-6c"/>
      </symbol>
      <symbol id="sm-12f">
         <name>Init_UART2</name>
         <value>0x11800e34</value>
         <object_component_ref idref="oc-6c"/>
      </symbol>
      <symbol id="sm-130">
         <name>Init_I2C</name>
         <value>0x118004f4</value>
         <object_component_ref idref="oc-6c"/>
      </symbol>
      <symbol id="sm-131">
         <name>EnableInterrupts</name>
         <value>0x1180042c</value>
         <object_component_ref idref="oc-6c"/>
      </symbol>
      <symbol id="sm-132">
         <name>Puts_UART2</name>
         <value>0x11800f0c</value>
         <object_component_ref idref="oc-6c"/>
      </symbol>
      <symbol id="sm-133">
         <name>Init_AIC3106</name>
         <value>0x118006c0</value>
         <object_component_ref idref="oc-6c"/>
      </symbol>
      <symbol id="sm-134">
         <name>Write_I2C</name>
         <value>0x11800568</value>
         <object_component_ref idref="oc-6c"/>
      </symbol>
      <symbol id="sm-135">
         <name>SetSampleRate_AIC3106</name>
         <value>0x11800964</value>
         <object_component_ref idref="oc-6c"/>
      </symbol>
      <symbol id="sm-14c">
         <name>StartUp</name>
         <value>0x11801e00</value>
         <object_component_ref idref="oc-12b"/>
      </symbol>
      <symbol id="sm-14d">
         <name>Beta</name>
         <value>0xc0000000</value>
         <object_component_ref idref="oc-83"/>
      </symbol>
      <symbol id="sm-159">
         <name>main</name>
         <value>0x118028a0</value>
         <object_component_ref idref="oc-ad"/>
      </symbol>
      <symbol id="sm-179">
         <name>__c6xabi_divu</name>
         <value>0x118022a0</value>
         <object_component_ref idref="oc-f5"/>
      </symbol>
      <symbol id="sm-17a">
         <name>__divu</name>
         <value>0x118022a0</value>
         <object_component_ref idref="oc-f5"/>
      </symbol>
      <symbol id="sm-190">
         <name>_c_int00</name>
         <value>0x11802620</value>
         <object_component_ref idref="oc-1f"/>
      </symbol>
      <symbol id="sm-191">
         <name>_stack</name>
         <value>0x118028c0</value>
         <object_component_ref idref="oc-30"/>
      </symbol>
      <symbol id="sm-1b6">
         <name>__TI_auto_init_nobinit_nopinit</name>
         <value>0x118021e0</value>
         <object_component_ref idref="oc-c1"/>
      </symbol>
      <symbol id="sm-1bf">
         <name>_system_pre_init</name>
         <value>0x11802820</value>
         <object_component_ref idref="oc-63"/>
      </symbol>
      <symbol id="sm-1c8">
         <name>_system_post_cinit</name>
         <value>0x11802800</value>
         <object_component_ref idref="oc-13e"/>
      </symbol>
      <symbol id="sm-1e6">
         <name>__TI_decompress_none</name>
         <value>0x11802860</value>
         <object_component_ref idref="oc-12"/>
      </symbol>
      <symbol id="sm-211">
         <name>__TI_decompress_rle24</name>
         <value>0x11802880</value>
         <object_component_ref idref="oc-18"/>
      </symbol>
      <symbol id="sm-228">
         <name>cosl</name>
         <value>0x118015c0</value>
         <object_component_ref idref="oc-181"/>
      </symbol>
      <symbol id="sm-229">
         <name>cos</name>
         <value>0x118015c0</value>
         <object_component_ref idref="oc-181"/>
      </symbol>
      <symbol id="sm-237">
         <name>modfl</name>
         <value>0x11802360</value>
         <object_component_ref idref="oc-101"/>
      </symbol>
      <symbol id="sm-238">
         <name>modf</name>
         <value>0x11802360</value>
         <object_component_ref idref="oc-101"/>
      </symbol>
      <symbol id="sm-242">
         <name>__c6xabi_roundl</name>
         <value>0x118024e0</value>
         <object_component_ref idref="oc-72"/>
      </symbol>
      <symbol id="sm-243">
         <name>__c6xabi_nround</name>
         <value>0x118024e0</value>
         <object_component_ref idref="oc-72"/>
      </symbol>
      <symbol id="sm-24d">
         <name>__c6xabi_trunc</name>
         <value>0x118027e0</value>
         <object_component_ref idref="oc-1aa"/>
      </symbol>
      <symbol id="sm-24e">
         <name>__c6xabi_truncl</name>
         <value>0x118027e0</value>
         <object_component_ref idref="oc-1aa"/>
      </symbol>
      <symbol id="sm-26a">
         <name>__c6xabi_divf</name>
         <value>0x11801b80</value>
         <object_component_ref idref="oc-17b"/>
      </symbol>
      <symbol id="sm-28e">
         <name>__c6xabi_divd</name>
         <value>0x11800fe0</value>
         <object_component_ref idref="oc-187"/>
      </symbol>
      <symbol id="sm-2a6">
         <name>__TI_frcmpyd_div</name>
         <value>0x11802760</value>
         <object_component_ref idref="oc-1b8"/>
      </symbol>
      <symbol id="sm-2bf">
         <name>__TI_tls_init</name>
         <value>0x11802420</value>
         <object_component_ref idref="oc-144"/>
      </symbol>
      <symbol id="sm-2e0">
         <name>C$$EXIT</name>
         <value>0x11802840</value>
         <object_component_ref idref="oc-b8"/>
      </symbol>
      <symbol id="sm-2e1">
         <name>abort</name>
         <value>0x11802840</value>
         <object_component_ref idref="oc-b8"/>
      </symbol>
      <symbol id="sm-2e2">
         <name>exit</name>
         <value>0x11802020</value>
         <object_component_ref idref="oc-5d"/>
      </symbol>
      <symbol id="sm-2e3">
         <name>__TI_dtors_ptr</name>
         <value>0x11802d04</value>
         <object_component_ref idref="oc-b5"/>
      </symbol>
      <symbol id="sm-2e4">
         <name>__TI_cleanup_ptr</name>
         <value>0x11802d00</value>
         <object_component_ref idref="oc-b5"/>
      </symbol>
      <symbol id="sm-2e5">
         <name>__TI_enable_exit_profile_output</name>
         <value>0x11802d08</value>
         <object_component_ref idref="oc-b5"/>
      </symbol>
      <symbol id="sm-2f7">
         <name>_args_main</name>
         <value>0x118027a0</value>
         <object_component_ref idref="oc-57"/>
      </symbol>
      <symbol id="sm-301">
         <name>memcpy</name>
         <value>0x11802580</value>
         <object_component_ref idref="oc-33"/>
      </symbol>
      <symbol id="sm-313">
         <name>__c6xabi_llshru</name>
         <value>0x11802700</value>
         <object_component_ref idref="oc-1b2"/>
      </symbol>
      <symbol id="sm-323">
         <name>memset</name>
         <value>0x11802100</value>
         <object_component_ref idref="oc-99"/>
      </symbol>
      <symbol id="sm-324">
         <name>__TI_STATIC_BASE</name>
         <value>0x11802d24</value>
      </symbol>
      <symbol id="sm-326">
         <name>__TI_TLS_INIT_Base</name>
         <value>0x0</value>
      </symbol>
      <symbol id="sm-327">
         <name>__TI_TLS_INIT_Limit</name>
         <value>0x0</value>
      </symbol>
   </symbol_table>
   <title>Link successful</title>
</link_info>
