******************************************************************************
               TMS320C6x Linker PC v8.3.8                      
******************************************************************************
>> Linked Thu Sep 12 13:55:03 2024

OUTPUT FILE NAME:   <MyProject.out>
ENTRY POINT SYMBOL: "_c_int00"  address: 11801760


MEMORY CONFIGURATION

         name            origin    length      used     unused   attr    fill
----------------------  --------  ---------  --------  --------  ----  --------
  VECTORS               11800000   00000200  00000200  00000000  RWIX
  DSPRAM                11800200   0003fe00  00001b70  0003e290  RWIX
  SHAREDRAM             80000000   00020000  00000000  00020000  RWIX
  SDRAM                 c0000000   08000000  00000000  08000000  RWIX


SEGMENT ALLOCATION MAP

run origin  load origin   length   init length attrs members
----------  ----------- ---------- ----------- ----- -------
11800000    11800000    00001900   00001900    r-x
  11800000    11800000    00000200   00000200    r-x vectors
  11800200    11800200    00001700   00001700    r-x .text
11801900    11801900    00000400   00000000    rw-
  11801900    11801900    00000400   00000000    rw- .stack
11801d00    11801d00    00000018   00000018    r--
  11801d00    11801d00    00000018   00000018    r-- .switch
11801d18    11801d18    00000018   00000000    rw-
  11801d18    11801d18    0000000c   00000000    rw- .fardata
  11801d24    11801d24    00000008   00000000    rw- .far
  11801d2c    11801d2c    00000004   00000000    rw- .neardata
11801d30    11801d30    00000040   00000040    r--
  11801d30    11801d30    00000040   00000040    r-- .cinit


SECTION ALLOCATION MAP

 output                                  attributes/
section   page    origin      length       input sections
--------  ----  ----------  ----------   ----------------
vectors    0    11800000    00000200     
                  11800000    00000200     vectors.obj (vectors)

.neardata 
*          0    11801d2c    00000004     UNINITIALIZED
                  11801d2c    00000004     LCDK_Support_DSP.obj (.neardata)

.cinit     0    11801d30    00000040     
                  11801d30    0000000d     (.cinit..fardata.load) [load image, compression = rle]
                  11801d3d    00000009     (.cinit..far.load) [load image, compression = rle]
                  11801d46    00000009     (.cinit..neardata.load) [load image, compression = rle]
                  11801d4f    00000001     --HOLE-- [fill = 0]
                  11801d50    00000008     (__TI_handler_table)
                  11801d58    00000018     (__TI_cinit_table)

.stack     0    11801900    00000400     UNINITIALIZED
                  11801900    00000008     rts6740_elf.lib : boot.c.obj (.stack)
                  11801908    000003f8     --HOLE--

.text      0    11800200    00001700     
                  11800200    00000de0     LCDK_Support_DSP.obj (.text)
                  11800fe0    000001e0     ISRs.obj (.text:retain)
                  118011c0    00000100     rts6740_elf.lib : copy_decompress_rle.c.obj (.text:__TI_decompress_rle_core)
                  118012c0    000000e0                     : exit.c.obj (.text:exit)
                  118013a0    000000e0                     : memset.c.obj (.text:memset)
                  11801480    000000c0                     : autoinit.c.obj (.text:__TI_auto_init_nobinit_nopinit:__TI_auto_init_nobinit_nopinit)
                  11801540    000000c0                     : divu.asm.obj (.text:__divu)
                  11801600    000000c0                     : tls.c.obj (.text:tls:init:__TI_tls_init)
                  118016c0    000000a0                     : memcpy64.asm.obj (.text:memcpy)
                  11801760    00000080                     : boot.c.obj (.text:_c_int00)
                  118017e0    00000040                     : args_main.c.obj (.text:_args_main)
                  11801820    00000020     StartUp.obj (.text)
                  11801840    00000020     rts6740_elf.lib : startup.c.obj (.text:_system_post_cinit)
                  11801860    00000020                     : pre_init.c.obj (.text:_system_pre_init)
                  11801880    00000020                     : exit.c.obj (.text:abort)
                  118018a0    00000020                     : copy_decompress_none.c.obj (.text:decompress:none:__TI_decompress_none)
                  118018c0    00000020                     : copy_decompress_rle.c.obj (.text:decompress:rle24:__TI_decompress_rle24)
                  118018e0    00000020     main.obj (.text)

.switch    0    11801d00    00000018     
                  11801d00    00000018     LCDK_Support_DSP.obj (.switch:SetSampleRate_AIC3106)

.fardata   0    11801d18    0000000c     UNINITIALIZED
                  11801d18    0000000c     rts6740_elf.lib : exit.c.obj (.fardata)

.far       0    11801d24    00000008     UNINITIALIZED
                  11801d24    00000004     (.common:CodecDataIn)
                  11801d28    00000004     (.common:CodecDataOut)

MODULE SUMMARY

       Module                       code   ro data   rw data
       ------                       ----   -------   -------
    .\
       LCDK_Support_DSP.obj         3552   24        4      
       vectors.obj                  512    0         0      
       ISRs.obj                     480    0         8      
       StartUp.obj                  32     0         0      
       main.obj                     32     0         0      
    +--+----------------------------+------+---------+---------+
       Total:                       4608   24        12     
                                                            
    C:/ProgramData/App-V/883E8076-D99D-4911-93C4-940332A6BE1F/BFE39798-EFFD-4CAF-929B-E5A85FC35347/Root/ccs/tools/compiler/ti-cgt-c6000_8.3.8/lib/rts6740_elf.lib
       copy_decompress_rle.c.obj    288    0         0      
       exit.c.obj                   256    0         12     
       memset.c.obj                 224    0         0      
       autoinit.c.obj               192    0         0      
       divu.asm.obj                 192    0         0      
       tls.c.obj                    192    0         0      
       memcpy64.asm.obj             160    0         0      
       boot.c.obj                   128    0         0      
       args_main.c.obj              64     0         0      
       copy_decompress_none.c.obj   32     0         0      
       pre_init.c.obj               32     0         0      
       startup.c.obj                32     0         0      
    +--+----------------------------+------+---------+---------+
       Total:                       1792   0         12     
                                                            
       Stack:                       0      0         1024   
       Linker Generated:            0      63        0      
    +--+----------------------------+------+---------+---------+
       Grand Total:                 6400   87        1048   


LINKER GENERATED COPY TABLES

__TI_cinit_table @ 11801d58 records: 3, size/record: 8, table size: 24
	.fardata: load addr=11801d30, load size=0000000d bytes, run addr=11801d18, run size=0000000c bytes, compression=rle
	.far: load addr=11801d3d, load size=00000009 bytes, run addr=11801d24, run size=00000008 bytes, compression=rle
	.neardata: load addr=11801d46, load size=00000009 bytes, run addr=11801d2c, run size=00000004 bytes, compression=rle


LINKER GENERATED HANDLER TABLE

__TI_handler_table @ 11801d50 records: 2, size/record: 4, table size: 8
	index: 0, handler: __TI_decompress_rle24
	index: 1, handler: __TI_decompress_none


GLOBAL SYMBOLS: SORTED ALPHABETICALLY BY Name 

address   name                           
-------   ----                           
118008f8  AIC3106_write_reg              
11801880  C$$EXIT                        
11800694  CheckForOverrun                
11801d24  CodecDataIn                    
11801d28  CodecDataOut                   
11800fe0  Codec_ISR                      
1180020c  DSP_Init                       
1180022c  DSP_Init_EDMA                  
1180042c  EnableInterrupts               
11800484  EnableInterrupts_EDMA          
11800200  GetSampleFreq                  
118003c4  InitDigitalOutputs             
1180024c  InitLEDs                       
118006c0  Init_AIC3106                   
118004f4  Init_I2C                       
118003f0  Init_Interrupts                
1180046c  Init_Interrupts_EDMA           
11800ab4  Init_McASP0                    
11800e34  Init_UART2                     
11800f70  IsDataReady_UART2              
11800fa0  IsTxReady_UART2                
11800f0c  Puts_UART2                     
1180064c  ReadCodecData                  
118003a8  ReadSwitches                   
11800f4c  Read_UART2                     
11800938  Reset_AIC3106                  
11800544  Reset_I2C                      
11800964  SetSampleRate_AIC3106          
11801820  StartUp                        
1180066c  WriteCodecData                 
118003d0  WriteDigitalOutputs            
118002c0  WriteLEDs                      
11800568  Write_I2C                      
11800ee0  Write_UART2                    
11801d58  __TI_CINIT_Base                
11801d70  __TI_CINIT_Limit               
11801d50  __TI_Handler_Table_Base        
11801d58  __TI_Handler_Table_Limit       
11801d00  __TI_STACK_END                 
00000400  __TI_STACK_SIZE                
11801d2c  __TI_STATIC_BASE               
UNDEFED   __TI_TLS_INIT_Base             
UNDEFED   __TI_TLS_INIT_Limit            
11801480  __TI_auto_init_nobinit_nopinit 
11801d18  __TI_cleanup_ptr               
118018a0  __TI_decompress_none           
118018c0  __TI_decompress_rle24          
11801d1c  __TI_dtors_ptr                 
11801d20  __TI_enable_exit_profile_output
ffffffff  __TI_pprof_out_hndl            
ffffffff  __TI_prof_data_size            
ffffffff  __TI_prof_data_start           
11801600  __TI_tls_init                  
ffffffff  __binit__                      
11801540  __c6xabi_divu                  
ffffffff  __c_args__                     
11801540  __divu                         
118017e0  _args_main                     
11801760  _c_int00                       
11801900  _stack                         
11801840  _system_post_cinit             
11801860  _system_pre_init               
11801880  abort                          
ffffffff  binit                          
118012c0  exit                           
118018e0  main                           
118016c0  memcpy                         
118013a0  memset                         
118004c4  wait                           


GLOBAL SYMBOLS: SORTED BY Symbol Address 

address   name                           
-------   ----                           
00000400  __TI_STACK_SIZE                
11800200  GetSampleFreq                  
1180020c  DSP_Init                       
1180022c  DSP_Init_EDMA                  
1180024c  InitLEDs                       
118002c0  WriteLEDs                      
118003a8  ReadSwitches                   
118003c4  InitDigitalOutputs             
118003d0  WriteDigitalOutputs            
118003f0  Init_Interrupts                
1180042c  EnableInterrupts               
1180046c  Init_Interrupts_EDMA           
11800484  EnableInterrupts_EDMA          
118004c4  wait                           
118004f4  Init_I2C                       
11800544  Reset_I2C                      
11800568  Write_I2C                      
1180064c  ReadCodecData                  
1180066c  WriteCodecData                 
11800694  CheckForOverrun                
118006c0  Init_AIC3106                   
118008f8  AIC3106_write_reg              
11800938  Reset_AIC3106                  
11800964  SetSampleRate_AIC3106          
11800ab4  Init_McASP0                    
11800e34  Init_UART2                     
11800ee0  Write_UART2                    
11800f0c  Puts_UART2                     
11800f4c  Read_UART2                     
11800f70  IsDataReady_UART2              
11800fa0  IsTxReady_UART2                
11800fe0  Codec_ISR                      
118012c0  exit                           
118013a0  memset                         
11801480  __TI_auto_init_nobinit_nopinit 
11801540  __c6xabi_divu                  
11801540  __divu                         
11801600  __TI_tls_init                  
118016c0  memcpy                         
11801760  _c_int00                       
118017e0  _args_main                     
11801820  StartUp                        
11801840  _system_post_cinit             
11801860  _system_pre_init               
11801880  C$$EXIT                        
11801880  abort                          
118018a0  __TI_decompress_none           
118018c0  __TI_decompress_rle24          
118018e0  main                           
11801900  _stack                         
11801d00  __TI_STACK_END                 
11801d18  __TI_cleanup_ptr               
11801d1c  __TI_dtors_ptr                 
11801d20  __TI_enable_exit_profile_output
11801d24  CodecDataIn                    
11801d28  CodecDataOut                   
11801d2c  __TI_STATIC_BASE               
11801d50  __TI_Handler_Table_Base        
11801d58  __TI_CINIT_Base                
11801d58  __TI_Handler_Table_Limit       
11801d70  __TI_CINIT_Limit               
ffffffff  __TI_pprof_out_hndl            
ffffffff  __TI_prof_data_size            
ffffffff  __TI_prof_data_start           
ffffffff  __binit__                      
ffffffff  __c_args__                     
ffffffff  binit                          
UNDEFED   __TI_TLS_INIT_Base             
UNDEFED   __TI_TLS_INIT_Limit            

[69 symbols]
